192.168.1.10 - - [20/Apr/2026:06:58:29 +0000] "PUT /search?q=elastic HTTP/2.0" 400 1028723 "https://app.internal.local/" "Mozilla/5.0 (Macintosh; Intel Mac OS X 10_15_7)"
192.168.1.10 - admin [20/Apr/2026:06:58:36 +0000] "HEAD /admin HTTP/2.0" 401 373672
198.51.100.7 - admin [20/Apr/2026:06:58:43 +0000] "POST /api/users HTTP/1.1" 400 68983 "https://app.internal.local/" "Mozilla/5.0 (Macintosh; Intel Mac OS X 10_15_7)"
[Mon Apr 20 06:58:50.000000 2026] [pid 6256:tid 129448] [client 172.16.4.22:64570] [proxy_http:warn] AH01071: Got error 'Primary script unknown'
172.16.4.22 - mary [20/Apr/2026:06:58:57 +0000] "HEAD /login HTTP/2.0" 400 343160 "https://app.internal.local/" "curl/8.5.0"
198.51.100.7 - mary [20/Apr/2026:06:59:04 +0000] "POST /static/app.js HTTP/1.1" 301 606723
66.249.66.1 - admin [20/Apr/2026:06:59:11 +0000] "HEAD /api/orders HTTP/2.0" 204 406858 "https://app.internal.local/" "curl/8.5.0"
192.168.1.10 - svc_api [20/Apr/2026:06:59:18 +0000] "DELETE /static/app.js HTTP/1.1" 201 714535 "https://google.com/" "ELB-HealthChecker/2.0"
172.16.4.22 - svc_api [20/Apr/2026:06:59:25 +0000] "DELETE /search?q=elastic HTTP/2.0" 404 911339 "https://example.com/" "Mozilla/5.0 (Macintosh; Intel Mac OS X 10_15_7)"
10.0.0.5 - - [20/Apr/2026:06:59:32 +0000] "POST /search?q=elastic HTTP/2.0" 301 165365
203.0.113.9 - john [20/Apr/2026:06:59:39 +0000] "DELETE /checkout HTTP/2.0" 404 587506 "https://example.com/" "Mozilla/5.0 (Windows NT 10.0; Win64; x64)"
172.16.4.22 - - [20/Apr/2026:06:59:46 +0000] "PUT / HTTP/1.1" 304 - "https://example.com/" "ELB-HealthChecker/2.0"
172.16.4.22 - mary [20/Apr/2026:06:59:53 +0000] "DELETE /login HTTP/1.1" 200 842956 "https://app.internal.local/" "curl/8.5.0"
[Mon Apr 20 07:00:00.000000 2026] [pid 1125:tid 661167] [client 198.51.100.7:61569] [rewrite:error] File does not exist: /var/www/html/favicon.ico
66.249.66.1 - svc_api [20/Apr/2026:07:00:07 +0000] "POST /search?q=elastic HTTP/1.1" 401 832016 "https://app.internal.local/" "kube-probe/1.29"
203.0.113.9 - - [20/Apr/2026:07:00:14 +0000] "GET /search?q=elastic HTTP/2.0" 204 334657 "https://example.com/" "kube-probe/1.29"
66.249.66.1 - admin [20/Apr/2026:07:00:21 +0000] "DELETE /api/users HTTP/1.1" 404 64584 "-" "kube-probe/1.29"
192.168.1.10 - john [20/Apr/2026:07:00:28 +0000] "GET / HTTP/1.1" 502 899325
172.16.4.22 - john [20/Apr/2026:07:00:35 +0000] "POST /health HTTP/2.0" 401 227248 "-" "Mozilla/5.0 (Windows NT 10.0; Win64; x64)"
66.249.66.1 - svc_api [20/Apr/2026:07:00:42 +0000] "DELETE /admin HTTP/1.1" 404 874861 "https://app.internal.local/" "Mozilla/5.0 (Macintosh; Intel Mac OS X 10_15_7)"
66.249.66.1 - admin [20/Apr/2026:07:00:49 +0000] "HEAD /admin HTTP/1.1" 400 382603 "https://app.internal.local/" "Mozilla/5.0 (Windows NT 10.0; Win64; x64)"
203.0.113.9 - svc_api [20/Apr/2026:07:00:56 +0000] "DELETE /checkout HTTP/2.0" 200 636873
198.51.100.7 - svc_api [20/Apr/2026:07:01:03 +0000] "HEAD /api/users HTTP/1.1" 302 816938 "https://google.com/" "Mozilla/5.0 (Macintosh; Intel Mac OS X 10_15_7)"
[Mon Apr 20 07:01:10.000000 2026] [pid 1286:tid 744867] [client 66.249.66.1:25052] [proxy_http:error] AH01630: client denied by server configuration
10.0.0.5 - svc_api [20/Apr/2026:07:01:17 +0000] "PUT /api/users HTTP/2.0" 404 210140 "https://example.com/" "curl/8.5.0"
192.168.1.10 - admin [20/Apr/2026:07:01:24 +0000] "GET /health HTTP/1.1" 404 737709
192.168.1.10 - svc_api [20/Apr/2026:07:01:31 +0000] "GET /static/app.js HTTP/2.0" 401 704513 "https://example.com/" "kube-probe/1.29"
192.168.1.10 - - [20/Apr/2026:07:01:38 +0000] "PUT /admin HTTP/1.1" 201 952093 "https://google.com/" "Mozilla/5.0 (Macintosh; Intel Mac OS X 10_15_7)"
66.249.66.1 - - [20/Apr/2026:07:01:45 +0000] "GET /login HTTP/2.0" 502 869184 "https://example.com/" "kube-probe/1.29"
192.168.1.10 - - [20/Apr/2026:07:01:52 +0000] "HEAD / HTTP/1.1" 400 365705
198.51.100.7 - admin [20/Apr/2026:07:01:59 +0000] "POST /health HTTP/2.0" 304 - "https://app.internal.local/" "ELB-HealthChecker/2.0"
10.0.0.5 - john [20/Apr/2026:07:02:06 +0000] "PUT /health HTTP/1.1" 304 - "https://app.internal.local/" "Mozilla/5.0 (Macintosh; Intel Mac OS X 10_15_7)"
198.51.100.7 - john [20/Apr/2026:07:02:13 +0000] "GET /health HTTP/2.0" 401 597949 "-" "Mozilla/5.0 (Windows NT 10.0; Win64; x64)"
[Mon Apr 20 07:02:20.000000 2026] [pid 7298:tid 354244] [client 66.249.66.1:34143] [rewrite:notice] AH00126: Invalid URI in request
172.16.4.22 - john [20/Apr/2026:07:02:27 +0000] "POST / HTTP/1.1" 201 988309 "https://app.internal.local/" "curl/8.5.0"
66.249.66.1 - svc_api [20/Apr/2026:07:02:34 +0000] "DELETE /static/app.js HTTP/1.1" 403 149004 "https://google.com/" "kube-probe/1.29"
198.51.100.7 - mary [20/Apr/2026:07:02:41 +0000] "PUT /api/orders HTTP/2.0" 500 134899 "https://google.com/" "Mozilla/5.0 (Macintosh; Intel Mac OS X 10_15_7)"
192.168.1.10 - - [20/Apr/2026:07:02:48 +0000] "POST / HTTP/2.0" 500 52160
192.168.1.10 - mary [20/Apr/2026:07:02:55 +0000] "DELETE / HTTP/2.0" 201 617970 "-" "ELB-HealthChecker/2.0"
172.16.4.22 - mary [20/Apr/2026:07:03:02 +0000] "POST /api/orders HTTP/2.0" 201 420226 "https://example.com/" "Mozilla/5.0 (Macintosh; Intel Mac OS X 10_15_7)"
66.249.66.1 - john [20/Apr/2026:07:03:09 +0000] "POST /static/app.js HTTP/2.0" 500 953879 "https://example.com/" "kube-probe/1.29"
198.51.100.7 - john [20/Apr/2026:07:03:16 +0000] "GET /login HTTP/1.1" 200 757592
192.168.1.10 - admin [20/Apr/2026:07:03:23 +0000] "GET /search?q=elastic HTTP/1.1" 201 580029 "https://app.internal.local/" "ELB-HealthChecker/2.0"
[Mon Apr 20 07:03:30.000000 2026] [pid 2867:tid 862438] [client 192.168.1.10:54078] [authz_core:notice] File does not exist: /var/www/html/favicon.ico
10.0.0.5 - admin [20/Apr/2026:07:03:37 +0000] "POST /static/app.js HTTP/2.0" 201 351500 "https://example.com/" "ELB-HealthChecker/2.0"
66.249.66.1 - - [20/Apr/2026:07:03:44 +0000] "HEAD /api/users HTTP/1.1" 302 740705
10.0.0.5 - svc_api [20/Apr/2026:07:03:51 +0000] "DELETE /checkout HTTP/1.1" 301 807853 "https://app.internal.local/" "kube-probe/1.29"
10.0.0.5 - admin [20/Apr/2026:07:03:58 +0000] "GET /search?q=elastic HTTP/1.1" 204 1033014 "https://example.com/" "kube-probe/1.29"
198.51.100.7 - - [20/Apr/2026:07:04:05 +0000] "PUT /health HTTP/2.0" 502 1029184 "https://google.com/" "kube-probe/1.29"
192.168.1.10 - mary [20/Apr/2026:07:04:12 +0000] "POST /login HTTP/1.1" 200 1027177
172.16.4.22 - admin [20/Apr/2026:07:04:19 +0000] "POST /api/users HTTP/1.1" 404 453786 "https://app.internal.local/" "curl/8.5.0"
198.51.100.7 - svc_api [20/Apr/2026:07:04:26 +0000] "HEAD /search?q=elastic HTTP/2.0" 204 99382 "-" "Mozilla/5.0 (Windows NT 10.0; Win64; x64)"
10.0.0.5 - svc_api [20/Apr/2026:07:04:33 +0000] "HEAD /api/users HTTP/2.0" 400 769194 "https://google.com/" "Mozilla/5.0 (Macintosh; Intel Mac OS X 10_15_7)"
[Mon Apr 20 07:04:40.000000 2026] [pid 2701:tid 525235] [client 203.0.113.9:29017] [rewrite:notice] File does not exist: /var/www/html/favicon.ico
198.51.100.7 - svc_api [20/Apr/2026:07:04:47 +0000] "DELETE /checkout HTTP/1.1" 500 556673 "https://example.com/" "kube-probe/1.29"
10.0.0.5 - svc_api [20/Apr/2026:07:04:54 +0000] "HEAD /search?q=elastic HTTP/2.0" 200 92165 "https://app.internal.local/" "curl/8.5.0"
203.0.113.9 - svc_api [20/Apr/2026:07:05:01 +0000] "POST /api/orders HTTP/1.1" 400 453372 "https://app.internal.local/" "kube-probe/1.29"
198.51.100.7 - admin [20/Apr/2026:07:05:08 +0000] "GET /api/users HTTP/2.0" 500 416490
192.168.1.10 - svc_api [20/Apr/2026:07:05:15 +0000] "PUT /api/orders HTTP/1.1" 403 961430 "-" "kube-probe/1.29"
172.16.4.22 - admin [20/Apr/2026:07:05:22 +0000] "HEAD /api/users HTTP/2.0" 404 561591 "-" "curl/8.5.0"
172.16.4.22 - mary [20/Apr/2026:07:05:29 +0000] "HEAD /admin HTTP/2.0" 401 159811 "https://app.internal.local/" "Mozilla/5.0 (Windows NT 10.0; Win64; x64)"
198.51.100.7 - svc_api [20/Apr/2026:07:05:36 +0000] "DELETE /health HTTP/1.1" 403 879460
10.0.0.5 - admin [20/Apr/2026:07:05:43 +0000] "PUT /search?q=elastic HTTP/1.1" 304 - "-" "Mozilla/5.0 (Macintosh; Intel Mac OS X 10_15_7)"
[Mon Apr 20 07:05:50.000000 2026] [pid 5766:tid 230860] [client 203.0.113.9:8191] [rewrite:warn] AH00126: Invalid URI in request
198.51.100.7 - admin [20/Apr/2026:07:05:57 +0000] "POST /login HTTP/1.1" 404 1003886 "https://google.com/" "kube-probe/1.29"
172.16.4.22 - - [20/Apr/2026:07:06:04 +0000] "HEAD /search?q=elastic HTTP/2.0" 201 679898
192.168.1.10 - mary [20/Apr/2026:07:06:11 +0000] "HEAD /checkout HTTP/1.1" 200 915566 "https://google.com/" "Mozilla/5.0 (Macintosh; Intel Mac OS X 10_15_7)"
192.168.1.10 - admin [20/Apr/2026:07:06:18 +0000] "POST /health HTTP/2.0" 404 738323 "https://example.com/" "ELB-HealthChecker/2.0"
203.0.113.9 - admin [20/Apr/2026:07:06:25 +0000] "DELETE /static/app.js HTTP/2.0" 200 657010 "https://example.com/" "Mozilla/5.0 (Macintosh; Intel Mac OS X 10_15_7)"
10.0.0.5 - admin [20/Apr/2026:07:06:32 +0000] "POST / HTTP/1.1" 201 766719
10.0.0.5 - mary [20/Apr/2026:07:06:39 +0000] "GET /login HTTP/2.0" 500 38003 "https://app.internal.local/" "Mozilla/5.0 (Windows NT 10.0; Win64; x64)"
10.0.0.5 - admin [20/Apr/2026:07:06:46 +0000] "GET /checkout HTTP/2.0" 204 1043939 "https://example.com/" "curl/8.5.0"
10.0.0.5 - john [20/Apr/2026:07:06:53 +0000] "DELETE /api/users HTTP/1.1" 500 588154 "-" "kube-probe/1.29"
[Mon Apr 20 07:07:00.000000 2026] [pid 3754:tid 143880] [client 192.168.1.10:52303] [rewrite:notice] AH01071: Got error 'Primary script unknown'
192.168.1.10 - john [20/Apr/2026:07:07:07 +0000] "PUT /api/orders HTTP/2.0" 500 745223 "https://app.internal.local/" "curl/8.5.0"
172.16.4.22 - admin [20/Apr/2026:07:07:14 +0000] "DELETE /static/app.js HTTP/1.1" 401 991224 "https://google.com/" "Mozilla/5.0 (Macintosh; Intel Mac OS X 10_15_7)"
66.249.66.1 - mary [20/Apr/2026:07:07:21 +0000] "DELETE /login HTTP/2.0" 302 410142 "https://google.com/" "kube-probe/1.29"
66.249.66.1 - svc_api [20/Apr/2026:07:07:28 +0000] "PUT / HTTP/2.0" 403 947212
203.0.113.9 - john [20/Apr/2026:07:07:35 +0000] "PUT /health HTTP/2.0" 304 - "https://example.com/" "Mozilla/5.0 (Windows NT 10.0; Win64; x64)"
172.16.4.22 - - [20/Apr/2026:07:07:42 +0000] "PUT /checkout HTTP/2.0" 403 1022673 "https://app.internal.local/" "Mozilla/5.0 (Windows NT 10.0; Win64; x64)"
198.51.100.7 - john [20/Apr/2026:07:07:49 +0000] "PUT /search?q=elastic HTTP/1.1" 302 588962 "https://example.com/" "Mozilla/5.0 (Windows NT 10.0; Win64; x64)"
66.249.66.1 - admin [20/Apr/2026:07:07:56 +0000] "DELETE /api/orders HTTP/2.0" 401 226438
203.0.113.9 - svc_api [20/Apr/2026:07:08:03 +0000] "PUT /search?q=elastic HTTP/2.0" 301 161870 "-" "kube-probe/1.29"
[Mon Apr 20 07:08:10.000000 2026] [pid 8745:tid 482644] [client 198.51.100.7:31891] [core:notice] AH01630: client denied by server configuration
10.0.0.5 - john [20/Apr/2026:07:08:17 +0000] "DELETE /search?q=elastic HTTP/1.1" 500 869516 "https://google.com/" "Mozilla/5.0 (Windows NT 10.0; Win64; x64)"
10.0.0.5 - svc_api [20/Apr/2026:07:08:24 +0000] "HEAD /static/app.js HTTP/1.1" 304 -
192.168.1.10 - mary [20/Apr/2026:07:08:31 +0000] "PUT / HTTP/2.0" 502 33549 "https://example.com/" "ELB-HealthChecker/2.0"
172.16.4.22 - svc_api [20/Apr/2026:07:08:38 +0000] "DELETE /api/orders HTTP/1.1" 200 480247 "https://example.com/" "Mozilla/5.0 (Windows NT 10.0; Win64; x64)"
10.0.0.5 - admin [20/Apr/2026:07:08:45 +0000] "POST / HTTP/2.0" 401 238436 "https://app.internal.local/" "curl/8.5.0"
198.51.100.7 - mary [20/Apr/2026:07:08:52 +0000] "PUT /static/app.js HTTP/1.1" 301 589658
192.168.1.10 - - [20/Apr/2026:07:08:59 +0000] "DELETE /api/orders HTTP/2.0" 403 1041153 "https://google.com/" "Mozilla/5.0 (Macintosh; Intel Mac OS X 10_15_7)"
172.16.4.22 - - [20/Apr/2026:07:09:06 +0000] "POST / HTTP/2.0" 304 - "-" "curl/8.5.0"
198.51.100.7 - - [20/Apr/2026:07:09:13 +0000] "PUT /api/users HTTP/2.0" 301 927814 "-" "curl/8.5.0"
[Mon Apr 20 07:09:20.000000 2026] [pid 8602:tid 725606] [client 172.16.4.22:51603] [proxy_http:error] AH00126: Invalid URI in request
198.51.100.7 - mary [20/Apr/2026:07:09:27 +0000] "POST /login HTTP/1.1" 201 149265 "https://example.com/" "Mozilla/5.0 (Windows NT 10.0; Win64; x64)"
198.51.100.7 - - [20/Apr/2026:07:09:34 +0000] "PUT /api/orders HTTP/2.0" 304 - "https://example.com/" "kube-probe/1.29"
172.16.4.22 - john [20/Apr/2026:07:09:41 +0000] "HEAD /checkout HTTP/2.0" 204 845402 "https://google.com/" "Mozilla/5.0 (Macintosh; Intel Mac OS X 10_15_7)"
66.249.66.1 - - [20/Apr/2026:07:09:48 +0000] "HEAD /static/app.js HTTP/2.0" 301 554323
10.0.0.5 - admin [20/Apr/2026:07:09:55 +0000] "PUT /static/app.js HTTP/2.0" 304 - "-" "Mozilla/5.0 (Windows NT 10.0; Win64; x64)"
66.249.66.1 - svc_api [20/Apr/2026:07:10:02 +0000] "GET /login HTTP/1.1" 304 - "-" "Mozilla/5.0 (Macintosh; Intel Mac OS X 10_15_7)"
203.0.113.9 - mary [20/Apr/2026:07:10:09 +0000] "PUT /static/app.js HTTP/2.0" 500 230722 "https://app.internal.local/" "Mozilla/5.0 (Macintosh; Intel Mac OS X 10_15_7)"
203.0.113.9 - john [20/Apr/2026:07:10:16 +0000] "DELETE /api/orders HTTP/1.1" 400 477880
10.0.0.5 - john [20/Apr/2026:07:10:23 +0000] "DELETE /health HTTP/2.0" 201 1046271 "https://example.com/" "Mozilla/5.0 (Macintosh; Intel Mac OS X 10_15_7)"
[Mon Apr 20 07:10:30.000000 2026] [pid 6201:tid 970795] [client 203.0.113.9:25570] [rewrite:notice] AH01071: Got error 'Primary script unknown'
203.0.113.9 - mary [20/Apr/2026:07:10:37 +0000] "GET /api/orders HTTP/2.0" 200 538768 "https://google.com/" "ELB-HealthChecker/2.0"
192.168.1.10 - admin [20/Apr/2026:07:10:44 +0000] "DELETE /checkout HTTP/1.1" 200 617894
198.51.100.7 - - [20/Apr/2026:07:10:51 +0000] "DELETE /api/users HTTP/1.1" 404 872805 "https://app.internal.local/" "curl/8.5.0"
192.168.1.10 - john [20/Apr/2026:07:10:58 +0000] "HEAD /static/app.js HTTP/1.1" 400 781027 "https://app.internal.local/" "Mozilla/5.0 (Macintosh; Intel Mac OS X 10_15_7)"
172.16.4.22 - mary [20/Apr/2026:07:11:05 +0000] "GET /static/app.js HTTP/1.1" 204 958916 "https://app.internal.local/" "kube-probe/1.29"
10.0.0.5 - - [20/Apr/2026:07:11:12 +0000] "POST /api/users HTTP/2.0" 301 868115
198.51.100.7 - admin [20/Apr/2026:07:11:19 +0000] "HEAD / HTTP/2.0" 403 360994 "-" "Mozilla/5.0 (Windows NT 10.0; Win64; x64)"
66.249.66.1 - john [20/Apr/2026:07:11:26 +0000] "GET /api/orders HTTP/2.0" 404 855663 "https://example.com/" "kube-probe/1.29"
172.16.4.22 - mary [20/Apr/2026:07:11:33 +0000] "GET /api/orders HTTP/1.1" 502 249205 "-" "curl/8.5.0"
[Mon Apr 20 07:11:40.000000 2026] [pid 5183:tid 238951] [client 203.0.113.9:24735] [authz_core:warn] AH00126: Invalid URI in request
203.0.113.9 - john [20/Apr/2026:07:11:47 +0000] "HEAD /login HTTP/1.1" 502 347445 "https://google.com/" "ELB-HealthChecker/2.0"
192.168.1.10 - mary [20/Apr/2026:07:11:54 +0000] "PUT /api/users HTTP/1.1" 403 892289 "https://example.com/" "Mozilla/5.0 (Windows NT 10.0; Win64; x64)"
10.0.0.5 - svc_api [20/Apr/2026:07:12:01 +0000] "HEAD /static/app.js HTTP/1.1" 201 929786 "-" "curl/8.5.0"
66.249.66.1 - admin [20/Apr/2026:07:12:08 +0000] "DELETE /admin HTTP/1.1" 500 673847
192.168.1.10 - mary [20/Apr/2026:07:12:15 +0000] "GET /checkout HTTP/1.1" 500 613061 "-" "kube-probe/1.29"
198.51.100.7 - john [20/Apr/2026:07:12:22 +0000] "DELETE /static/app.js HTTP/1.1" 401 224126 "https://example.com/" "ELB-HealthChecker/2.0"
192.168.1.10 - svc_api [20/Apr/2026:07:12:29 +0000] "POST /login HTTP/1.1" 502 527993 "https://app.internal.local/" "curl/8.5.0"
198.51.100.7 - john [20/Apr/2026:07:12:36 +0000] "POST /login HTTP/1.1" 400 594872
192.168.1.10 - mary [20/Apr/2026:07:12:43 +0000] "DELETE /api/users HTTP/2.0" 400 815926 "https://app.internal.local/" "Mozilla/5.0 (Macintosh; Intel Mac OS X 10_15_7)"
[Mon Apr 20 07:12:50.000000 2026] [pid 1440:tid 476422] [client 10.0.0.5:38043] [rewrite:warn] File does not exist: /var/www/html/favicon.ico
203.0.113.9 - mary [20/Apr/2026:07:12:57 +0000] "PUT /login HTTP/2.0" 301 59343 "https://google.com/" "Mozilla/5.0 (Windows NT 10.0; Win64; x64)"
172.16.4.22 - - [20/Apr/2026:07:13:04 +0000] "GET /api/orders HTTP/1.1" 204 813934
66.249.66.1 - svc_api [20/Apr/2026:07:13:11 +0000] "HEAD /api/users HTTP/2.0" 403 642810 "-" "curl/8.5.0"
66.249.66.1 - mary [20/Apr/2026:07:13:18 +0000] "PUT / HTTP/1.1" 404 331688 "https://app.internal.local/" "kube-probe/1.29"
203.0.113.9 - - [20/Apr/2026:07:13:25 +0000] "POST / HTTP/2.0" 200 634075 "https://example.com/" "Mozilla/5.0 (Windows NT 10.0; Win64; x64)"
203.0.113.9 - svc_api [20/Apr/2026:07:13:32 +0000] "PUT /health HTTP/1.1" 403 745640
66.249.66.1 - john [20/Apr/2026:07:13:39 +0000] "POST /checkout HTTP/1.1" 200 79305 "https://example.com/" "ELB-HealthChecker/2.0"
66.249.66.1 - john [20/Apr/2026:07:13:46 +0000] "DELETE /api/orders HTTP/1.1" 200 913794 "https://google.com/" "Mozilla/5.0 (Macintosh; Intel Mac OS X 10_15_7)"
10.0.0.5 - john [20/Apr/2026:07:13:53 +0000] "PUT /checkout HTTP/1.1" 201 572109 "https://google.com/" "curl/8.5.0"
[Mon Apr 20 07:14:00.000000 2026] [pid 3439:tid 103063] [client 192.168.1.10:16426] [proxy_http:warn] AH01071: Got error 'Primary script unknown'
10.0.0.5 - - [20/Apr/2026:07:14:07 +0000] "HEAD /api/users HTTP/1.1" 500 405641 "-" "kube-probe/1.29"
10.0.0.5 - svc_api [20/Apr/2026:07:14:14 +0000] "GET /api/users HTTP/1.1" 500 984115 "https://app.internal.local/" "curl/8.5.0"
66.249.66.1 - svc_api [20/Apr/2026:07:14:21 +0000] "HEAD / HTTP/2.0" 502 535188 "https://google.com/" "kube-probe/1.29"
203.0.113.9 - svc_api [20/Apr/2026:07:14:28 +0000] "POST / HTTP/1.1" 200 370884
10.0.0.5 - - [20/Apr/2026:07:14:35 +0000] "PUT /login HTTP/1.1" 401 957810 "-" "kube-probe/1.29"
192.168.1.10 - svc_api [20/Apr/2026:07:14:42 +0000] "POST /health HTTP/2.0" 200 833167 "https://google.com/" "Mozilla/5.0 (Macintosh; Intel Mac OS X 10_15_7)"
10.0.0.5 - john [20/Apr/2026:07:14:49 +0000] "DELETE / HTTP/2.0" 201 802016 "-" "ELB-HealthChecker/2.0"
192.168.1.10 - admin [20/Apr/2026:07:14:56 +0000] "PUT /health HTTP/2.0" 302 980266
172.16.4.22 - svc_api [20/Apr/2026:07:15:03 +0000] "HEAD /admin HTTP/1.1" 404 414756 "https://google.com/" "Mozilla/5.0 (Windows NT 10.0; Win64; x64)"
[Mon Apr 20 07:15:10.000000 2026] [pid 7381:tid 962666] [client 192.168.1.10:40348] [proxy_http:warn] AH00126: Invalid URI in request
203.0.113.9 - - [20/Apr/2026:07:15:17 +0000] "POST /admin HTTP/2.0" 502 717718 "-" "ELB-HealthChecker/2.0"
198.51.100.7 - svc_api [20/Apr/2026:07:15:24 +0000] "POST /checkout HTTP/1.1" 404 371709
203.0.113.9 - - [20/Apr/2026:07:15:31 +0000] "POST /checkout HTTP/2.0" 401 570443 "https://example.com/" "Mozilla/5.0 (Macintosh; Intel Mac OS X 10_15_7)"
172.16.4.22 - mary [20/Apr/2026:07:15:38 +0000] "DELETE /api/users HTTP/2.0" 201 205218 "https://app.internal.local/" "Mozilla/5.0 (Windows NT 10.0; Win64; x64)"
192.168.1.10 - john [20/Apr/2026:07:15:45 +0000] "POST /api/users HTTP/2.0" 500 399397 "-" "Mozilla/5.0 (Windows NT 10.0; Win64; x64)"
172.16.4.22 - svc_api [20/Apr/2026:07:15:52 +0000] "DELETE /api/orders HTTP/2.0" 400 214861
66.249.66.1 - john [20/Apr/2026:07:15:59 +0000] "GET /health HTTP/1.1" 201 844785 "https://app.internal.local/" "kube-probe/1.29"
192.168.1.10 - mary [20/Apr/2026:07:16:06 +0000] "POST /login HTTP/2.0" 204 309996 "https://example.com/" "Mozilla/5.0 (Macintosh; Intel Mac OS X 10_15_7)"
198.51.100.7 - svc_api [20/Apr/2026:07:16:13 +0000] "HEAD /checkout HTTP/1.1" 400 274775 "https://app.internal.local/" "Mozilla/5.0 (Macintosh; Intel Mac OS X 10_15_7)"
[Mon Apr 20 07:16:20.000000 2026] [pid 5100:tid 507160] [client 172.16.4.22:25738] [rewrite:notice] AH00126: Invalid URI in request
192.168.1.10 - john [20/Apr/2026:07:16:27 +0000] "DELETE /search?q=elastic HTTP/1.1" 200 29801 "https://google.com/" "ELB-HealthChecker/2.0"
10.0.0.5 - svc_api [20/Apr/2026:07:16:34 +0000] "HEAD /api/users HTTP/2.0" 502 238160 "-" "Mozilla/5.0 (Windows NT 10.0; Win64; x64)"
198.51.100.7 - john [20/Apr/2026:07:16:41 +0000] "POST /login HTTP/1.1" 401 980582 "-" "kube-probe/1.29"
172.16.4.22 - admin [20/Apr/2026:07:16:48 +0000] "POST /health HTTP/1.1" 200 952062
172.16.4.22 - - [20/Apr/2026:07:16:55 +0000] "DELETE /api/orders HTTP/1.1" 201 569723 "https://app.internal.local/" "curl/8.5.0"
10.0.0.5 - admin [20/Apr/2026:07:17:02 +0000] "POST /health HTTP/2.0" 201 543905 "https://example.com/" "Mozilla/5.0 (Macintosh; Intel Mac OS X 10_15_7)"
192.168.1.10 - admin [20/Apr/2026:07:17:09 +0000] "GET /admin HTTP/2.0" 500 56143 "https://app.internal.local/" "Mozilla/5.0 (Windows NT 10.0; Win64; x64)"
66.249.66.1 - svc_api [20/Apr/2026:07:17:16 +0000] "HEAD /search?q=elastic HTTP/2.0" 404 500358
172.16.4.22 - admin [20/Apr/2026:07:17:23 +0000] "HEAD /admin HTTP/1.1" 304 - "https://example.com/" "curl/8.5.0"
[Mon Apr 20 07:17:30.000000 2026] [pid 2744:tid 614150] [client 192.168.1.10:8257] [authz_core:notice] AH00126: Invalid URI in request
172.16.4.22 - svc_api [20/Apr/2026:07:17:37 +0000] "PUT /search?q=elastic HTTP/1.1" 403 650038 "-" "Mozilla/5.0 (Macintosh; Intel Mac OS X 10_15_7)"
203.0.113.9 - - [20/Apr/2026:07:17:44 +0000] "DELETE /api/users HTTP/2.0" 400 903542
10.0.0.5 - - [20/Apr/2026:07:17:51 +0000] "DELETE /api/users HTTP/1.1" 204 625467 "https://app.internal.local/" "Mozilla/5.0 (Windows NT 10.0; Win64; x64)"
172.16.4.22 - svc_api [20/Apr/2026:07:17:58 +0000] "POST /checkout HTTP/1.1" 400 625787 "https://google.com/" "ELB-HealthChecker/2.0"
203.0.113.9 - john [20/Apr/2026:07:18:05 +0000] "DELETE /search?q=elastic HTTP/1.1" 201 601959 "https://example.com/" "ELB-HealthChecker/2.0"
66.249.66.1 - admin [20/Apr/2026:07:18:12 +0000] "HEAD / HTTP/2.0" 403 1025658
10.0.0.5 - - [20/Apr/2026:07:18:19 +0000] "GET /api/users HTTP/1.1" 401 80713 "https://app.internal.local/" "kube-probe/1.29"
172.16.4.22 - john [20/Apr/2026:07:18:26 +0000] "POST /login HTTP/2.0" 301 841576 "https://example.com/" "kube-probe/1.29"
192.168.1.10 - john [20/Apr/2026:07:18:33 +0000] "GET /admin HTTP/2.0" 302 606611 "-" "Mozilla/5.0 (Macintosh; Intel Mac OS X 10_15_7)"
[Mon Apr 20 07:18:40.000000 2026] [pid 6086:tid 822727] [client 198.51.100.7:55733] [core:error] AH00126: Invalid URI in request
66.249.66.1 - john [20/Apr/2026:07:18:47 +0000] "HEAD /static/app.js HTTP/2.0" 304 - "https://google.com/" "ELB-HealthChecker/2.0"
10.0.0.5 - mary [20/Apr/2026:07:18:54 +0000] "DELETE /api/users HTTP/1.1" 204 505354 "https://google.com/" "curl/8.5.0"
198.51.100.7 - john [20/Apr/2026:07:19:01 +0000] "POST /static/app.js HTTP/2.0" 201 459338 "https://google.com/" "Mozilla/5.0 (Macintosh; Intel Mac OS X 10_15_7)"
198.51.100.7 - john [20/Apr/2026:07:19:08 +0000] "PUT /search?q=elastic HTTP/1.1" 500 775074
172.16.4.22 - svc_api [20/Apr/2026:07:19:15 +0000] "DELETE /api/orders HTTP/1.1" 502 1039738 "https://example.com/" "curl/8.5.0"
203.0.113.9 - - [20/Apr/2026:07:19:22 +0000] "GET /search?q=elastic HTTP/2.0" 301 599326 "https://google.com/" "Mozilla/5.0 (Windows NT 10.0; Win64; x64)"
172.16.4.22 - - [20/Apr/2026:07:19:29 +0000] "POST /search?q=elastic HTTP/2.0" 304 - "https://example.com/" "Mozilla/5.0 (Macintosh; Intel Mac OS X 10_15_7)"
172.16.4.22 - svc_api [20/Apr/2026:07:19:36 +0000] "POST / HTTP/1.1" 200 938339
203.0.113.9 - admin [20/Apr/2026:07:19:43 +0000] "DELETE /search?q=elastic HTTP/2.0" 404 48502 "https://app.internal.local/" "Mozilla/5.0 (Windows NT 10.0; Win64; x64)"
[Mon Apr 20 07:19:50.000000 2026] [pid 6936:tid 926550] [client 198.51.100.7:36307] [rewrite:error] AH01630: client denied by server configuration
66.249.66.1 - - [20/Apr/2026:07:19:57 +0000] "HEAD /api/orders HTTP/1.1" 401 507059 "https://example.com/" "Mozilla/5.0 (Windows NT 10.0; Win64; x64)"
66.249.66.1 - - [20/Apr/2026:07:20:04 +0000] "DELETE /checkout HTTP/1.1" 201 920082
10.0.0.5 - john [20/Apr/2026:07:20:11 +0000] "HEAD /admin HTTP/1.1" 400 474937 "-" "kube-probe/1.29"
66.249.66.1 - john [20/Apr/2026:07:20:18 +0000] "GET /admin HTTP/1.1" 502 308122 "-" "curl/8.5.0"
172.16.4.22 - john [20/Apr/2026:07:20:25 +0000] "POST /api/orders HTTP/2.0" 201 721902 "https://example.com/" "Mozilla/5.0 (Macintosh; Intel Mac OS X 10_15_7)"
203.0.113.9 - john [20/Apr/2026:07:20:32 +0000] "POST /api/users HTTP/2.0" 304 -
172.16.4.22 - - [20/Apr/2026:07:20:39 +0000] "GET /search?q=elastic HTTP/1.1" 500 829441 "https://google.com/" "Mozilla/5.0 (Windows NT 10.0; Win64; x64)"
172.16.4.22 - john [20/Apr/2026:07:20:46 +0000] "PUT /search?q=elastic HTTP/2.0" 204 702038 "-" "curl/8.5.0"
66.249.66.1 - mary [20/Apr/2026:07:20:53 +0000] "POST /static/app.js HTTP/1.1" 502 630233 "https://google.com/" "kube-probe/1.29"
[Mon Apr 20 07:21:00.000000 2026] [pid 7739:tid 468089] [client 66.249.66.1:59642] [core:error] AH00126: Invalid URI in request
66.249.66.1 - - [20/Apr/2026:07:21:07 +0000] "PUT /checkout HTTP/2.0" 200 642570 "https://google.com/" "Mozilla/5.0 (Macintosh; Intel Mac OS X 10_15_7)"
172.16.4.22 - svc_api [20/Apr/2026:07:21:14 +0000] "PUT /api/users HTTP/1.1" 301 490285 "-" "Mozilla/5.0 (Windows NT 10.0; Win64; x64)"
172.16.4.22 - john [20/Apr/2026:07:21:21 +0000] "PUT /static/app.js HTTP/1.1" 500 664327 "-" "ELB-HealthChecker/2.0"
10.0.0.5 - svc_api [20/Apr/2026:07:21:28 +0000] "GET /login HTTP/1.1" 500 209451
172.16.4.22 - svc_api [20/Apr/2026:07:21:35 +0000] "PUT /health HTTP/1.1" 502 606099 "https://example.com/" "Mozilla/5.0 (Macintosh; Intel Mac OS X 10_15_7)"
66.249.66.1 - john [20/Apr/2026:07:21:42 +0000] "POST /admin HTTP/2.0" 502 400261 "https://app.internal.local/" "ELB-HealthChecker/2.0"
66.249.66.1 - svc_api [20/Apr/2026:07:21:49 +0000] "HEAD /api/orders HTTP/1.1" 404 363948 "https://example.com/" "curl/8.5.0"
198.51.100.7 - svc_api [20/Apr/2026:07:21:56 +0000] "GET /health HTTP/1.1" 201 655597
198.51.100.7 - john [20/Apr/2026:07:22:03 +0000] "HEAD / HTTP/1.1" 302 133096 "https://google.com/" "curl/8.5.0"
[Mon Apr 20 07:22:10.000000 2026] [pid 5817:tid 102307] [client 203.0.113.9:28853] [proxy_http:notice] AH01071: Got error 'Primary script unknown'
172.16.4.22 - svc_api [20/Apr/2026:07:22:17 +0000] "POST /api/users HTTP/2.0" 500 542645 "https://example.com/" "curl/8.5.0"
172.16.4.22 - john [20/Apr/2026:07:22:24 +0000] "DELETE /static/app.js HTTP/1.1" 502 552520
203.0.113.9 - svc_api [20/Apr/2026:07:22:31 +0000] "HEAD /health HTTP/1.1" 403 455891 "https://google.com/" "Mozilla/5.0 (Windows NT 10.0; Win64; x64)"
10.0.0.5 - mary [20/Apr/2026:07:22:38 +0000] "POST /search?q=elastic HTTP/1.1" 400 989741 "https://example.com/" "ELB-HealthChecker/2.0"
172.16.4.22 - mary [20/Apr/2026:07:22:45 +0000] "GET /admin HTTP/2.0" 301 356662 "-" "ELB-HealthChecker/2.0"
172.16.4.22 - john [20/Apr/2026:07:22:52 +0000] "HEAD /search?q=elastic HTTP/2.0" 404 285311
203.0.113.9 - - [20/Apr/2026:07:22:59 +0000] "POST /checkout HTTP/2.0" 302 342751 "https://example.com/" "Mozilla/5.0 (Windows NT 10.0; Win64; x64)"
198.51.100.7 - - [20/Apr/2026:07:23:06 +0000] "DELETE /checkout HTTP/2.0" 200 271296 "https://app.internal.local/" "Mozilla/5.0 (Macintosh; Intel Mac OS X 10_15_7)"
198.51.100.7 - admin [20/Apr/2026:07:23:13 +0000] "POST / HTTP/1.1" 404 837061 "https://google.com/" "Mozilla/5.0 (Windows NT 10.0; Win64; x64)"
[Mon Apr 20 07:23:20.000000 2026] [pid 3234:tid 677218] [client 198.51.100.7:63253] [rewrite:error] AH01630: client denied by server configuration
172.16.4.22 - admin [20/Apr/2026:07:23:27 +0000] "DELETE /checkout HTTP/2.0" 400 471951 "https://google.com/" "kube-probe/1.29"
192.168.1.10 - svc_api [20/Apr/2026:07:23:34 +0000] "GET /admin HTTP/1.1" 400 612742 "-" "Mozilla/5.0 (Macintosh; Intel Mac OS X 10_15_7)"
172.16.4.22 - admin [20/Apr/2026:07:23:41 +0000] "DELETE /login HTTP/1.1" 200 1010290 "https://example.com/" "ELB-HealthChecker/2.0"
172.16.4.22 - svc_api [20/Apr/2026:07:23:48 +0000] "GET /static/app.js HTTP/2.0" 401 869671
172.16.4.22 - svc_api [20/Apr/2026:07:23:55 +0000] "DELETE /static/app.js HTTP/1.1" 500 355279 "-" "ELB-HealthChecker/2.0"
66.249.66.1 - admin [20/Apr/2026:07:24:02 +0000] "DELETE / HTTP/1.1" 400 515384 "https://google.com/" "Mozilla/5.0 (Windows NT 10.0; Win64; x64)"
198.51.100.7 - john [20/Apr/2026:07:24:09 +0000] "POST /health HTTP/1.1" 304 - "https://app.internal.local/" "ELB-HealthChecker/2.0"
198.51.100.7 - mary [20/Apr/2026:07:24:16 +0000] "GET /health HTTP/2.0" 200 677199
172.16.4.22 - svc_api [20/Apr/2026:07:24:23 +0000] "DELETE /api/users HTTP/2.0" 304 - "https://google.com/" "Mozilla/5.0 (Macintosh; Intel Mac OS X 10_15_7)"
[Mon Apr 20 07:24:30.000000 2026] [pid 3223:tid 964890] [client 66.249.66.1:50136] [authz_core:error] AH00126: Invalid URI in request
192.168.1.10 - svc_api [20/Apr/2026:07:24:37 +0000] "HEAD /api/orders HTTP/2.0" 401 130533 "https://google.com/" "Mozilla/5.0 (Macintosh; Intel Mac OS X 10_15_7)"
10.0.0.5 - mary [20/Apr/2026:07:24:44 +0000] "GET /api/users HTTP/2.0" 502 1047638
203.0.113.9 - svc_api [20/Apr/2026:07:24:51 +0000] "POST /checkout HTTP/2.0" 403 1041058 "-" "kube-probe/1.29"
10.0.0.5 - admin [20/Apr/2026:07:24:58 +0000] "PUT /api/users HTTP/2.0" 403 910464 "-" "kube-probe/1.29"
10.0.0.5 - mary [20/Apr/2026:07:25:05 +0000] "HEAD /static/app.js HTTP/1.1" 200 755189 "-" "Mozilla/5.0 (Macintosh; Intel Mac OS X 10_15_7)"
192.168.1.10 - john [20/Apr/2026:07:25:12 +0000] "DELETE /search?q=elastic HTTP/2.0" 404 349781
192.168.1.10 - admin [20/Apr/2026:07:25:19 +0000] "POST / HTTP/2.0" 500 965502 "https://google.com/" "curl/8.5.0"
66.249.66.1 - svc_api [20/Apr/2026:07:25:26 +0000] "DELETE /static/app.js HTTP/2.0" 401 51261 "https://example.com/" "kube-probe/1.29"
172.16.4.22 - svc_api [20/Apr/2026:07:25:33 +0000] "POST / HTTP/1.1" 502 443103 "https://example.com/" "Mozilla/5.0 (Windows NT 10.0; Win64; x64)"
[Mon Apr 20 07:25:40.000000 2026] [pid 5981:tid 813034] [client 172.16.4.22:14870] [authz_core:warn] AH00126: Invalid URI in request
66.249.66.1 - john [20/Apr/2026:07:25:47 +0000] "POST /login HTTP/1.1" 500 1009902 "https://example.com/" "curl/8.5.0"
10.0.0.5 - mary [20/Apr/2026:07:25:54 +0000] "DELETE /checkout HTTP/1.1" 401 748870 "-" "kube-probe/1.29"
10.0.0.5 - - [20/Apr/2026:07:26:01 +0000] "DELETE /health HTTP/2.0" 304 - "https://app.internal.local/" "kube-probe/1.29"
203.0.113.9 - john [20/Apr/2026:07:26:08 +0000] "DELETE /api/orders HTTP/2.0" 301 989137
203.0.113.9 - svc_api [20/Apr/2026:07:26:15 +0000] "HEAD /static/app.js HTTP/1.1" 403 644211 "https://app.internal.local/" "kube-probe/1.29"
172.16.4.22 - svc_api [20/Apr/2026:07:26:22 +0000] "PUT /health HTTP/2.0" 500 251177 "https://google.com/" "ELB-HealthChecker/2.0"
66.249.66.1 - mary [20/Apr/2026:07:26:29 +0000] "POST /static/app.js HTTP/1.1" 401 786451 "https://app.internal.local/" "Mozilla/5.0 (Windows NT 10.0; Win64; x64)"
192.168.1.10 - john [20/Apr/2026:07:26:36 +0000] "DELETE /checkout HTTP/2.0" 400 584777
203.0.113.9 - mary [20/Apr/2026:07:26:43 +0000] "GET /health HTTP/1.1" 200 1004967 "https://app.internal.local/" "kube-probe/1.29"
[Mon Apr 20 07:26:50.000000 2026] [pid 8655:tid 471920] [client 192.168.1.10:21217] [rewrite:warn] AH01071: Got error 'Primary script unknown'
172.16.4.22 - - [20/Apr/2026:07:26:57 +0000] "GET /static/app.js HTTP/2.0" 301 683519 "https://example.com/" "Mozilla/5.0 (Macintosh; Intel Mac OS X 10_15_7)"
198.51.100.7 - admin [20/Apr/2026:07:27:04 +0000] "GET / HTTP/1.1" 404 892569
172.16.4.22 - - [20/Apr/2026:07:27:11 +0000] "DELETE /static/app.js HTTP/2.0" 304 - "https://example.com/" "curl/8.5.0"
66.249.66.1 - mary [20/Apr/2026:07:27:18 +0000] "PUT /static/app.js HTTP/1.1" 403 1031070 "https://google.com/" "kube-probe/1.29"
172.16.4.22 - john [20/Apr/2026:07:27:25 +0000] "PUT /api/orders HTTP/1.1" 500 136575 "https://app.internal.local/" "kube-probe/1.29"
192.168.1.10 - - [20/Apr/2026:07:27:32 +0000] "GET /health HTTP/2.0" 200 897142
198.51.100.7 - - [20/Apr/2026:07:27:39 +0000] "GET / HTTP/1.1" 302 613447 "https://google.com/" "kube-probe/1.29"
192.168.1.10 - - [20/Apr/2026:07:27:46 +0000] "HEAD /search?q=elastic HTTP/2.0" 304 - "-" "Mozilla/5.0 (Macintosh; Intel Mac OS X 10_15_7)"
198.51.100.7 - - [20/Apr/2026:07:27:53 +0000] "PUT /search?q=elastic HTTP/1.1" 502 1008495 "https://app.internal.local/" "Mozilla/5.0 (Windows NT 10.0; Win64; x64)"
[Mon Apr 20 07:28:00.000000 2026] [pid 7582:tid 547097] [client 192.168.1.10:21468] [authz_core:warn] AH00126: Invalid URI in request
203.0.113.9 - - [20/Apr/2026:07:28:07 +0000] "HEAD /checkout HTTP/2.0" 500 182 "https://google.com/" "kube-probe/1.29"
66.249.66.1 - admin [20/Apr/2026:07:28:14 +0000] "DELETE /checkout HTTP/2.0" 403 928569 "https://example.com/" "ELB-HealthChecker/2.0"
192.168.1.10 - mary [20/Apr/2026:07:28:21 +0000] "POST /static/app.js HTTP/2.0" 304 - "https://google.com/" "Mozilla/5.0 (Macintosh; Intel Mac OS X 10_15_7)"
198.51.100.7 - admin [20/Apr/2026:07:28:28 +0000] "GET /health HTTP/1.1" 502 244092
66.249.66.1 - john [20/Apr/2026:07:28:35 +0000] "GET /api/orders HTTP/1.1" 401 443471 "https://google.com/" "Mozilla/5.0 (Macintosh; Intel Mac OS X 10_15_7)"
172.16.4.22 - mary [20/Apr/2026:07:28:42 +0000] "DELETE /api/users HTTP/2.0" 204 959174 "https://example.com/" "Mozilla/5.0 (Macintosh; Intel Mac OS X 10_15_7)"
172.16.4.22 - - [20/Apr/2026:07:28:49 +0000] "PUT /login HTTP/1.1" 201 557893 "https://app.internal.local/" "kube-probe/1.29"
192.168.1.10 - mary [20/Apr/2026:07:28:56 +0000] "DELETE /health HTTP/2.0" 301 223691
198.51.100.7 - admin [20/Apr/2026:07:29:03 +0000] "GET /health HTTP/2.0" 502 776747 "https://google.com/" "curl/8.5.0"
[Mon Apr 20 07:29:10.000000 2026] [pid 5278:tid 577319] [client 172.16.4.22:57695] [authz_core:error] File does not exist: /var/www/html/favicon.ico
10.0.0.5 - mary [20/Apr/2026:07:29:17 +0000] "HEAD /health HTTP/2.0" 201 17617 "https://example.com/" "curl/8.5.0"
198.51.100.7 - svc_api [20/Apr/2026:07:29:24 +0000] "POST /static/app.js HTTP/1.1" 403 960381
66.249.66.1 - svc_api [20/Apr/2026:07:29:31 +0000] "DELETE /health HTTP/2.0" 401 317257 "-" "curl/8.5.0"
192.168.1.10 - john [20/Apr/2026:07:29:38 +0000] "PUT /login HTTP/1.1" 200 148340 "https://google.com/" "ELB-HealthChecker/2.0"
172.16.4.22 - john [20/Apr/2026:07:29:45 +0000] "PUT /checkout HTTP/2.0" 403 854410 "-" "Mozilla/5.0 (Windows NT 10.0; Win64; x64)"
10.0.0.5 - admin [20/Apr/2026:07:29:52 +0000] "HEAD /search?q=elastic HTTP/2.0" 500 176057
66.249.66.1 - - [20/Apr/2026:07:29:59 +0000] "DELETE /search?q=elastic HTTP/2.0" 304 - "-" "ELB-HealthChecker/2.0"
198.51.100.7 - mary [20/Apr/2026:07:30:06 +0000] "GET /api/orders HTTP/2.0" 304 - "https://google.com/" "ELB-HealthChecker/2.0"
192.168.1.10 - svc_api [20/Apr/2026:07:30:13 +0000] "DELETE /static/app.js HTTP/1.1" 301 564292 "https://example.com/" "Mozilla/5.0 (Macintosh; Intel Mac OS X 10_15_7)"
[Mon Apr 20 07:30:20.000000 2026] [pid 4610:tid 426158] [client 198.51.100.7:50975] [core:notice] File does not exist: /var/www/html/favicon.ico
66.249.66.1 - - [20/Apr/2026:07:30:27 +0000] "POST /search?q=elastic HTTP/1.1" 302 908342 "https://app.internal.local/" "curl/8.5.0"
172.16.4.22 - john [20/Apr/2026:07:30:34 +0000] "HEAD /api/orders HTTP/2.0" 204 107909 "https://google.com/" "ELB-HealthChecker/2.0"
203.0.113.9 - john [20/Apr/2026:07:30:41 +0000] "GET /login HTTP/1.1" 201 540147 "https://google.com/" "curl/8.5.0"
203.0.113.9 - john [20/Apr/2026:07:30:48 +0000] "PUT /login HTTP/1.1" 302 759004
203.0.113.9 - - [20/Apr/2026:07:30:55 +0000] "POST /api/users HTTP/1.1" 304 - "https://google.com/" "Mozilla/5.0 (Windows NT 10.0; Win64; x64)"
10.0.0.5 - - [20/Apr/2026:07:31:02 +0000] "GET /static/app.js HTTP/1.1" 200 199149 "-" "Mozilla/5.0 (Windows NT 10.0; Win64; x64)"
172.16.4.22 - - [20/Apr/2026:07:31:09 +0000] "DELETE /admin HTTP/1.1" 500 746926 "-" "Mozilla/5.0 (Macintosh; Intel Mac OS X 10_15_7)"
198.51.100.7 - svc_api [20/Apr/2026:07:31:16 +0000] "PUT /search?q=elastic HTTP/2.0" 500 805482
172.16.4.22 - mary [20/Apr/2026:07:31:23 +0000] "DELETE /checkout HTTP/2.0" 301 785830 "https://google.com/" "Mozilla/5.0 (Windows NT 10.0; Win64; x64)"
[Mon Apr 20 07:31:30.000000 2026] [pid 5973:tid 225492] [client 198.51.100.7:49650] [proxy_http:notice] File does not exist: /var/www/html/favicon.ico
10.0.0.5 - svc_api [20/Apr/2026:07:31:37 +0000] "HEAD /health HTTP/2.0" 204 57871 "https://app.internal.local/" "Mozilla/5.0 (Windows NT 10.0; Win64; x64)"
66.249.66.1 - - [20/Apr/2026:07:31:44 +0000] "HEAD /login HTTP/1.1" 400 1019020
192.168.1.10 - svc_api [20/Apr/2026:07:31:51 +0000] "DELETE /login HTTP/1.1" 200 938775 "https://example.com/" "curl/8.5.0"
66.249.66.1 - mary [20/Apr/2026:07:31:58 +0000] "POST /login HTTP/2.0" 403 148383 "https://app.internal.local/" "ELB-HealthChecker/2.0"
10.0.0.5 - john [20/Apr/2026:07:32:05 +0000] "GET /admin HTTP/2.0" 500 421761 "https://example.com/" "kube-probe/1.29"
198.51.100.7 - admin [20/Apr/2026:07:32:12 +0000] "DELETE /api/orders HTTP/1.1" 403 203074
66.249.66.1 - mary [20/Apr/2026:07:32:19 +0000] "DELETE /login HTTP/1.1" 200 362154 "https://example.com/" "curl/8.5.0"
66.249.66.1 - mary [20/Apr/2026:07:32:26 +0000] "DELETE /api/orders HTTP/1.1" 403 657888 "https://app.internal.local/" "Mozilla/5.0 (Macintosh; Intel Mac OS X 10_15_7)"
66.249.66.1 - john [20/Apr/2026:07:32:33 +0000] "POST /api/orders HTTP/1.1" 200 1006923 "https://app.internal.local/" "Mozilla/5.0 (Windows NT 10.0; Win64; x64)"
[Mon Apr 20 07:32:40.000000 2026] [pid 6564:tid 745592] [client 203.0.113.9:49194] [proxy_http:warn] AH01071: Got error 'Primary script unknown'
198.51.100.7 - svc_api [20/Apr/2026:07:32:47 +0000] "GET /api/orders HTTP/2.0" 201 309703 "https://google.com/" "curl/8.5.0"
66.249.66.1 - - [20/Apr/2026:07:32:54 +0000] "PUT /search?q=elastic HTTP/1.1" 502 975031 "https://example.com/" "ELB-HealthChecker/2.0"
203.0.113.9 - - [20/Apr/2026:07:33:01 +0000] "DELETE / HTTP/2.0" 403 30193 "https://example.com/" "curl/8.5.0"
172.16.4.22 - - [20/Apr/2026:07:33:08 +0000] "DELETE /static/app.js HTTP/2.0" 401 276409
203.0.113.9 - svc_api [20/Apr/2026:07:33:15 +0000] "HEAD /static/app.js HTTP/1.1" 502 607845 "-" "Mozilla/5.0 (Windows NT 10.0; Win64; x64)"
192.168.1.10 - admin [20/Apr/2026:07:33:22 +0000] "HEAD /search?q=elastic HTTP/2.0" 400 411311 "https://google.com/" "curl/8.5.0"
192.168.1.10 - - [20/Apr/2026:07:33:29 +0000] "DELETE /static/app.js HTTP/2.0" 400 844495 "https://example.com/" "curl/8.5.0"
198.51.100.7 - admin [20/Apr/2026:07:33:36 +0000] "DELETE /search?q=elastic HTTP/2.0" 502 922943
203.0.113.9 - mary [20/Apr/2026:07:33:43 +0000] "DELETE /api/users HTTP/1.1" 301 408386 "-" "kube-probe/1.29"
[Mon Apr 20 07:33:50.000000 2026] [pid 3096:tid 244758] [client 198.51.100.7:2533] [core:error] AH01071: Got error 'Primary script unknown'
198.51.100.7 - svc_api [20/Apr/2026:07:33:57 +0000] "GET /health HTTP/2.0" 404 290674 "https://app.internal.local/" "Mozilla/5.0 (Macintosh; Intel Mac OS X 10_15_7)"
198.51.100.7 - admin [20/Apr/2026:07:34:04 +0000] "GET /api/users HTTP/1.1" 301 345385
192.168.1.10 - mary [20/Apr/2026:07:34:11 +0000] "HEAD /static/app.js HTTP/1.1" 403 176792 "https://google.com/" "Mozilla/5.0 (Windows NT 10.0; Win64; x64)"
192.168.1.10 - admin [20/Apr/2026:07:34:18 +0000] "GET /health HTTP/2.0" 404 766709 "-" "Mozilla/5.0 (Windows NT 10.0; Win64; x64)"
10.0.0.5 - mary [20/Apr/2026:07:34:25 +0000] "DELETE /api/orders HTTP/1.1" 404 375937 "-" "kube-probe/1.29"
203.0.113.9 - john [20/Apr/2026:07:34:32 +0000] "GET /static/app.js HTTP/1.1" 204 689567
66.249.66.1 - svc_api [20/Apr/2026:07:34:39 +0000] "DELETE / HTTP/2.0" 403 796135 "https://app.internal.local/" "ELB-HealthChecker/2.0"
66.249.66.1 - svc_api [20/Apr/2026:07:34:46 +0000] "PUT /checkout HTTP/1.1" 404 934316 "https://example.com/" "Mozilla/5.0 (Windows NT 10.0; Win64; x64)"
66.249.66.1 - admin [20/Apr/2026:07:34:53 +0000] "POST /api/orders HTTP/1.1" 502 562703 "-" "Mozilla/5.0 (Macintosh; Intel Mac OS X 10_15_7)"
[Mon Apr 20 07:35:00.000000 2026] [pid 9633:tid 328939] [client 10.0.0.5:17111] [authz_core:error] File does not exist: /var/www/html/favicon.ico
203.0.113.9 - admin [20/Apr/2026:07:35:07 +0000] "HEAD /static/app.js HTTP/2.0" 403 762951 "https://google.com/" "kube-probe/1.29"
203.0.113.9 - svc_api [20/Apr/2026:07:35:14 +0000] "DELETE /search?q=elastic HTTP/1.1" 404 995313 "https://app.internal.local/" "Mozilla/5.0 (Windows NT 10.0; Win64; x64)"
172.16.4.22 - admin [20/Apr/2026:07:35:21 +0000] "POST /admin HTTP/2.0" 502 294482 "https://google.com/" "ELB-HealthChecker/2.0"
203.0.113.9 - mary [20/Apr/2026:07:35:28 +0000] "POST /login HTTP/1.1" 304 -
66.249.66.1 - john [20/Apr/2026:07:35:35 +0000] "GET /admin HTTP/2.0" 304 - "https://google.com/" "ELB-HealthChecker/2.0"
66.249.66.1 - john [20/Apr/2026:07:35:42 +0000] "HEAD /admin HTTP/2.0" 403 743075 "https://app.internal.local/" "Mozilla/5.0 (Windows NT 10.0; Win64; x64)"
192.168.1.10 - - [20/Apr/2026:07:35:49 +0000] "PUT /search?q=elastic HTTP/2.0" 500 930545 "https://example.com/" "kube-probe/1.29"
203.0.113.9 - mary [20/Apr/2026:07:35:56 +0000] "GET /login HTTP/2.0" 400 269784
172.16.4.22 - john [20/Apr/2026:07:36:03 +0000] "PUT /checkout HTTP/2.0" 304 - "-" "Mozilla/5.0 (Windows NT 10.0; Win64; x64)"
[Mon Apr 20 07:36:10.000000 2026] [pid 8140:tid 425772] [client 192.168.1.10:41091] [rewrite:warn] AH00126: Invalid URI in request
10.0.0.5 - - [20/Apr/2026:07:36:17 +0000] "GET /api/users HTTP/2.0" 502 528934 "https://example.com/" "Mozilla/5.0 (Macintosh; Intel Mac OS X 10_15_7)"
192.168.1.10 - svc_api [20/Apr/2026:07:36:24 +0000] "POST / HTTP/1.1" 502 343299
198.51.100.7 - svc_api [20/Apr/2026:07:36:31 +0000] "POST /api/orders HTTP/2.0" 204 132505 "https://google.com/" "ELB-HealthChecker/2.0"
66.249.66.1 - john [20/Apr/2026:07:36:38 +0000] "PUT /api/orders HTTP/2.0" 400 430256 "-" "ELB-HealthChecker/2.0"
66.249.66.1 - admin [20/Apr/2026:07:36:45 +0000] "PUT /checkout HTTP/1.1" 201 843662 "-" "Mozilla/5.0 (Windows NT 10.0; Win64; x64)"
192.168.1.10 - john [20/Apr/2026:07:36:52 +0000] "POST /health HTTP/1.1" 201 879356
172.16.4.22 - john [20/Apr/2026:07:36:59 +0000] "DELETE /api/users HTTP/2.0" 403 418640 "https://app.internal.local/" "kube-probe/1.29"
192.168.1.10 - mary [20/Apr/2026:07:37:06 +0000] "PUT /health HTTP/2.0" 400 923654 "-" "Mozilla/5.0 (Windows NT 10.0; Win64; x64)"
10.0.0.5 - admin [20/Apr/2026:07:37:13 +0000] "POST /checkout HTTP/1.1" 404 933909 "https://app.internal.local/" "kube-probe/1.29"
[Mon Apr 20 07:37:20.000000 2026] [pid 5379:tid 884060] [client 203.0.113.9:42507] [proxy_http:warn] AH01071: Got error 'Primary script unknown'
192.168.1.10 - mary [20/Apr/2026:07:37:27 +0000] "POST /checkout HTTP/2.0" 404 601358 "-" "Mozilla/5.0 (Macintosh; Intel Mac OS X 10_15_7)"
198.51.100.7 - john [20/Apr/2026:07:37:34 +0000] "HEAD /static/app.js HTTP/2.0" 401 774897 "https://example.com/" "ELB-HealthChecker/2.0"
172.16.4.22 - - [20/Apr/2026:07:37:41 +0000] "POST /login HTTP/2.0" 304 - "https://example.com/" "ELB-HealthChecker/2.0"
10.0.0.5 - - [20/Apr/2026:07:37:48 +0000] "DELETE /admin HTTP/2.0" 304 -
198.51.100.7 - john [20/Apr/2026:07:37:55 +0000] "GET /api/orders HTTP/2.0" 204 437150 "https://google.com/" "curl/8.5.0"
198.51.100.7 - mary [20/Apr/2026:07:38:02 +0000] "DELETE /admin HTTP/2.0" 302 784862 "https://app.internal.local/" "Mozilla/5.0 (Macintosh; Intel Mac OS X 10_15_7)"
203.0.113.9 - admin [20/Apr/2026:07:38:09 +0000] "HEAD / HTTP/2.0" 304 - "-" "ELB-HealthChecker/2.0"
66.249.66.1 - admin [20/Apr/2026:07:38:16 +0000] "GET /search?q=elastic HTTP/1.1" 401 506870
172.16.4.22 - mary [20/Apr/2026:07:38:23 +0000] "GET /api/orders HTTP/2.0" 302 100759 "https://google.com/" "ELB-HealthChecker/2.0"
[Mon Apr 20 07:38:30.000000 2026] [pid 3706:tid 455523] [client 10.0.0.5:45076] [core:warn] AH01630: client denied by server configuration
198.51.100.7 - admin [20/Apr/2026:07:38:37 +0000] "POST /search?q=elastic HTTP/1.1" 403 818663 "https://google.com/" "ELB-HealthChecker/2.0"
203.0.113.9 - mary [20/Apr/2026:07:38:44 +0000] "DELETE /admin HTTP/2.0" 304 -
203.0.113.9 - mary [20/Apr/2026:07:38:51 +0000] "HEAD / HTTP/2.0" 200 379332 "https://google.com/" "Mozilla/5.0 (Windows NT 10.0; Win64; x64)"
66.249.66.1 - admin [20/Apr/2026:07:38:58 +0000] "PUT /api/users HTTP/2.0" 301 1031908 "https://app.internal.local/" "ELB-HealthChecker/2.0"
203.0.113.9 - svc_api [20/Apr/2026:07:39:05 +0000] "GET /static/app.js HTTP/2.0" 404 183328 "https://example.com/" "Mozilla/5.0 (Macintosh; Intel Mac OS X 10_15_7)"
198.51.100.7 - mary [20/Apr/2026:07:39:12 +0000] "HEAD / HTTP/2.0" 400 992711
66.249.66.1 - john [20/Apr/2026:07:39:19 +0000] "PUT /login HTTP/2.0" 301 377546 "https://app.internal.local/" "kube-probe/1.29"
192.168.1.10 - - [20/Apr/2026:07:39:26 +0000] "GET /login HTTP/1.1" 304 - "https://google.com/" "kube-probe/1.29"
203.0.113.9 - john [20/Apr/2026:07:39:33 +0000] "PUT /health HTTP/1.1" 500 75362 "https://google.com/" "ELB-HealthChecker/2.0"
[Mon Apr 20 07:39:40.000000 2026] [pid 8925:tid 239976] [client 10.0.0.5:24118] [authz_core:warn] AH01630: client denied by server configuration
203.0.113.9 - mary [20/Apr/2026:07:39:47 +0000] "GET /api/users HTTP/2.0" 302 679762 "https://app.internal.local/" "Mozilla/5.0 (Windows NT 10.0; Win64; x64)"
192.168.1.10 - svc_api [20/Apr/2026:07:39:54 +0000] "HEAD /static/app.js HTTP/2.0" 401 224511 "https://google.com/" "curl/8.5.0"
10.0.0.5 - john [20/Apr/2026:07:40:01 +0000] "HEAD /static/app.js HTTP/2.0" 304 - "-" "ELB-HealthChecker/2.0"
172.16.4.22 - svc_api [20/Apr/2026:07:40:08 +0000] "HEAD /health HTTP/2.0" 304 -
198.51.100.7 - - [20/Apr/2026:07:40:15 +0000] "DELETE /checkout HTTP/1.1" 204 825784 "https://google.com/" "Mozilla/5.0 (Macintosh; Intel Mac OS X 10_15_7)"
10.0.0.5 - svc_api [20/Apr/2026:07:40:22 +0000] "POST /api/users HTTP/1.1" 502 771936 "https://google.com/" "kube-probe/1.29"
192.168.1.10 - mary [20/Apr/2026:07:40:29 +0000] "GET /admin HTTP/1.1" 302 420019 "https://app.internal.local/" "Mozilla/5.0 (Macintosh; Intel Mac OS X 10_15_7)"
172.16.4.22 - svc_api [20/Apr/2026:07:40:36 +0000] "HEAD /admin HTTP/1.1" 302 130652
198.51.100.7 - mary [20/Apr/2026:07:40:43 +0000] "PUT /static/app.js HTTP/1.1" 403 747616 "https://example.com/" "kube-probe/1.29"
[Mon Apr 20 07:40:50.000000 2026] [pid 5643:tid 490975] [client 66.249.66.1:51262] [rewrite:error] File does not exist: /var/www/html/favicon.ico
203.0.113.9 - - [20/Apr/2026:07:40:57 +0000] "POST /checkout HTTP/1.1" 200 81733 "https://app.internal.local/" "Mozilla/5.0 (Windows NT 10.0; Win64; x64)"
198.51.100.7 - - [20/Apr/2026:07:41:04 +0000] "GET /login HTTP/2.0" 502 37098
203.0.113.9 - svc_api [20/Apr/2026:07:41:11 +0000] "HEAD /health HTTP/1.1" 401 569492 "https://app.internal.local/" "ELB-HealthChecker/2.0"
10.0.0.5 - admin [20/Apr/2026:07:41:18 +0000] "PUT /static/app.js HTTP/1.1" 400 947891 "https://example.com/" "Mozilla/5.0 (Macintosh; Intel Mac OS X 10_15_7)"
66.249.66.1 - mary [20/Apr/2026:07:41:25 +0000] "HEAD /api/users HTTP/2.0" 401 421442 "https://example.com/" "Mozilla/5.0 (Windows NT 10.0; Win64; x64)"
10.0.0.5 - svc_api [20/Apr/2026:07:41:32 +0000] "DELETE /api/users HTTP/2.0" 500 834349
172.16.4.22 - admin [20/Apr/2026:07:41:39 +0000] "HEAD /checkout HTTP/1.1" 401 60720 "https://app.internal.local/" "curl/8.5.0"
10.0.0.5 - admin [20/Apr/2026:07:41:46 +0000] "HEAD /api/users HTTP/2.0" 201 1014133 "https://example.com/" "curl/8.5.0"
172.16.4.22 - - [20/Apr/2026:07:41:53 +0000] "POST / HTTP/1.1" 302 198889 "-" "ELB-HealthChecker/2.0"
[Mon Apr 20 07:42:00.000000 2026] [pid 8669:tid 998913] [client 172.16.4.22:11835] [rewrite:notice] AH01630: client denied by server configuration
198.51.100.7 - john [20/Apr/2026:07:42:07 +0000] "DELETE /checkout HTTP/1.1" 304 - "https://app.internal.local/" "ELB-HealthChecker/2.0"
203.0.113.9 - svc_api [20/Apr/2026:07:42:14 +0000] "GET /health HTTP/1.1" 301 737891 "-" "Mozilla/5.0 (Macintosh; Intel Mac OS X 10_15_7)"
203.0.113.9 - john [20/Apr/2026:07:42:21 +0000] "PUT /checkout HTTP/2.0" 403 853408 "https://example.com/" "kube-probe/1.29"
192.168.1.10 - admin [20/Apr/2026:07:42:28 +0000] "POST /static/app.js HTTP/1.1" 500 435363
10.0.0.5 - svc_api [20/Apr/2026:07:42:35 +0000] "HEAD /health HTTP/1.1" 204 929531 "https://app.internal.local/" "kube-probe/1.29"
198.51.100.7 - - [20/Apr/2026:07:42:42 +0000] "GET /api/orders HTTP/1.1" 301 835587 "https://example.com/" "Mozilla/5.0 (Macintosh; Intel Mac OS X 10_15_7)"
172.16.4.22 - john [20/Apr/2026:07:42:49 +0000] "PUT /api/orders HTTP/2.0" 201 968241 "-" "ELB-HealthChecker/2.0"
203.0.113.9 - admin [20/Apr/2026:07:42:56 +0000] "HEAD /api/orders HTTP/2.0" 404 907292
172.16.4.22 - svc_api [20/Apr/2026:07:43:03 +0000] "PUT /admin HTTP/2.0" 500 659795 "https://google.com/" "kube-probe/1.29"
[Mon Apr 20 07:43:10.000000 2026] [pid 7099:tid 834072] [client 10.0.0.5:12877] [authz_core:notice] AH01630: client denied by server configuration
172.16.4.22 - mary [20/Apr/2026:07:43:17 +0000] "GET /login HTTP/1.1" 502 558301 "https://google.com/" "Mozilla/5.0 (Macintosh; Intel Mac OS X 10_15_7)"
10.0.0.5 - svc_api [20/Apr/2026:07:43:24 +0000] "DELETE /api/users HTTP/1.1" 500 354672
10.0.0.5 - - [20/Apr/2026:07:43:31 +0000] "POST /search?q=elastic HTTP/1.1" 502 622043 "https://example.com/" "kube-probe/1.29"
66.249.66.1 - svc_api [20/Apr/2026:07:43:38 +0000] "HEAD /health HTTP/1.1" 403 816535 "https://google.com/" "kube-probe/1.29"
192.168.1.10 - mary [20/Apr/2026:07:43:45 +0000] "DELETE /api/orders HTTP/1.1" 200 992197 "-" "Mozilla/5.0 (Windows NT 10.0; Win64; x64)"
66.249.66.1 - admin [20/Apr/2026:07:43:52 +0000] "POST /api/users HTTP/1.1" 304 -
172.16.4.22 - - [20/Apr/2026:07:43:59 +0000] "GET /login HTTP/1.1" 401 177312 "https://example.com/" "kube-probe/1.29"
192.168.1.10 - john [20/Apr/2026:07:44:06 +0000] "GET /search?q=elastic HTTP/2.0" 400 964950 "https://google.com/" "kube-probe/1.29"
203.0.113.9 - - [20/Apr/2026:07:44:13 +0000] "HEAD / HTTP/2.0" 500 697435 "https://app.internal.local/" "kube-probe/1.29"
[Mon Apr 20 07:44:20.000000 2026] [pid 2776:tid 669862] [client 10.0.0.5:51845] [rewrite:warn] AH01071: Got error 'Primary script unknown'
66.249.66.1 - admin [20/Apr/2026:07:44:27 +0000] "PUT / HTTP/2.0" 400 686104 "https://app.internal.local/" "Mozilla/5.0 (Macintosh; Intel Mac OS X 10_15_7)"
