66.249.66.1 - - [20/Apr/2026:02:19:32 +0000] "GET /admin HTTP/1.1" 301 54758
66.249.66.1 - john [20/Apr/2026:02:19:39 +0000] "POST /api/orders HTTP/1.1" 204 621538 "https://example.com/" "curl/8.5.0"
198.51.100.7 - - [20/Apr/2026:02:19:46 +0000] "DELETE /admin HTTP/2.0" 204 756849 "https://example.com/" "curl/8.5.0"
203.0.113.9 - john [20/Apr/2026:02:19:53 +0000] "HEAD /api/users HTTP/2.0" 302 604542 "https://app.internal.local/" "curl/8.5.0"
[Mon Apr 20 02:20:00.000000 2026] [pid 5454:tid 919240] [client 203.0.113.9:6267] [authz_core:warn] AH00126: Invalid URI in request
10.0.0.5 - svc_api [20/Apr/2026:02:20:07 +0000] "DELETE /checkout HTTP/2.0" 204 859536 "https://app.internal.local/" "Mozilla/5.0 (Macintosh; Intel Mac OS X 10_15_7)"
203.0.113.9 - svc_api [20/Apr/2026:02:20:14 +0000] "GET /health HTTP/1.1" 403 762065 "https://example.com/" "Mozilla/5.0 (Windows NT 10.0; Win64; x64)"
203.0.113.9 - svc_api [20/Apr/2026:02:20:21 +0000] "PUT /admin HTTP/2.0" 400 589568 "https://app.internal.local/" "Mozilla/5.0 (Macintosh; Intel Mac OS X 10_15_7)"
172.16.4.22 - john [20/Apr/2026:02:20:28 +0000] "DELETE /api/users HTTP/1.1" 301 4503
192.168.1.10 - admin [20/Apr/2026:02:20:35 +0000] "PUT /admin HTTP/2.0" 400 986080 "https://app.internal.local/" "Mozilla/5.0 (Windows NT 10.0; Win64; x64)"
203.0.113.9 - svc_api [20/Apr/2026:02:20:42 +0000] "PUT /login HTTP/2.0" 200 1040802 "-" "kube-probe/1.29"
198.51.100.7 - john [20/Apr/2026:02:20:49 +0000] "POST /checkout HTTP/2.0" 502 365631 "https://app.internal.local/" "Mozilla/5.0 (Windows NT 10.0; Win64; x64)"
66.249.66.1 - - [20/Apr/2026:02:20:56 +0000] "DELETE /checkout HTTP/1.1" 301 501051
192.168.1.10 - mary [20/Apr/2026:02:21:03 +0000] "GET /api/orders HTTP/2.0" 404 477715 "https://example.com/" "Mozilla/5.0 (Windows NT 10.0; Win64; x64)"
[Mon Apr 20 02:21:10.000000 2026] [pid 5053:tid 731399] [client 198.51.100.7:63399] [proxy_http:error] File does not exist: /var/www/html/favicon.ico
192.168.1.10 - svc_api [20/Apr/2026:02:21:17 +0000] "DELETE /login HTTP/1.1" 400 173998 "https://app.internal.local/" "Mozilla/5.0 (Windows NT 10.0; Win64; x64)"
66.249.66.1 - mary [20/Apr/2026:02:21:24 +0000] "HEAD /search?q=elastic HTTP/2.0" 404 323059
66.249.66.1 - svc_api [20/Apr/2026:02:21:31 +0000] "GET /login HTTP/2.0" 204 282209 "https://example.com/" "kube-probe/1.29"
66.249.66.1 - mary [20/Apr/2026:02:21:38 +0000] "GET /api/orders HTTP/2.0" 200 101696 "-" "kube-probe/1.29"
198.51.100.7 - svc_api [20/Apr/2026:02:21:45 +0000] "PUT /checkout HTTP/1.1" 204 392970 "https://example.com/" "curl/8.5.0"
10.0.0.5 - svc_api [20/Apr/2026:02:21:52 +0000] "POST /search?q=elastic HTTP/1.1" 401 594759
10.0.0.5 - john [20/Apr/2026:02:21:59 +0000] "POST / HTTP/1.1" 301 272070 "https://app.internal.local/" "kube-probe/1.29"
66.249.66.1 - admin [20/Apr/2026:02:22:06 +0000] "GET /api/orders HTTP/1.1" 302 89990 "https://app.internal.local/" "Mozilla/5.0 (Macintosh; Intel Mac OS X 10_15_7)"
172.16.4.22 - - [20/Apr/2026:02:22:13 +0000] "PUT / HTTP/1.1" 401 508883 "-" "Mozilla/5.0 (Macintosh; Intel Mac OS X 10_15_7)"
[Mon Apr 20 02:22:20.000000 2026] [pid 2000:tid 379005] [client 192.168.1.10:44626] [core:error] AH01071: Got error 'Primary script unknown'
198.51.100.7 - - [20/Apr/2026:02:22:27 +0000] "DELETE /search?q=elastic HTTP/2.0" 401 496339 "https://google.com/" "ELB-HealthChecker/2.0"
203.0.113.9 - mary [20/Apr/2026:02:22:34 +0000] "PUT /static/app.js HTTP/2.0" 301 986820 "https://google.com/" "kube-probe/1.29"
203.0.113.9 - admin [20/Apr/2026:02:22:41 +0000] "GET /static/app.js HTTP/2.0" 201 3354 "https://app.internal.local/" "kube-probe/1.29"
66.249.66.1 - john [20/Apr/2026:02:22:48 +0000] "GET /login HTTP/2.0" 502 788061
10.0.0.5 - mary [20/Apr/2026:02:22:55 +0000] "DELETE /admin HTTP/2.0" 500 197184 "-" "Mozilla/5.0 (Windows NT 10.0; Win64; x64)"
192.168.1.10 - mary [20/Apr/2026:02:23:02 +0000] "GET /static/app.js HTTP/2.0" 301 636357 "https://app.internal.local/" "kube-probe/1.29"
66.249.66.1 - admin [20/Apr/2026:02:23:09 +0000] "GET /static/app.js HTTP/2.0" 401 1034929 "-" "kube-probe/1.29"
172.16.4.22 - admin [20/Apr/2026:02:23:16 +0000] "POST /api/orders HTTP/1.1" 204 522232
192.168.1.10 - mary [20/Apr/2026:02:23:23 +0000] "HEAD /admin HTTP/1.1" 401 1001563 "-" "kube-probe/1.29"
[Mon Apr 20 02:23:30.000000 2026] [pid 9858:tid 352603] [client 10.0.0.5:14894] [proxy_http:notice] File does not exist: /var/www/html/favicon.ico
192.168.1.10 - svc_api [20/Apr/2026:02:23:37 +0000] "GET /api/orders HTTP/2.0" 400 803653 "https://google.com/" "curl/8.5.0"
66.249.66.1 - mary [20/Apr/2026:02:23:44 +0000] "DELETE /login HTTP/1.1" 403 664443
66.249.66.1 - svc_api [20/Apr/2026:02:23:51 +0000] "GET /static/app.js HTTP/1.1" 404 803682 "-" "Mozilla/5.0 (Windows NT 10.0; Win64; x64)"
203.0.113.9 - svc_api [20/Apr/2026:02:23:58 +0000] "HEAD /checkout HTTP/1.1" 301 271799 "-" "Mozilla/5.0 (Windows NT 10.0; Win64; x64)"
192.168.1.10 - - [20/Apr/2026:02:24:05 +0000] "GET /static/app.js HTTP/1.1" 502 987886 "-" "ELB-HealthChecker/2.0"
172.16.4.22 - john [20/Apr/2026:02:24:12 +0000] "PUT /checkout HTTP/1.1" 302 65011
198.51.100.7 - admin [20/Apr/2026:02:24:19 +0000] "POST /checkout HTTP/2.0" 304 - "https://google.com/" "curl/8.5.0"
198.51.100.7 - admin [20/Apr/2026:02:24:26 +0000] "HEAD /api/users HTTP/1.1" 400 9754 "https://app.internal.local/" "Mozilla/5.0 (Windows NT 10.0; Win64; x64)"
10.0.0.5 - mary [20/Apr/2026:02:24:33 +0000] "POST /admin HTTP/2.0" 204 630802 "https://google.com/" "curl/8.5.0"
[Mon Apr 20 02:24:40.000000 2026] [pid 1562:tid 727971] [client 172.16.4.22:21267] [core:warn] AH00126: Invalid URI in request
66.249.66.1 - john [20/Apr/2026:02:24:47 +0000] "DELETE /health HTTP/2.0" 200 1028922 "https://google.com/" "curl/8.5.0"
66.249.66.1 - john [20/Apr/2026:02:24:54 +0000] "POST / HTTP/1.1" 401 762849 "https://app.internal.local/" "Mozilla/5.0 (Windows NT 10.0; Win64; x64)"
66.249.66.1 - john [20/Apr/2026:02:25:01 +0000] "GET /search?q=elastic HTTP/2.0" 304 - "https://app.internal.local/" "kube-probe/1.29"
172.16.4.22 - svc_api [20/Apr/2026:02:25:08 +0000] "DELETE /login HTTP/2.0" 302 730323
10.0.0.5 - admin [20/Apr/2026:02:25:15 +0000] "DELETE /login HTTP/1.1" 304 - "-" "Mozilla/5.0 (Windows NT 10.0; Win64; x64)"
203.0.113.9 - john [20/Apr/2026:02:25:22 +0000] "HEAD /api/orders HTTP/2.0" 502 505996 "https://google.com/" "curl/8.5.0"
10.0.0.5 - john [20/Apr/2026:02:25:29 +0000] "POST / HTTP/2.0" 502 897849 "-" "curl/8.5.0"
203.0.113.9 - svc_api [20/Apr/2026:02:25:36 +0000] "POST / HTTP/1.1" 304 -
203.0.113.9 - john [20/Apr/2026:02:25:43 +0000] "GET /login HTTP/2.0" 404 455014 "https://example.com/" "kube-probe/1.29"
[Mon Apr 20 02:25:50.000000 2026] [pid 5014:tid 135644] [client 192.168.1.10:16808] [rewrite:warn] AH01630: client denied by server configuration
66.249.66.1 - admin [20/Apr/2026:02:25:57 +0000] "POST /checkout HTTP/1.1" 401 907028 "https://app.internal.local/" "Mozilla/5.0 (Windows NT 10.0; Win64; x64)"
66.249.66.1 - svc_api [20/Apr/2026:02:26:04 +0000] "PUT / HTTP/1.1" 201 86771
192.168.1.10 - svc_api [20/Apr/2026:02:26:11 +0000] "HEAD /api/users HTTP/1.1" 404 600935 "https://app.internal.local/" "Mozilla/5.0 (Windows NT 10.0; Win64; x64)"
66.249.66.1 - - [20/Apr/2026:02:26:18 +0000] "HEAD /api/orders HTTP/2.0" 401 676028 "https://app.internal.local/" "Mozilla/5.0 (Windows NT 10.0; Win64; x64)"
198.51.100.7 - john [20/Apr/2026:02:26:25 +0000] "GET /static/app.js HTTP/1.1" 502 953150 "https://example.com/" "kube-probe/1.29"
66.249.66.1 - - [20/Apr/2026:02:26:32 +0000] "DELETE /search?q=elastic HTTP/2.0" 201 544227
198.51.100.7 - admin [20/Apr/2026:02:26:39 +0000] "GET /api/users HTTP/1.1" 204 903996 "https://example.com/" "Mozilla/5.0 (Macintosh; Intel Mac OS X 10_15_7)"
198.51.100.7 - svc_api [20/Apr/2026:02:26:46 +0000] "PUT /login HTTP/1.1" 204 603136 "https://example.com/" "curl/8.5.0"
192.168.1.10 - admin [20/Apr/2026:02:26:53 +0000] "PUT / HTTP/1.1" 201 530854 "https://google.com/" "Mozilla/5.0 (Windows NT 10.0; Win64; x64)"
[Mon Apr 20 02:27:00.000000 2026] [pid 9919:tid 279938] [client 203.0.113.9:65059] [core:error] AH01630: client denied by server configuration
192.168.1.10 - admin [20/Apr/2026:02:27:07 +0000] "PUT /search?q=elastic HTTP/2.0" 204 605223 "https://app.internal.local/" "Mozilla/5.0 (Windows NT 10.0; Win64; x64)"
198.51.100.7 - mary [20/Apr/2026:02:27:14 +0000] "HEAD /search?q=elastic HTTP/1.1" 502 103938 "-" "curl/8.5.0"
192.168.1.10 - john [20/Apr/2026:02:27:21 +0000] "POST /health HTTP/1.1" 204 631514 "https://example.com/" "ELB-HealthChecker/2.0"
172.16.4.22 - mary [20/Apr/2026:02:27:28 +0000] "POST /checkout HTTP/1.1" 403 267472
172.16.4.22 - svc_api [20/Apr/2026:02:27:35 +0000] "POST /checkout HTTP/2.0" 201 990752 "https://google.com/" "kube-probe/1.29"
66.249.66.1 - john [20/Apr/2026:02:27:42 +0000] "HEAD /api/users HTTP/1.1" 500 768385 "https://google.com/" "curl/8.5.0"
66.249.66.1 - mary [20/Apr/2026:02:27:49 +0000] "HEAD /search?q=elastic HTTP/1.1" 400 861596 "https://example.com/" "Mozilla/5.0 (Windows NT 10.0; Win64; x64)"
203.0.113.9 - svc_api [20/Apr/2026:02:27:56 +0000] "GET /api/users HTTP/1.1" 302 130794
198.51.100.7 - - [20/Apr/2026:02:28:03 +0000] "HEAD /checkout HTTP/1.1" 304 - "-" "Mozilla/5.0 (Windows NT 10.0; Win64; x64)"
[Mon Apr 20 02:28:10.000000 2026] [pid 6464:tid 915866] [client 172.16.4.22:10613] [proxy_http:warn] File does not exist: /var/www/html/favicon.ico
192.168.1.10 - svc_api [20/Apr/2026:02:28:17 +0000] "POST /checkout HTTP/1.1" 201 184387 "https://google.com/" "ELB-HealthChecker/2.0"
203.0.113.9 - - [20/Apr/2026:02:28:24 +0000] "HEAD /static/app.js HTTP/2.0" 403 284340
198.51.100.7 - - [20/Apr/2026:02:28:31 +0000] "GET /api/orders HTTP/2.0" 400 189568 "https://google.com/" "ELB-HealthChecker/2.0"
198.51.100.7 - admin [20/Apr/2026:02:28:38 +0000] "DELETE /admin HTTP/1.1" 302 10078 "https://example.com/" "curl/8.5.0"
10.0.0.5 - svc_api [20/Apr/2026:02:28:45 +0000] "HEAD /health HTTP/1.1" 502 670362 "https://google.com/" "curl/8.5.0"
66.249.66.1 - admin [20/Apr/2026:02:28:52 +0000] "DELETE /admin HTTP/1.1" 401 1034274
172.16.4.22 - svc_api [20/Apr/2026:02:28:59 +0000] "HEAD /health HTTP/2.0" 400 546003 "https://example.com/" "Mozilla/5.0 (Windows NT 10.0; Win64; x64)"
66.249.66.1 - - [20/Apr/2026:02:29:06 +0000] "PUT /checkout HTTP/2.0" 201 665626 "-" "Mozilla/5.0 (Macintosh; Intel Mac OS X 10_15_7)"
66.249.66.1 - john [20/Apr/2026:02:29:13 +0000] "GET /api/orders HTTP/1.1" 201 779641 "https://google.com/" "ELB-HealthChecker/2.0"
[Mon Apr 20 02:29:20.000000 2026] [pid 9074:tid 947613] [client 192.168.1.10:64080] [rewrite:notice] AH01071: Got error 'Primary script unknown'
203.0.113.9 - svc_api [20/Apr/2026:02:29:27 +0000] "HEAD /search?q=elastic HTTP/1.1" 400 14695 "https://example.com/" "Mozilla/5.0 (Macintosh; Intel Mac OS X 10_15_7)"
66.249.66.1 - svc_api [20/Apr/2026:02:29:34 +0000] "HEAD /static/app.js HTTP/1.1" 502 693411 "-" "ELB-HealthChecker/2.0"
203.0.113.9 - john [20/Apr/2026:02:29:41 +0000] "HEAD /api/users HTTP/1.1" 201 385000 "https://example.com/" "ELB-HealthChecker/2.0"
172.16.4.22 - - [20/Apr/2026:02:29:48 +0000] "DELETE /admin HTTP/2.0" 204 391536
192.168.1.10 - mary [20/Apr/2026:02:29:55 +0000] "POST /search?q=elastic HTTP/1.1" 302 313830 "https://app.internal.local/" "Mozilla/5.0 (Windows NT 10.0; Win64; x64)"
172.16.4.22 - john [20/Apr/2026:02:30:02 +0000] "GET /checkout HTTP/1.1" 302 974361 "-" "kube-probe/1.29"
198.51.100.7 - svc_api [20/Apr/2026:02:30:09 +0000] "GET /static/app.js HTTP/1.1" 404 482836 "https://google.com/" "Mozilla/5.0 (Windows NT 10.0; Win64; x64)"
172.16.4.22 - - [20/Apr/2026:02:30:16 +0000] "GET /static/app.js HTTP/1.1" 400 371874
192.168.1.10 - - [20/Apr/2026:02:30:23 +0000] "DELETE /admin HTTP/1.1" 201 554917 "https://example.com/" "kube-probe/1.29"
[Mon Apr 20 02:30:30.000000 2026] [pid 3029:tid 611088] [client 192.168.1.10:11223] [authz_core:error] AH00126: Invalid URI in request
203.0.113.9 - mary [20/Apr/2026:02:30:37 +0000] "PUT /static/app.js HTTP/2.0" 204 562604 "https://google.com/" "Mozilla/5.0 (Macintosh; Intel Mac OS X 10_15_7)"
203.0.113.9 - svc_api [20/Apr/2026:02:30:44 +0000] "POST /api/orders HTTP/2.0" 502 455160
192.168.1.10 - mary [20/Apr/2026:02:30:51 +0000] "POST /login HTTP/1.1" 302 42331 "https://example.com/" "kube-probe/1.29"
203.0.113.9 - mary [20/Apr/2026:02:30:58 +0000] "GET /api/orders HTTP/1.1" 401 1006437 "https://google.com/" "Mozilla/5.0 (Macintosh; Intel Mac OS X 10_15_7)"
203.0.113.9 - svc_api [20/Apr/2026:02:31:05 +0000] "HEAD /admin HTTP/1.1" 304 - "https://app.internal.local/" "ELB-HealthChecker/2.0"
66.249.66.1 - svc_api [20/Apr/2026:02:31:12 +0000] "POST /login HTTP/1.1" 200 132370
10.0.0.5 - mary [20/Apr/2026:02:31:19 +0000] "HEAD / HTTP/1.1" 200 711379 "https://google.com/" "kube-probe/1.29"
198.51.100.7 - - [20/Apr/2026:02:31:26 +0000] "DELETE /admin HTTP/2.0" 302 509653 "-" "kube-probe/1.29"
10.0.0.5 - admin [20/Apr/2026:02:31:33 +0000] "POST /search?q=elastic HTTP/1.1" 301 294915 "-" "Mozilla/5.0 (Windows NT 10.0; Win64; x64)"
[Mon Apr 20 02:31:40.000000 2026] [pid 5052:tid 798698] [client 203.0.113.9:14027] [rewrite:notice] File does not exist: /var/www/html/favicon.ico
66.249.66.1 - admin [20/Apr/2026:02:31:47 +0000] "HEAD /api/orders HTTP/1.1" 404 659577 "https://example.com/" "curl/8.5.0"
192.168.1.10 - john [20/Apr/2026:02:31:54 +0000] "DELETE / HTTP/2.0" 301 974350 "https://example.com/" "kube-probe/1.29"
192.168.1.10 - admin [20/Apr/2026:02:32:01 +0000] "POST /login HTTP/1.1" 400 427202 "https://google.com/" "curl/8.5.0"
10.0.0.5 - mary [20/Apr/2026:02:32:08 +0000] "DELETE /admin HTTP/1.1" 403 447938
66.249.66.1 - - [20/Apr/2026:02:32:15 +0000] "PUT /login HTTP/2.0" 304 - "https://google.com/" "Mozilla/5.0 (Windows NT 10.0; Win64; x64)"
66.249.66.1 - svc_api [20/Apr/2026:02:32:22 +0000] "POST /static/app.js HTTP/1.1" 204 42995 "-" "Mozilla/5.0 (Macintosh; Intel Mac OS X 10_15_7)"
66.249.66.1 - mary [20/Apr/2026:02:32:29 +0000] "POST /health HTTP/2.0" 302 952732 "-" "kube-probe/1.29"
10.0.0.5 - mary [20/Apr/2026:02:32:36 +0000] "DELETE /static/app.js HTTP/2.0" 302 117066
192.168.1.10 - - [20/Apr/2026:02:32:43 +0000] "HEAD /api/orders HTTP/2.0" 304 - "https://google.com/" "ELB-HealthChecker/2.0"
[Mon Apr 20 02:32:50.000000 2026] [pid 9664:tid 734088] [client 172.16.4.22:16638] [authz_core:error] AH00126: Invalid URI in request
192.168.1.10 - - [20/Apr/2026:02:32:57 +0000] "POST /login HTTP/1.1" 404 1015487 "https://example.com/" "curl/8.5.0"
66.249.66.1 - svc_api [20/Apr/2026:02:33:04 +0000] "GET /login HTTP/2.0" 302 760705
203.0.113.9 - john [20/Apr/2026:02:33:11 +0000] "HEAD /api/orders HTTP/1.1" 204 201139 "https://app.internal.local/" "ELB-HealthChecker/2.0"
66.249.66.1 - mary [20/Apr/2026:02:33:18 +0000] "HEAD /static/app.js HTTP/2.0" 401 660580 "-" "kube-probe/1.29"
192.168.1.10 - svc_api [20/Apr/2026:02:33:25 +0000] "DELETE /search?q=elastic HTTP/1.1" 204 628378 "https://google.com/" "curl/8.5.0"
172.16.4.22 - - [20/Apr/2026:02:33:32 +0000] "HEAD / HTTP/1.1" 502 854220
203.0.113.9 - svc_api [20/Apr/2026:02:33:39 +0000] "HEAD /search?q=elastic HTTP/1.1" 204 459128 "https://app.internal.local/" "ELB-HealthChecker/2.0"
203.0.113.9 - svc_api [20/Apr/2026:02:33:46 +0000] "HEAD /health HTTP/1.1" 204 3895 "https://example.com/" "ELB-HealthChecker/2.0"
10.0.0.5 - admin [20/Apr/2026:02:33:53 +0000] "GET /search?q=elastic HTTP/2.0" 403 742253 "https://google.com/" "Mozilla/5.0 (Windows NT 10.0; Win64; x64)"
[Mon Apr 20 02:34:00.000000 2026] [pid 4609:tid 410759] [client 66.249.66.1:18621] [core:error] AH01071: Got error 'Primary script unknown'
192.168.1.10 - admin [20/Apr/2026:02:34:07 +0000] "POST /health HTTP/1.1" 500 155455 "https://google.com/" "curl/8.5.0"
172.16.4.22 - - [20/Apr/2026:02:34:14 +0000] "POST /api/users HTTP/1.1" 200 680274 "https://google.com/" "ELB-HealthChecker/2.0"
172.16.4.22 - mary [20/Apr/2026:02:34:21 +0000] "GET /search?q=elastic HTTP/2.0" 502 140221 "https://app.internal.local/" "ELB-HealthChecker/2.0"
172.16.4.22 - mary [20/Apr/2026:02:34:28 +0000] "GET / HTTP/2.0" 301 766080
172.16.4.22 - john [20/Apr/2026:02:34:35 +0000] "PUT / HTTP/1.1" 502 782116 "https://app.internal.local/" "Mozilla/5.0 (Windows NT 10.0; Win64; x64)"
66.249.66.1 - admin [20/Apr/2026:02:34:42 +0000] "HEAD /api/users HTTP/2.0" 301 340134 "https://google.com/" "curl/8.5.0"
198.51.100.7 - svc_api [20/Apr/2026:02:34:49 +0000] "POST /admin HTTP/1.1" 502 761686 "https://app.internal.local/" "Mozilla/5.0 (Windows NT 10.0; Win64; x64)"
10.0.0.5 - svc_api [20/Apr/2026:02:34:56 +0000] "GET /admin HTTP/1.1" 401 194135
10.0.0.5 - john [20/Apr/2026:02:35:03 +0000] "HEAD /admin HTTP/1.1" 500 295864 "-" "Mozilla/5.0 (Windows NT 10.0; Win64; x64)"
[Mon Apr 20 02:35:10.000000 2026] [pid 3669:tid 286367] [client 203.0.113.9:46071] [proxy_http:error] AH01071: Got error 'Primary script unknown'
192.168.1.10 - svc_api [20/Apr/2026:02:35:17 +0000] "POST /admin HTTP/2.0" 201 759610 "https://example.com/" "Mozilla/5.0 (Macintosh; Intel Mac OS X 10_15_7)"
198.51.100.7 - - [20/Apr/2026:02:35:24 +0000] "DELETE /checkout HTTP/1.1" 201 866833
192.168.1.10 - - [20/Apr/2026:02:35:31 +0000] "POST /api/users HTTP/1.1" 302 149684 "-" "Mozilla/5.0 (Macintosh; Intel Mac OS X 10_15_7)"
192.168.1.10 - admin [20/Apr/2026:02:35:38 +0000] "PUT /login HTTP/1.1" 204 503882 "https://app.internal.local/" "curl/8.5.0"
172.16.4.22 - mary [20/Apr/2026:02:35:45 +0000] "DELETE /api/orders HTTP/1.1" 200 570048 "https://google.com/" "ELB-HealthChecker/2.0"
192.168.1.10 - - [20/Apr/2026:02:35:52 +0000] "GET /login HTTP/2.0" 201 536511
203.0.113.9 - john [20/Apr/2026:02:35:59 +0000] "GET /api/users HTTP/1.1" 301 448003 "https://app.internal.local/" "curl/8.5.0"
172.16.4.22 - mary [20/Apr/2026:02:36:06 +0000] "POST /checkout HTTP/1.1" 401 177915 "-" "curl/8.5.0"
192.168.1.10 - mary [20/Apr/2026:02:36:13 +0000] "PUT /login HTTP/2.0" 201 378124 "-" "Mozilla/5.0 (Macintosh; Intel Mac OS X 10_15_7)"
[Mon Apr 20 02:36:20.000000 2026] [pid 3475:tid 286717] [client 203.0.113.9:35789] [authz_core:notice] AH01071: Got error 'Primary script unknown'
66.249.66.1 - svc_api [20/Apr/2026:02:36:27 +0000] "POST /health HTTP/2.0" 304 - "-" "Mozilla/5.0 (Windows NT 10.0; Win64; x64)"
203.0.113.9 - mary [20/Apr/2026:02:36:34 +0000] "PUT /login HTTP/1.1" 204 815685 "https://example.com/" "Mozilla/5.0 (Windows NT 10.0; Win64; x64)"
10.0.0.5 - svc_api [20/Apr/2026:02:36:41 +0000] "DELETE /admin HTTP/1.1" 201 606032 "https://app.internal.local/" "Mozilla/5.0 (Windows NT 10.0; Win64; x64)"
10.0.0.5 - - [20/Apr/2026:02:36:48 +0000] "PUT /api/orders HTTP/1.1" 400 369857
172.16.4.22 - svc_api [20/Apr/2026:02:36:55 +0000] "DELETE /admin HTTP/2.0" 404 832166 "https://google.com/" "curl/8.5.0"
66.249.66.1 - john [20/Apr/2026:02:37:02 +0000] "DELETE /checkout HTTP/2.0" 403 559819 "https://app.internal.local/" "ELB-HealthChecker/2.0"
198.51.100.7 - john [20/Apr/2026:02:37:09 +0000] "DELETE /login HTTP/2.0" 403 606067 "https://example.com/" "Mozilla/5.0 (Macintosh; Intel Mac OS X 10_15_7)"
10.0.0.5 - mary [20/Apr/2026:02:37:16 +0000] "GET /api/users HTTP/1.1" 304 -
198.51.100.7 - svc_api [20/Apr/2026:02:37:23 +0000] "POST /login HTTP/1.1" 304 - "https://google.com/" "curl/8.5.0"
[Mon Apr 20 02:37:30.000000 2026] [pid 5828:tid 582752] [client 10.0.0.5:55763] [rewrite:error] AH01071: Got error 'Primary script unknown'
10.0.0.5 - - [20/Apr/2026:02:37:37 +0000] "POST /login HTTP/1.1" 400 768811 "-" "kube-probe/1.29"
172.16.4.22 - - [20/Apr/2026:02:37:44 +0000] "GET /login HTTP/2.0" 404 912881
10.0.0.5 - - [20/Apr/2026:02:37:51 +0000] "POST /static/app.js HTTP/1.1" 201 257069 "-" "Mozilla/5.0 (Macintosh; Intel Mac OS X 10_15_7)"
198.51.100.7 - svc_api [20/Apr/2026:02:37:58 +0000] "POST /api/orders HTTP/2.0" 502 147038 "https://google.com/" "kube-probe/1.29"
203.0.113.9 - mary [20/Apr/2026:02:38:05 +0000] "DELETE / HTTP/2.0" 201 163579 "-" "Mozilla/5.0 (Macintosh; Intel Mac OS X 10_15_7)"
198.51.100.7 - john [20/Apr/2026:02:38:12 +0000] "HEAD /api/orders HTTP/1.1" 400 873248
203.0.113.9 - svc_api [20/Apr/2026:02:38:19 +0000] "HEAD /health HTTP/2.0" 502 238476 "https://app.internal.local/" "curl/8.5.0"
172.16.4.22 - - [20/Apr/2026:02:38:26 +0000] "HEAD /checkout HTTP/1.1" 502 222275 "https://app.internal.local/" "ELB-HealthChecker/2.0"
192.168.1.10 - john [20/Apr/2026:02:38:33 +0000] "DELETE /api/orders HTTP/1.1" 502 491310 "https://app.internal.local/" "Mozilla/5.0 (Windows NT 10.0; Win64; x64)"
[Mon Apr 20 02:38:40.000000 2026] [pid 7637:tid 967438] [client 203.0.113.9:11825] [core:warn] AH00126: Invalid URI in request
10.0.0.5 - mary [20/Apr/2026:02:38:47 +0000] "GET /login HTTP/1.1" 304 - "https://google.com/" "Mozilla/5.0 (Macintosh; Intel Mac OS X 10_15_7)"
10.0.0.5 - mary [20/Apr/2026:02:38:54 +0000] "POST /search?q=elastic HTTP/1.1" 201 222323 "-" "Mozilla/5.0 (Windows NT 10.0; Win64; x64)"
10.0.0.5 - admin [20/Apr/2026:02:39:01 +0000] "POST / HTTP/1.1" 302 89290 "-" "ELB-HealthChecker/2.0"
203.0.113.9 - - [20/Apr/2026:02:39:08 +0000] "GET /static/app.js HTTP/1.1" 302 9010
172.16.4.22 - mary [20/Apr/2026:02:39:15 +0000] "DELETE /search?q=elastic HTTP/1.1" 304 - "https://app.internal.local/" "Mozilla/5.0 (Windows NT 10.0; Win64; x64)"
10.0.0.5 - - [20/Apr/2026:02:39:22 +0000] "PUT /checkout HTTP/1.1" 403 846839 "https://example.com/" "Mozilla/5.0 (Macintosh; Intel Mac OS X 10_15_7)"
198.51.100.7 - svc_api [20/Apr/2026:02:39:29 +0000] "DELETE / HTTP/2.0" 204 159018 "https://app.internal.local/" "Mozilla/5.0 (Macintosh; Intel Mac OS X 10_15_7)"
66.249.66.1 - - [20/Apr/2026:02:39:36 +0000] "POST /api/users HTTP/1.1" 502 168990
198.51.100.7 - admin [20/Apr/2026:02:39:43 +0000] "HEAD /search?q=elastic HTTP/2.0" 401 823621 "https://example.com/" "Mozilla/5.0 (Windows NT 10.0; Win64; x64)"
[Mon Apr 20 02:39:50.000000 2026] [pid 5765:tid 477819] [client 198.51.100.7:57119] [rewrite:error] AH00126: Invalid URI in request
10.0.0.5 - john [20/Apr/2026:02:39:57 +0000] "HEAD /login HTTP/1.1" 404 658405 "https://app.internal.local/" "Mozilla/5.0 (Macintosh; Intel Mac OS X 10_15_7)"
192.168.1.10 - john [20/Apr/2026:02:40:04 +0000] "PUT /search?q=elastic HTTP/1.1" 401 98805
203.0.113.9 - mary [20/Apr/2026:02:40:11 +0000] "POST /health HTTP/1.1" 201 293844 "https://google.com/" "Mozilla/5.0 (Windows NT 10.0; Win64; x64)"
192.168.1.10 - - [20/Apr/2026:02:40:18 +0000] "POST /admin HTTP/2.0" 401 1026134 "https://google.com/" "kube-probe/1.29"
66.249.66.1 - john [20/Apr/2026:02:40:25 +0000] "GET /admin HTTP/1.1" 304 - "https://google.com/" "kube-probe/1.29"
203.0.113.9 - admin [20/Apr/2026:02:40:32 +0000] "POST /admin HTTP/2.0" 403 885994
198.51.100.7 - mary [20/Apr/2026:02:40:39 +0000] "PUT /login HTTP/2.0" 403 472075 "https://google.com/" "Mozilla/5.0 (Macintosh; Intel Mac OS X 10_15_7)"
198.51.100.7 - - [20/Apr/2026:02:40:46 +0000] "POST /search?q=elastic HTTP/1.1" 204 894618 "-" "Mozilla/5.0 (Windows NT 10.0; Win64; x64)"
203.0.113.9 - john [20/Apr/2026:02:40:53 +0000] "HEAD /checkout HTTP/1.1" 301 407201 "https://app.internal.local/" "Mozilla/5.0 (Macintosh; Intel Mac OS X 10_15_7)"
[Mon Apr 20 02:41:00.000000 2026] [pid 6716:tid 588508] [client 203.0.113.9:43129] [rewrite:error] File does not exist: /var/www/html/favicon.ico
10.0.0.5 - - [20/Apr/2026:02:41:07 +0000] "DELETE /checkout HTTP/1.1" 400 344808 "-" "Mozilla/5.0 (Windows NT 10.0; Win64; x64)"
172.16.4.22 - admin [20/Apr/2026:02:41:14 +0000] "DELETE /api/users HTTP/2.0" 201 292017 "https://app.internal.local/" "Mozilla/5.0 (Macintosh; Intel Mac OS X 10_15_7)"
198.51.100.7 - john [20/Apr/2026:02:41:21 +0000] "DELETE /api/orders HTTP/1.1" 304 - "-" "ELB-HealthChecker/2.0"
203.0.113.9 - - [20/Apr/2026:02:41:28 +0000] "PUT /checkout HTTP/2.0" 301 56824
10.0.0.5 - - [20/Apr/2026:02:41:35 +0000] "DELETE /health HTTP/2.0" 500 184780 "-" "curl/8.5.0"
192.168.1.10 - mary [20/Apr/2026:02:41:42 +0000] "DELETE /login HTTP/2.0" 502 473469 "https://app.internal.local/" "ELB-HealthChecker/2.0"
10.0.0.5 - mary [20/Apr/2026:02:41:49 +0000] "POST / HTTP/1.1" 400 358753 "https://google.com/" "curl/8.5.0"
10.0.0.5 - mary [20/Apr/2026:02:41:56 +0000] "DELETE /admin HTTP/2.0" 403 722411
10.0.0.5 - svc_api [20/Apr/2026:02:42:03 +0000] "PUT /checkout HTTP/1.1" 403 821230 "https://example.com/" "Mozilla/5.0 (Macintosh; Intel Mac OS X 10_15_7)"
[Mon Apr 20 02:42:10.000000 2026] [pid 3369:tid 439458] [client 66.249.66.1:54993] [authz_core:error] AH01071: Got error 'Primary script unknown'
203.0.113.9 - john [20/Apr/2026:02:42:17 +0000] "DELETE /static/app.js HTTP/1.1" 500 426247 "https://google.com/" "ELB-HealthChecker/2.0"
66.249.66.1 - - [20/Apr/2026:02:42:24 +0000] "DELETE /api/orders HTTP/2.0" 500 1016669
198.51.100.7 - - [20/Apr/2026:02:42:31 +0000] "GET /api/users HTTP/1.1" 400 730396 "https://example.com/" "ELB-HealthChecker/2.0"
203.0.113.9 - john [20/Apr/2026:02:42:38 +0000] "PUT /api/users HTTP/1.1" 500 604976 "-" "Mozilla/5.0 (Windows NT 10.0; Win64; x64)"
172.16.4.22 - - [20/Apr/2026:02:42:45 +0000] "PUT /health HTTP/1.1" 502 523496 "https://app.internal.local/" "kube-probe/1.29"
203.0.113.9 - mary [20/Apr/2026:02:42:52 +0000] "PUT /search?q=elastic HTTP/2.0" 403 1021506
172.16.4.22 - - [20/Apr/2026:02:42:59 +0000] "POST /admin HTTP/2.0" 304 - "https://example.com/" "ELB-HealthChecker/2.0"
198.51.100.7 - john [20/Apr/2026:02:43:06 +0000] "HEAD /checkout HTTP/2.0" 302 886262 "https://app.internal.local/" "Mozilla/5.0 (Windows NT 10.0; Win64; x64)"
66.249.66.1 - admin [20/Apr/2026:02:43:13 +0000] "GET /login HTTP/1.1" 201 681300 "-" "ELB-HealthChecker/2.0"
[Mon Apr 20 02:43:20.000000 2026] [pid 7738:tid 208711] [client 203.0.113.9:50172] [core:notice] AH00126: Invalid URI in request
198.51.100.7 - admin [20/Apr/2026:02:43:27 +0000] "GET /health HTTP/2.0" 301 233825 "https://app.internal.local/" "ELB-HealthChecker/2.0"
203.0.113.9 - - [20/Apr/2026:02:43:34 +0000] "POST /admin HTTP/1.1" 304 - "https://app.internal.local/" "kube-probe/1.29"
66.249.66.1 - svc_api [20/Apr/2026:02:43:41 +0000] "GET /static/app.js HTTP/1.1" 403 297500 "https://google.com/" "Mozilla/5.0 (Windows NT 10.0; Win64; x64)"
172.16.4.22 - svc_api [20/Apr/2026:02:43:48 +0000] "POST / HTTP/2.0" 200 16404
192.168.1.10 - john [20/Apr/2026:02:43:55 +0000] "PUT /search?q=elastic HTTP/2.0" 304 - "https://example.com/" "ELB-HealthChecker/2.0"
203.0.113.9 - john [20/Apr/2026:02:44:02 +0000] "HEAD /checkout HTTP/1.1" 404 675858 "https://app.internal.local/" "Mozilla/5.0 (Macintosh; Intel Mac OS X 10_15_7)"
198.51.100.7 - svc_api [20/Apr/2026:02:44:09 +0000] "POST /checkout HTTP/1.1" 400 948212 "https://google.com/" "ELB-HealthChecker/2.0"
10.0.0.5 - svc_api [20/Apr/2026:02:44:16 +0000] "POST /login HTTP/1.1" 403 124242
66.249.66.1 - admin [20/Apr/2026:02:44:23 +0000] "DELETE /health HTTP/1.1" 304 - "https://example.com/" "Mozilla/5.0 (Macintosh; Intel Mac OS X 10_15_7)"
[Mon Apr 20 02:44:30.000000 2026] [pid 2528:tid 126885] [client 203.0.113.9:1780] [proxy_http:error] File does not exist: /var/www/html/favicon.ico
198.51.100.7 - svc_api [20/Apr/2026:02:44:37 +0000] "GET /api/orders HTTP/2.0" 500 662297 "https://google.com/" "curl/8.5.0"
10.0.0.5 - john [20/Apr/2026:02:44:44 +0000] "PUT /api/users HTTP/1.1" 502 818039
203.0.113.9 - mary [20/Apr/2026:02:44:51 +0000] "GET /health HTTP/1.1" 204 658036 "-" "ELB-HealthChecker/2.0"
192.168.1.10 - - [20/Apr/2026:02:44:58 +0000] "DELETE /login HTTP/1.1" 204 296303 "https://google.com/" "curl/8.5.0"
192.168.1.10 - - [20/Apr/2026:02:45:05 +0000] "DELETE /static/app.js HTTP/1.1" 400 105681 "https://app.internal.local/" "Mozilla/5.0 (Macintosh; Intel Mac OS X 10_15_7)"
203.0.113.9 - - [20/Apr/2026:02:45:12 +0000] "DELETE /login HTTP/1.1" 500 440424
203.0.113.9 - mary [20/Apr/2026:02:45:19 +0000] "DELETE /api/orders HTTP/1.1" 302 10752 "https://example.com/" "ELB-HealthChecker/2.0"
66.249.66.1 - admin [20/Apr/2026:02:45:26 +0000] "GET /login HTTP/2.0" 304 - "https://app.internal.local/" "ELB-HealthChecker/2.0"
198.51.100.7 - admin [20/Apr/2026:02:45:33 +0000] "GET /api/orders HTTP/2.0" 201 202332 "-" "ELB-HealthChecker/2.0"
[Mon Apr 20 02:45:40.000000 2026] [pid 1377:tid 643157] [client 198.51.100.7:50894] [proxy_http:error] AH01630: client denied by server configuration
192.168.1.10 - john [20/Apr/2026:02:45:47 +0000] "GET /static/app.js HTTP/1.1" 301 87616 "https://example.com/" "Mozilla/5.0 (Windows NT 10.0; Win64; x64)"
172.16.4.22 - svc_api [20/Apr/2026:02:45:54 +0000] "POST /login HTTP/2.0" 502 578406 "https://google.com/" "kube-probe/1.29"
66.249.66.1 - svc_api [20/Apr/2026:02:46:01 +0000] "DELETE /search?q=elastic HTTP/2.0" 301 262361 "https://example.com/" "curl/8.5.0"
66.249.66.1 - mary [20/Apr/2026:02:46:08 +0000] "DELETE /login HTTP/2.0" 204 832793
10.0.0.5 - svc_api [20/Apr/2026:02:46:15 +0000] "DELETE /admin HTTP/2.0" 404 783489 "https://google.com/" "Mozilla/5.0 (Windows NT 10.0; Win64; x64)"
198.51.100.7 - - [20/Apr/2026:02:46:22 +0000] "HEAD /checkout HTTP/2.0" 301 594811 "https://google.com/" "Mozilla/5.0 (Windows NT 10.0; Win64; x64)"
66.249.66.1 - - [20/Apr/2026:02:46:29 +0000] "DELETE /api/orders HTTP/1.1" 403 265476 "https://app.internal.local/" "Mozilla/5.0 (Windows NT 10.0; Win64; x64)"
198.51.100.7 - admin [20/Apr/2026:02:46:36 +0000] "PUT /checkout HTTP/1.1" 201 188763
172.16.4.22 - svc_api [20/Apr/2026:02:46:43 +0000] "POST /static/app.js HTTP/1.1" 201 225756 "https://google.com/" "Mozilla/5.0 (Windows NT 10.0; Win64; x64)"
[Mon Apr 20 02:46:50.000000 2026] [pid 3376:tid 917380] [client 172.16.4.22:9039] [core:warn] File does not exist: /var/www/html/favicon.ico
66.249.66.1 - mary [20/Apr/2026:02:46:57 +0000] "POST /admin HTTP/2.0" 301 589042 "-" "kube-probe/1.29"
172.16.4.22 - admin [20/Apr/2026:02:47:04 +0000] "POST /search?q=elastic HTTP/1.1" 201 588327
172.16.4.22 - admin [20/Apr/2026:02:47:11 +0000] "GET /checkout HTTP/2.0" 304 - "https://google.com/" "curl/8.5.0"
10.0.0.5 - - [20/Apr/2026:02:47:18 +0000] "DELETE /admin HTTP/1.1" 302 441819 "-" "Mozilla/5.0 (Macintosh; Intel Mac OS X 10_15_7)"
203.0.113.9 - john [20/Apr/2026:02:47:25 +0000] "HEAD /static/app.js HTTP/2.0" 301 604533 "-" "Mozilla/5.0 (Windows NT 10.0; Win64; x64)"
192.168.1.10 - admin [20/Apr/2026:02:47:32 +0000] "GET /admin HTTP/2.0" 204 882646
203.0.113.9 - - [20/Apr/2026:02:47:39 +0000] "HEAD /search?q=elastic HTTP/1.1" 304 - "-" "Mozilla/5.0 (Macintosh; Intel Mac OS X 10_15_7)"
203.0.113.9 - - [20/Apr/2026:02:47:46 +0000] "DELETE /health HTTP/2.0" 304 - "https://google.com/" "kube-probe/1.29"
192.168.1.10 - admin [20/Apr/2026:02:47:53 +0000] "PUT /admin HTTP/1.1" 400 313061 "https://app.internal.local/" "kube-probe/1.29"
[Mon Apr 20 02:48:00.000000 2026] [pid 2989:tid 984028] [client 172.16.4.22:62477] [core:error] AH01071: Got error 'Primary script unknown'
192.168.1.10 - - [20/Apr/2026:02:48:07 +0000] "POST /login HTTP/2.0" 502 759554 "https://app.internal.local/" "curl/8.5.0"
10.0.0.5 - - [20/Apr/2026:02:48:14 +0000] "POST /static/app.js HTTP/1.1" 502 910299 "-" "Mozilla/5.0 (Windows NT 10.0; Win64; x64)"
192.168.1.10 - - [20/Apr/2026:02:48:21 +0000] "GET /health HTTP/1.1" 302 345446 "https://app.internal.local/" "Mozilla/5.0 (Windows NT 10.0; Win64; x64)"
66.249.66.1 - john [20/Apr/2026:02:48:28 +0000] "POST /admin HTTP/1.1" 204 334964
10.0.0.5 - admin [20/Apr/2026:02:48:35 +0000] "DELETE /admin HTTP/1.1" 403 553337 "https://example.com/" "ELB-HealthChecker/2.0"
203.0.113.9 - svc_api [20/Apr/2026:02:48:42 +0000] "PUT /static/app.js HTTP/2.0" 301 96378 "https://google.com/" "Mozilla/5.0 (Windows NT 10.0; Win64; x64)"
66.249.66.1 - - [20/Apr/2026:02:48:49 +0000] "PUT /search?q=elastic HTTP/1.1" 500 678689 "https://example.com/" "Mozilla/5.0 (Macintosh; Intel Mac OS X 10_15_7)"
192.168.1.10 - svc_api [20/Apr/2026:02:48:56 +0000] "GET /api/users HTTP/1.1" 500 226754
203.0.113.9 - svc_api [20/Apr/2026:02:49:03 +0000] "POST /admin HTTP/1.1" 304 - "https://example.com/" "ELB-HealthChecker/2.0"
[Mon Apr 20 02:49:10.000000 2026] [pid 9644:tid 638891] [client 172.16.4.22:50863] [authz_core:notice] AH00126: Invalid URI in request
66.249.66.1 - john [20/Apr/2026:02:49:17 +0000] "HEAD /login HTTP/1.1" 301 961346 "https://google.com/" "kube-probe/1.29"
203.0.113.9 - admin [20/Apr/2026:02:49:24 +0000] "HEAD /api/users HTTP/2.0" 301 72093
172.16.4.22 - svc_api [20/Apr/2026:02:49:31 +0000] "POST /health HTTP/1.1" 204 483465 "-" "Mozilla/5.0 (Macintosh; Intel Mac OS X 10_15_7)"
10.0.0.5 - - [20/Apr/2026:02:49:38 +0000] "DELETE /api/orders HTTP/2.0" 200 499494 "https://app.internal.local/" "Mozilla/5.0 (Windows NT 10.0; Win64; x64)"
172.16.4.22 - - [20/Apr/2026:02:49:45 +0000] "HEAD /login HTTP/2.0" 400 222487 "https://example.com/" "kube-probe/1.29"
198.51.100.7 - svc_api [20/Apr/2026:02:49:52 +0000] "HEAD /static/app.js HTTP/1.1" 401 285950
172.16.4.22 - - [20/Apr/2026:02:49:59 +0000] "GET /checkout HTTP/2.0" 301 308407 "https://example.com/" "kube-probe/1.29"
10.0.0.5 - admin [20/Apr/2026:02:50:06 +0000] "PUT /search?q=elastic HTTP/2.0" 403 454746 "-" "Mozilla/5.0 (Macintosh; Intel Mac OS X 10_15_7)"
66.249.66.1 - john [20/Apr/2026:02:50:13 +0000] "GET /api/users HTTP/1.1" 200 938656 "-" "ELB-HealthChecker/2.0"
[Mon Apr 20 02:50:20.000000 2026] [pid 5361:tid 350365] [client 192.168.1.10:35897] [core:warn] AH01071: Got error 'Primary script unknown'
198.51.100.7 - svc_api [20/Apr/2026:02:50:27 +0000] "DELETE /checkout HTTP/1.1" 301 769695 "https://google.com/" "kube-probe/1.29"
10.0.0.5 - john [20/Apr/2026:02:50:34 +0000] "POST /static/app.js HTTP/2.0" 502 625399 "https://google.com/" "Mozilla/5.0 (Macintosh; Intel Mac OS X 10_15_7)"
192.168.1.10 - john [20/Apr/2026:02:50:41 +0000] "HEAD /admin HTTP/2.0" 502 250330 "https://example.com/" "Mozilla/5.0 (Windows NT 10.0; Win64; x64)"
66.249.66.1 - - [20/Apr/2026:02:50:48 +0000] "POST /api/orders HTTP/2.0" 401 148843
192.168.1.10 - svc_api [20/Apr/2026:02:50:55 +0000] "DELETE /static/app.js HTTP/1.1" 204 1021821 "https://google.com/" "Mozilla/5.0 (Macintosh; Intel Mac OS X 10_15_7)"
10.0.0.5 - - [20/Apr/2026:02:51:02 +0000] "HEAD /static/app.js HTTP/2.0" 404 1175 "https://app.internal.local/" "curl/8.5.0"
203.0.113.9 - - [20/Apr/2026:02:51:09 +0000] "GET / HTTP/2.0" 301 550904 "https://example.com/" "curl/8.5.0"
192.168.1.10 - - [20/Apr/2026:02:51:16 +0000] "PUT /static/app.js HTTP/2.0" 401 770629
172.16.4.22 - admin [20/Apr/2026:02:51:23 +0000] "PUT /admin HTTP/2.0" 304 - "https://app.internal.local/" "Mozilla/5.0 (Macintosh; Intel Mac OS X 10_15_7)"
[Mon Apr 20 02:51:30.000000 2026] [pid 6777:tid 415761] [client 66.249.66.1:22895] [rewrite:error] AH01630: client denied by server configuration
66.249.66.1 - admin [20/Apr/2026:02:51:37 +0000] "GET /api/orders HTTP/2.0" 301 691516 "https://example.com/" "Mozilla/5.0 (Windows NT 10.0; Win64; x64)"
203.0.113.9 - - [20/Apr/2026:02:51:44 +0000] "POST /checkout HTTP/2.0" 301 780643
192.168.1.10 - john [20/Apr/2026:02:51:51 +0000] "DELETE /login HTTP/2.0" 500 711894 "https://app.internal.local/" "ELB-HealthChecker/2.0"
10.0.0.5 - mary [20/Apr/2026:02:51:58 +0000] "PUT /static/app.js HTTP/2.0" 404 437684 "https://google.com/" "Mozilla/5.0 (Windows NT 10.0; Win64; x64)"
10.0.0.5 - - [20/Apr/2026:02:52:05 +0000] "HEAD /search?q=elastic HTTP/2.0" 404 129054 "https://app.internal.local/" "kube-probe/1.29"
198.51.100.7 - mary [20/Apr/2026:02:52:12 +0000] "PUT /login HTTP/1.1" 401 972394
66.249.66.1 - john [20/Apr/2026:02:52:19 +0000] "DELETE /api/orders HTTP/2.0" 404 585373 "https://example.com/" "Mozilla/5.0 (Windows NT 10.0; Win64; x64)"
203.0.113.9 - mary [20/Apr/2026:02:52:26 +0000] "GET /health HTTP/1.1" 401 43062 "https://example.com/" "Mozilla/5.0 (Windows NT 10.0; Win64; x64)"
198.51.100.7 - - [20/Apr/2026:02:52:33 +0000] "GET /admin HTTP/2.0" 200 451346 "https://google.com/" "Mozilla/5.0 (Macintosh; Intel Mac OS X 10_15_7)"
[Mon Apr 20 02:52:40.000000 2026] [pid 1817:tid 363647] [client 10.0.0.5:23975] [authz_core:notice] AH01071: Got error 'Primary script unknown'
192.168.1.10 - mary [20/Apr/2026:02:52:47 +0000] "POST /api/users HTTP/2.0" 404 962985 "-" "Mozilla/5.0 (Windows NT 10.0; Win64; x64)"
10.0.0.5 - - [20/Apr/2026:02:52:54 +0000] "DELETE /static/app.js HTTP/1.1" 500 668109 "https://app.internal.local/" "kube-probe/1.29"
203.0.113.9 - - [20/Apr/2026:02:53:01 +0000] "PUT /health HTTP/2.0" 204 591419 "https://app.internal.local/" "Mozilla/5.0 (Windows NT 10.0; Win64; x64)"
198.51.100.7 - john [20/Apr/2026:02:53:08 +0000] "POST /health HTTP/1.1" 400 581328
10.0.0.5 - mary [20/Apr/2026:02:53:15 +0000] "PUT /login HTTP/2.0" 404 972274 "https://app.internal.local/" "ELB-HealthChecker/2.0"
10.0.0.5 - svc_api [20/Apr/2026:02:53:22 +0000] "DELETE /login HTTP/1.1" 403 463487 "https://google.com/" "ELB-HealthChecker/2.0"
66.249.66.1 - mary [20/Apr/2026:02:53:29 +0000] "DELETE /static/app.js HTTP/2.0" 401 441052 "https://app.internal.local/" "kube-probe/1.29"
192.168.1.10 - admin [20/Apr/2026:02:53:36 +0000] "GET /checkout HTTP/1.1" 204 645212
172.16.4.22 - john [20/Apr/2026:02:53:43 +0000] "HEAD /search?q=elastic HTTP/2.0" 204 651170 "https://google.com/" "Mozilla/5.0 (Macintosh; Intel Mac OS X 10_15_7)"
[Mon Apr 20 02:53:50.000000 2026] [pid 7433:tid 232053] [client 203.0.113.9:44938] [core:warn] AH00126: Invalid URI in request
192.168.1.10 - - [20/Apr/2026:02:53:57 +0000] "GET /health HTTP/1.1" 304 - "-" "Mozilla/5.0 (Windows NT 10.0; Win64; x64)"
198.51.100.7 - svc_api [20/Apr/2026:02:54:04 +0000] "PUT / HTTP/1.1" 502 613135
66.249.66.1 - admin [20/Apr/2026:02:54:11 +0000] "GET /api/users HTTP/1.1" 403 776510 "https://app.internal.local/" "curl/8.5.0"
10.0.0.5 - john [20/Apr/2026:02:54:18 +0000] "PUT /health HTTP/1.1" 401 654079 "https://example.com/" "Mozilla/5.0 (Macintosh; Intel Mac OS X 10_15_7)"
192.168.1.10 - - [20/Apr/2026:02:54:25 +0000] "POST /login HTTP/1.1" 301 214337 "-" "kube-probe/1.29"
192.168.1.10 - admin [20/Apr/2026:02:54:32 +0000] "DELETE /checkout HTTP/1.1" 201 314612
203.0.113.9 - svc_api [20/Apr/2026:02:54:39 +0000] "POST /api/users HTTP/2.0" 404 714536 "https://app.internal.local/" "ELB-HealthChecker/2.0"
192.168.1.10 - svc_api [20/Apr/2026:02:54:46 +0000] "POST / HTTP/1.1" 204 858431 "https://example.com/" "curl/8.5.0"
198.51.100.7 - admin [20/Apr/2026:02:54:53 +0000] "POST /admin HTTP/2.0" 302 303629 "-" "ELB-HealthChecker/2.0"
[Mon Apr 20 02:55:00.000000 2026] [pid 9076:tid 485183] [client 66.249.66.1:19058] [rewrite:warn] File does not exist: /var/www/html/favicon.ico
203.0.113.9 - svc_api [20/Apr/2026:02:55:07 +0000] "DELETE /api/orders HTTP/1.1" 302 479405 "-" "ELB-HealthChecker/2.0"
203.0.113.9 - - [20/Apr/2026:02:55:14 +0000] "HEAD /health HTTP/1.1" 500 682137 "https://app.internal.local/" "Mozilla/5.0 (Macintosh; Intel Mac OS X 10_15_7)"
172.16.4.22 - john [20/Apr/2026:02:55:21 +0000] "DELETE /admin HTTP/2.0" 200 1029563 "https://example.com/" "Mozilla/5.0 (Windows NT 10.0; Win64; x64)"
198.51.100.7 - admin [20/Apr/2026:02:55:28 +0000] "POST /static/app.js HTTP/2.0" 403 65934
10.0.0.5 - john [20/Apr/2026:02:55:35 +0000] "PUT /static/app.js HTTP/2.0" 502 900494 "https://example.com/" "Mozilla/5.0 (Windows NT 10.0; Win64; x64)"
66.249.66.1 - mary [20/Apr/2026:02:55:42 +0000] "DELETE /login HTTP/2.0" 400 1009432 "https://app.internal.local/" "ELB-HealthChecker/2.0"
66.249.66.1 - john [20/Apr/2026:02:55:49 +0000] "HEAD /search?q=elastic HTTP/2.0" 204 731783 "https://google.com/" "ELB-HealthChecker/2.0"
198.51.100.7 - mary [20/Apr/2026:02:55:56 +0000] "HEAD /checkout HTTP/1.1" 200 31075
66.249.66.1 - john [20/Apr/2026:02:56:03 +0000] "POST /login HTTP/1.1" 401 979735 "https://app.internal.local/" "Mozilla/5.0 (Windows NT 10.0; Win64; x64)"
[Mon Apr 20 02:56:10.000000 2026] [pid 4793:tid 909231] [client 66.249.66.1:53164] [proxy_http:error] AH01071: Got error 'Primary script unknown'
66.249.66.1 - svc_api [20/Apr/2026:02:56:17 +0000] "DELETE /login HTTP/1.1" 404 262771 "-" "Mozilla/5.0 (Macintosh; Intel Mac OS X 10_15_7)"
66.249.66.1 - - [20/Apr/2026:02:56:24 +0000] "DELETE /static/app.js HTTP/1.1" 204 336879
192.168.1.10 - svc_api [20/Apr/2026:02:56:31 +0000] "DELETE /api/orders HTTP/1.1" 301 264880 "https://app.internal.local/" "kube-probe/1.29"
66.249.66.1 - mary [20/Apr/2026:02:56:38 +0000] "POST /api/users HTTP/1.1" 400 853490 "https://example.com/" "Mozilla/5.0 (Macintosh; Intel Mac OS X 10_15_7)"
198.51.100.7 - - [20/Apr/2026:02:56:45 +0000] "GET /api/users HTTP/1.1" 204 936803 "-" "Mozilla/5.0 (Windows NT 10.0; Win64; x64)"
203.0.113.9 - admin [20/Apr/2026:02:56:52 +0000] "HEAD /login HTTP/2.0" 204 715627
66.249.66.1 - admin [20/Apr/2026:02:56:59 +0000] "DELETE /api/users HTTP/1.1" 404 867896 "https://app.internal.local/" "ELB-HealthChecker/2.0"
172.16.4.22 - mary [20/Apr/2026:02:57:06 +0000] "HEAD /search?q=elastic HTTP/1.1" 201 460317 "https://app.internal.local/" "kube-probe/1.29"
192.168.1.10 - admin [20/Apr/2026:02:57:13 +0000] "GET /api/orders HTTP/2.0" 201 123775 "https://app.internal.local/" "curl/8.5.0"
[Mon Apr 20 02:57:20.000000 2026] [pid 1843:tid 730707] [client 198.51.100.7:22711] [core:error] AH01630: client denied by server configuration
172.16.4.22 - svc_api [20/Apr/2026:02:57:27 +0000] "PUT /login HTTP/1.1" 302 78529 "https://example.com/" "ELB-HealthChecker/2.0"
198.51.100.7 - admin [20/Apr/2026:02:57:34 +0000] "PUT /checkout HTTP/1.1" 403 731520 "-" "ELB-HealthChecker/2.0"
203.0.113.9 - mary [20/Apr/2026:02:57:41 +0000] "GET / HTTP/2.0" 400 273673 "https://example.com/" "Mozilla/5.0 (Windows NT 10.0; Win64; x64)"
192.168.1.10 - john [20/Apr/2026:02:57:48 +0000] "POST /search?q=elastic HTTP/2.0" 500 956756
192.168.1.10 - john [20/Apr/2026:02:57:55 +0000] "DELETE /login HTTP/1.1" 304 - "-" "kube-probe/1.29"
198.51.100.7 - admin [20/Apr/2026:02:58:02 +0000] "GET /search?q=elastic HTTP/2.0" 204 283768 "-" "Mozilla/5.0 (Macintosh; Intel Mac OS X 10_15_7)"
192.168.1.10 - svc_api [20/Apr/2026:02:58:09 +0000] "HEAD /api/users HTTP/2.0" 400 500912 "https://google.com/" "curl/8.5.0"
192.168.1.10 - - [20/Apr/2026:02:58:16 +0000] "GET /api/users HTTP/2.0" 500 716921
66.249.66.1 - - [20/Apr/2026:02:58:23 +0000] "HEAD /admin HTTP/1.1" 400 802995 "https://app.internal.local/" "curl/8.5.0"
[Mon Apr 20 02:58:30.000000 2026] [pid 8040:tid 835405] [client 203.0.113.9:37038] [proxy_http:error] AH00126: Invalid URI in request
192.168.1.10 - admin [20/Apr/2026:02:58:37 +0000] "PUT /static/app.js HTTP/1.1" 304 - "https://app.internal.local/" "Mozilla/5.0 (Macintosh; Intel Mac OS X 10_15_7)"
10.0.0.5 - john [20/Apr/2026:02:58:44 +0000] "GET / HTTP/1.1" 400 783905
198.51.100.7 - admin [20/Apr/2026:02:58:51 +0000] "GET / HTTP/1.1" 200 80453 "-" "curl/8.5.0"
203.0.113.9 - john [20/Apr/2026:02:58:58 +0000] "PUT / HTTP/2.0" 304 - "https://example.com/" "Mozilla/5.0 (Windows NT 10.0; Win64; x64)"
10.0.0.5 - admin [20/Apr/2026:02:59:05 +0000] "DELETE /admin HTTP/1.1" 500 80654 "-" "Mozilla/5.0 (Windows NT 10.0; Win64; x64)"
198.51.100.7 - john [20/Apr/2026:02:59:12 +0000] "DELETE /static/app.js HTTP/1.1" 401 747895
172.16.4.22 - mary [20/Apr/2026:02:59:19 +0000] "HEAD /health HTTP/1.1" 403 936475 "https://google.com/" "Mozilla/5.0 (Windows NT 10.0; Win64; x64)"
66.249.66.1 - admin [20/Apr/2026:02:59:26 +0000] "HEAD /login HTTP/1.1" 304 - "https://app.internal.local/" "ELB-HealthChecker/2.0"
203.0.113.9 - mary [20/Apr/2026:02:59:33 +0000] "GET /api/users HTTP/1.1" 403 241854 "https://google.com/" "ELB-HealthChecker/2.0"
[Mon Apr 20 02:59:40.000000 2026] [pid 4453:tid 228710] [client 172.16.4.22:48531] [proxy_http:error] AH01071: Got error 'Primary script unknown'
66.249.66.1 - svc_api [20/Apr/2026:02:59:47 +0000] "DELETE /login HTTP/1.1" 401 877070 "-" "Mozilla/5.0 (Windows NT 10.0; Win64; x64)"
172.16.4.22 - admin [20/Apr/2026:02:59:54 +0000] "DELETE /health HTTP/1.1" 200 292769 "https://app.internal.local/" "kube-probe/1.29"
192.168.1.10 - svc_api [20/Apr/2026:03:00:01 +0000] "DELETE /admin HTTP/1.1" 301 215843 "https://app.internal.local/" "curl/8.5.0"
66.249.66.1 - svc_api [20/Apr/2026:03:00:08 +0000] "HEAD / HTTP/2.0" 200 567975
172.16.4.22 - - [20/Apr/2026:03:00:15 +0000] "HEAD /static/app.js HTTP/2.0" 404 227182 "-" "Mozilla/5.0 (Windows NT 10.0; Win64; x64)"
66.249.66.1 - admin [20/Apr/2026:03:00:22 +0000] "DELETE /checkout HTTP/1.1" 201 580290 "https://app.internal.local/" "Mozilla/5.0 (Windows NT 10.0; Win64; x64)"
198.51.100.7 - svc_api [20/Apr/2026:03:00:29 +0000] "DELETE /search?q=elastic HTTP/2.0" 204 1007072 "https://app.internal.local/" "kube-probe/1.29"
66.249.66.1 - john [20/Apr/2026:03:00:36 +0000] "POST / HTTP/2.0" 500 997281
172.16.4.22 - - [20/Apr/2026:03:00:43 +0000] "POST /search?q=elastic HTTP/2.0" 304 - "https://app.internal.local/" "Mozilla/5.0 (Macintosh; Intel Mac OS X 10_15_7)"
[Mon Apr 20 03:00:50.000000 2026] [pid 5493:tid 479264] [client 172.16.4.22:44227] [authz_core:notice] File does not exist: /var/www/html/favicon.ico
192.168.1.10 - mary [20/Apr/2026:03:00:57 +0000] "HEAD /static/app.js HTTP/2.0" 204 465487 "https://app.internal.local/" "Mozilla/5.0 (Macintosh; Intel Mac OS X 10_15_7)"
203.0.113.9 - - [20/Apr/2026:03:01:04 +0000] "DELETE / HTTP/2.0" 401 668842
198.51.100.7 - john [20/Apr/2026:03:01:11 +0000] "DELETE / HTTP/1.1" 302 940739 "https://google.com/" "Mozilla/5.0 (Macintosh; Intel Mac OS X 10_15_7)"
203.0.113.9 - john [20/Apr/2026:03:01:18 +0000] "PUT /health HTTP/2.0" 401 133522 "https://example.com/" "curl/8.5.0"
10.0.0.5 - admin [20/Apr/2026:03:01:25 +0000] "GET /api/users HTTP/1.1" 500 40492 "https://example.com/" "ELB-HealthChecker/2.0"
203.0.113.9 - admin [20/Apr/2026:03:01:32 +0000] "PUT / HTTP/1.1" 200 998053
66.249.66.1 - mary [20/Apr/2026:03:01:39 +0000] "PUT / HTTP/2.0" 403 753332 "-" "ELB-HealthChecker/2.0"
10.0.0.5 - mary [20/Apr/2026:03:01:46 +0000] "GET /login HTTP/2.0" 201 535979 "-" "curl/8.5.0"
10.0.0.5 - mary [20/Apr/2026:03:01:53 +0000] "HEAD /static/app.js HTTP/2.0" 201 673187 "https://app.internal.local/" "Mozilla/5.0 (Windows NT 10.0; Win64; x64)"
[Mon Apr 20 03:02:00.000000 2026] [pid 3344:tid 125894] [client 172.16.4.22:40802] [authz_core:warn] AH00126: Invalid URI in request
66.249.66.1 - mary [20/Apr/2026:03:02:07 +0000] "DELETE /health HTTP/1.1" 204 386312 "-" "Mozilla/5.0 (Windows NT 10.0; Win64; x64)"
10.0.0.5 - admin [20/Apr/2026:03:02:14 +0000] "GET /login HTTP/1.1" 304 - "https://google.com/" "curl/8.5.0"
203.0.113.9 - admin [20/Apr/2026:03:02:21 +0000] "GET /api/orders HTTP/2.0" 500 82375 "-" "curl/8.5.0"
198.51.100.7 - admin [20/Apr/2026:03:02:28 +0000] "HEAD /search?q=elastic HTTP/2.0" 403 768774
192.168.1.10 - admin [20/Apr/2026:03:02:35 +0000] "GET /admin HTTP/2.0" 304 - "https://google.com/" "curl/8.5.0"
198.51.100.7 - mary [20/Apr/2026:03:02:42 +0000] "POST /static/app.js HTTP/1.1" 304 - "https://example.com/" "kube-probe/1.29"
172.16.4.22 - - [20/Apr/2026:03:02:49 +0000] "POST /admin HTTP/2.0" 304 - "-" "Mozilla/5.0 (Windows NT 10.0; Win64; x64)"
198.51.100.7 - admin [20/Apr/2026:03:02:56 +0000] "GET /static/app.js HTTP/2.0" 404 241659
203.0.113.9 - svc_api [20/Apr/2026:03:03:03 +0000] "POST /api/orders HTTP/1.1" 400 706970 "https://example.com/" "ELB-HealthChecker/2.0"
[Mon Apr 20 03:03:10.000000 2026] [pid 5264:tid 934515] [client 172.16.4.22:23409] [authz_core:error] File does not exist: /var/www/html/favicon.ico
203.0.113.9 - svc_api [20/Apr/2026:03:03:17 +0000] "HEAD /api/orders HTTP/2.0" 500 924378 "https://example.com/" "curl/8.5.0"
203.0.113.9 - - [20/Apr/2026:03:03:24 +0000] "POST /login HTTP/2.0" 302 802814
198.51.100.7 - svc_api [20/Apr/2026:03:03:31 +0000] "GET /api/orders HTTP/1.1" 400 25213 "https://example.com/" "Mozilla/5.0 (Macintosh; Intel Mac OS X 10_15_7)"
10.0.0.5 - admin [20/Apr/2026:03:03:38 +0000] "HEAD /checkout HTTP/2.0" 304 - "https://example.com/" "kube-probe/1.29"
66.249.66.1 - admin [20/Apr/2026:03:03:45 +0000] "POST /health HTTP/1.1" 304 - "https://google.com/" "ELB-HealthChecker/2.0"
198.51.100.7 - admin [20/Apr/2026:03:03:52 +0000] "GET / HTTP/1.1" 502 965568
172.16.4.22 - svc_api [20/Apr/2026:03:03:59 +0000] "DELETE /admin HTTP/2.0" 302 794584 "https://app.internal.local/" "curl/8.5.0"
66.249.66.1 - john [20/Apr/2026:03:04:06 +0000] "HEAD /search?q=elastic HTTP/1.1" 204 939223 "-" "ELB-HealthChecker/2.0"
198.51.100.7 - mary [20/Apr/2026:03:04:13 +0000] "DELETE /checkout HTTP/2.0" 401 185426 "https://google.com/" "Mozilla/5.0 (Macintosh; Intel Mac OS X 10_15_7)"
[Mon Apr 20 03:04:20.000000 2026] [pid 4805:tid 411792] [client 203.0.113.9:23379] [core:notice] AH00126: Invalid URI in request
172.16.4.22 - mary [20/Apr/2026:03:04:27 +0000] "DELETE /static/app.js HTTP/1.1" 204 44091 "https://example.com/" "kube-probe/1.29"
198.51.100.7 - mary [20/Apr/2026:03:04:34 +0000] "HEAD /static/app.js HTTP/1.1" 304 - "https://google.com/" "curl/8.5.0"
192.168.1.10 - mary [20/Apr/2026:03:04:41 +0000] "PUT /admin HTTP/2.0" 301 928475 "https://example.com/" "Mozilla/5.0 (Windows NT 10.0; Win64; x64)"
172.16.4.22 - admin [20/Apr/2026:03:04:48 +0000] "GET /api/users HTTP/2.0" 204 100758
10.0.0.5 - admin [20/Apr/2026:03:04:55 +0000] "HEAD /api/orders HTTP/1.1" 404 946503 "-" "ELB-HealthChecker/2.0"
198.51.100.7 - john [20/Apr/2026:03:05:02 +0000] "GET /admin HTTP/1.1" 304 - "https://example.com/" "Mozilla/5.0 (Windows NT 10.0; Win64; x64)"
198.51.100.7 - svc_api [20/Apr/2026:03:05:09 +0000] "DELETE /search?q=elastic HTTP/1.1" 401 309388 "-" "Mozilla/5.0 (Macintosh; Intel Mac OS X 10_15_7)"
203.0.113.9 - svc_api [20/Apr/2026:03:05:16 +0000] "DELETE /health HTTP/1.1" 204 1041436
172.16.4.22 - - [20/Apr/2026:03:05:23 +0000] "PUT /login HTTP/1.1" 502 78081 "https://google.com/" "curl/8.5.0"
[Mon Apr 20 03:05:30.000000 2026] [pid 9307:tid 451626] [client 172.16.4.22:30742] [core:notice] AH01630: client denied by server configuration
192.168.1.10 - svc_api [20/Apr/2026:03:05:37 +0000] "GET /search?q=elastic HTTP/2.0" 301 882424 "-" "Mozilla/5.0 (Macintosh; Intel Mac OS X 10_15_7)"
10.0.0.5 - john [20/Apr/2026:03:05:44 +0000] "HEAD /checkout HTTP/1.1" 500 205303
