10.0.0.5 - john [20/Apr/2026:04:38:43 +0000] "POST /static/app.js HTTP/2.0" 502 1011106 "https://example.com/" "ELB-HealthChecker/2.0"
[Mon Apr 20 04:38:50.000000 2026] [pid 9850:tid 313056] [client 172.16.4.22:37458] [authz_core:warn] AH00126: Invalid URI in request
192.168.1.10 - svc_api [20/Apr/2026:04:38:57 +0000] "DELETE /admin HTTP/1.1" 204 847622 "https://app.internal.local/" "Mozilla/5.0 (Windows NT 10.0; Win64; x64)"
10.0.0.5 - - [20/Apr/2026:04:39:04 +0000] "HEAD /static/app.js HTTP/2.0" 302 605786
203.0.113.9 - admin [20/Apr/2026:04:39:11 +0000] "GET /api/orders HTTP/2.0" 404 865057 "https://app.internal.local/" "Mozilla/5.0 (Macintosh; Intel Mac OS X 10_15_7)"
10.0.0.5 - admin [20/Apr/2026:04:39:18 +0000] "POST /admin HTTP/1.1" 204 58250 "https://google.com/" "curl/8.5.0"
66.249.66.1 - admin [20/Apr/2026:04:39:25 +0000] "DELETE /search?q=elastic HTTP/2.0" 502 118098 "https://example.com/" "kube-probe/1.29"
66.249.66.1 - mary [20/Apr/2026:04:39:32 +0000] "POST /search?q=elastic HTTP/1.1" 204 156609
192.168.1.10 - - [20/Apr/2026:04:39:39 +0000] "POST /static/app.js HTTP/2.0" 502 829109 "-" "ELB-HealthChecker/2.0"
10.0.0.5 - john [20/Apr/2026:04:39:46 +0000] "GET / HTTP/2.0" 403 512816 "https://app.internal.local/" "ELB-HealthChecker/2.0"
198.51.100.7 - admin [20/Apr/2026:04:39:53 +0000] "HEAD /admin HTTP/2.0" 500 220935 "https://google.com/" "ELB-HealthChecker/2.0"
[Mon Apr 20 04:40:00.000000 2026] [pid 6855:tid 293626] [client 10.0.0.5:42798] [rewrite:error] File does not exist: /var/www/html/favicon.ico
10.0.0.5 - - [20/Apr/2026:04:40:07 +0000] "PUT /health HTTP/1.1" 400 676878 "-" "ELB-HealthChecker/2.0"
198.51.100.7 - mary [20/Apr/2026:04:40:14 +0000] "GET /admin HTTP/1.1" 304 - "https://example.com/" "curl/8.5.0"
66.249.66.1 - admin [20/Apr/2026:04:40:21 +0000] "GET / HTTP/1.1" 500 605345 "https://example.com/" "ELB-HealthChecker/2.0"
66.249.66.1 - mary [20/Apr/2026:04:40:28 +0000] "GET /login HTTP/2.0" 301 501306
172.16.4.22 - admin [20/Apr/2026:04:40:35 +0000] "POST / HTTP/1.1" 200 604675 "https://app.internal.local/" "kube-probe/1.29"
192.168.1.10 - john [20/Apr/2026:04:40:42 +0000] "HEAD /admin HTTP/1.1" 404 1014527 "-" "curl/8.5.0"
203.0.113.9 - - [20/Apr/2026:04:40:49 +0000] "POST /api/orders HTTP/1.1" 301 165170 "-" "kube-probe/1.29"
203.0.113.9 - svc_api [20/Apr/2026:04:40:56 +0000] "POST / HTTP/1.1" 404 808967
66.249.66.1 - - [20/Apr/2026:04:41:03 +0000] "GET /login HTTP/2.0" 400 109701 "https://example.com/" "curl/8.5.0"
[Mon Apr 20 04:41:10.000000 2026] [pid 1685:tid 226832] [client 198.51.100.7:48319] [core:warn] AH01071: Got error 'Primary script unknown'
66.249.66.1 - mary [20/Apr/2026:04:41:17 +0000] "HEAD /admin HTTP/1.1" 301 970559 "https://example.com/" "Mozilla/5.0 (Macintosh; Intel Mac OS X 10_15_7)"
172.16.4.22 - admin [20/Apr/2026:04:41:24 +0000] "POST /checkout HTTP/2.0" 304 -
10.0.0.5 - admin [20/Apr/2026:04:41:31 +0000] "GET /api/orders HTTP/2.0" 500 919587 "https://google.com/" "ELB-HealthChecker/2.0"
192.168.1.10 - john [20/Apr/2026:04:41:38 +0000] "PUT /api/orders HTTP/1.1" 201 298387 "-" "ELB-HealthChecker/2.0"
66.249.66.1 - svc_api [20/Apr/2026:04:41:45 +0000] "HEAD /api/orders HTTP/2.0" 200 604550 "https://google.com/" "curl/8.5.0"
10.0.0.5 - admin [20/Apr/2026:04:41:52 +0000] "PUT /checkout HTTP/1.1" 200 880914
198.51.100.7 - john [20/Apr/2026:04:41:59 +0000] "PUT /static/app.js HTTP/2.0" 201 849953 "-" "curl/8.5.0"
66.249.66.1 - admin [20/Apr/2026:04:42:06 +0000] "HEAD /static/app.js HTTP/1.1" 502 611920 "https://app.internal.local/" "Mozilla/5.0 (Macintosh; Intel Mac OS X 10_15_7)"
192.168.1.10 - john [20/Apr/2026:04:42:13 +0000] "DELETE /login HTTP/1.1" 302 200142 "https://app.internal.local/" "Mozilla/5.0 (Windows NT 10.0; Win64; x64)"
[Mon Apr 20 04:42:20.000000 2026] [pid 6351:tid 665852] [client 172.16.4.22:26410] [authz_core:error] AH01071: Got error 'Primary script unknown'
192.168.1.10 - mary [20/Apr/2026:04:42:27 +0000] "GET /api/orders HTTP/1.1" 204 1038315 "https://app.internal.local/" "Mozilla/5.0 (Macintosh; Intel Mac OS X 10_15_7)"
203.0.113.9 - - [20/Apr/2026:04:42:34 +0000] "PUT /api/orders HTTP/2.0" 301 584730 "https://app.internal.local/" "Mozilla/5.0 (Windows NT 10.0; Win64; x64)"
192.168.1.10 - john [20/Apr/2026:04:42:41 +0000] "HEAD / HTTP/2.0" 502 756717 "-" "kube-probe/1.29"
203.0.113.9 - admin [20/Apr/2026:04:42:48 +0000] "GET /checkout HTTP/1.1" 204 132746
172.16.4.22 - admin [20/Apr/2026:04:42:55 +0000] "GET /static/app.js HTTP/2.0" 302 999323 "https://example.com/" "Mozilla/5.0 (Macintosh; Intel Mac OS X 10_15_7)"
10.0.0.5 - mary [20/Apr/2026:04:43:02 +0000] "GET /api/users HTTP/1.1" 201 17799 "https://google.com/" "kube-probe/1.29"
203.0.113.9 - admin [20/Apr/2026:04:43:09 +0000] "DELETE /static/app.js HTTP/2.0" 302 653284 "-" "Mozilla/5.0 (Windows NT 10.0; Win64; x64)"
203.0.113.9 - admin [20/Apr/2026:04:43:16 +0000] "PUT /static/app.js HTTP/2.0" 400 884599
10.0.0.5 - john [20/Apr/2026:04:43:23 +0000] "PUT /admin HTTP/1.1" 204 877537 "https://google.com/" "kube-probe/1.29"
[Mon Apr 20 04:43:30.000000 2026] [pid 8113:tid 102864] [client 192.168.1.10:3915] [core:error] File does not exist: /var/www/html/favicon.ico
192.168.1.10 - john [20/Apr/2026:04:43:37 +0000] "GET /checkout HTTP/1.1" 201 471272 "https://app.internal.local/" "Mozilla/5.0 (Windows NT 10.0; Win64; x64)"
192.168.1.10 - svc_api [20/Apr/2026:04:43:44 +0000] "POST /checkout HTTP/1.1" 403 13886
198.51.100.7 - - [20/Apr/2026:04:43:51 +0000] "PUT /admin HTTP/1.1" 204 621660 "-" "Mozilla/5.0 (Macintosh; Intel Mac OS X 10_15_7)"
172.16.4.22 - - [20/Apr/2026:04:43:58 +0000] "DELETE /login HTTP/1.1" 403 44632 "https://app.internal.local/" "kube-probe/1.29"
192.168.1.10 - john [20/Apr/2026:04:44:05 +0000] "GET /admin HTTP/1.1" 304 - "-" "Mozilla/5.0 (Macintosh; Intel Mac OS X 10_15_7)"
172.16.4.22 - mary [20/Apr/2026:04:44:12 +0000] "HEAD /health HTTP/2.0" 302 209305
203.0.113.9 - john [20/Apr/2026:04:44:19 +0000] "GET /api/users HTTP/1.1" 200 592703 "https://app.internal.local/" "curl/8.5.0"
172.16.4.22 - admin [20/Apr/2026:04:44:26 +0000] "HEAD /static/app.js HTTP/2.0" 400 737696 "https://app.internal.local/" "ELB-HealthChecker/2.0"
172.16.4.22 - svc_api [20/Apr/2026:04:44:33 +0000] "GET /api/users HTTP/1.1" 403 5852 "https://google.com/" "curl/8.5.0"
[Mon Apr 20 04:44:40.000000 2026] [pid 4282:tid 736446] [client 203.0.113.9:11285] [rewrite:warn] AH00126: Invalid URI in request
203.0.113.9 - svc_api [20/Apr/2026:04:44:47 +0000] "POST /login HTTP/2.0" 404 67307 "https://example.com/" "curl/8.5.0"
66.249.66.1 - svc_api [20/Apr/2026:04:44:54 +0000] "GET / HTTP/1.1" 302 422679 "https://app.internal.local/" "kube-probe/1.29"
192.168.1.10 - mary [20/Apr/2026:04:45:01 +0000] "PUT / HTTP/1.1" 201 53154 "https://app.internal.local/" "ELB-HealthChecker/2.0"
203.0.113.9 - svc_api [20/Apr/2026:04:45:08 +0000] "GET /health HTTP/1.1" 200 785527
66.249.66.1 - mary [20/Apr/2026:04:45:15 +0000] "HEAD /api/users HTTP/1.1" 502 590385 "https://google.com/" "ELB-HealthChecker/2.0"
192.168.1.10 - mary [20/Apr/2026:04:45:22 +0000] "POST /login HTTP/2.0" 204 44471 "https://google.com/" "ELB-HealthChecker/2.0"
198.51.100.7 - admin [20/Apr/2026:04:45:29 +0000] "GET /health HTTP/2.0" 400 821496 "https://app.internal.local/" "curl/8.5.0"
66.249.66.1 - - [20/Apr/2026:04:45:36 +0000] "POST /admin HTTP/2.0" 500 126240
203.0.113.9 - svc_api [20/Apr/2026:04:45:43 +0000] "HEAD /search?q=elastic HTTP/2.0" 201 430966 "https://app.internal.local/" "Mozilla/5.0 (Macintosh; Intel Mac OS X 10_15_7)"
[Mon Apr 20 04:45:50.000000 2026] [pid 3432:tid 326789] [client 203.0.113.9:19810] [core:warn] AH00126: Invalid URI in request
198.51.100.7 - mary [20/Apr/2026:04:45:57 +0000] "POST /api/users HTTP/1.1" 304 - "https://app.internal.local/" "curl/8.5.0"
10.0.0.5 - admin [20/Apr/2026:04:46:04 +0000] "HEAD /health HTTP/1.1" 404 467856
192.168.1.10 - - [20/Apr/2026:04:46:11 +0000] "PUT /api/orders HTTP/2.0" 500 146466 "-" "curl/8.5.0"
203.0.113.9 - - [20/Apr/2026:04:46:18 +0000] "HEAD /admin HTTP/1.1" 201 93467 "https://app.internal.local/" "Mozilla/5.0 (Macintosh; Intel Mac OS X 10_15_7)"
10.0.0.5 - - [20/Apr/2026:04:46:25 +0000] "PUT /login HTTP/1.1" 301 387439 "https://app.internal.local/" "curl/8.5.0"
192.168.1.10 - - [20/Apr/2026:04:46:32 +0000] "DELETE / HTTP/2.0" 500 533024
192.168.1.10 - - [20/Apr/2026:04:46:39 +0000] "HEAD /checkout HTTP/2.0" 302 561217 "https://example.com/" "curl/8.5.0"
192.168.1.10 - svc_api [20/Apr/2026:04:46:46 +0000] "PUT /search?q=elastic HTTP/1.1" 404 1030719 "https://app.internal.local/" "ELB-HealthChecker/2.0"
172.16.4.22 - svc_api [20/Apr/2026:04:46:53 +0000] "GET /search?q=elastic HTTP/1.1" 200 851427 "-" "Mozilla/5.0 (Windows NT 10.0; Win64; x64)"
[Mon Apr 20 04:47:00.000000 2026] [pid 9848:tid 149096] [client 203.0.113.9:32108] [authz_core:warn] File does not exist: /var/www/html/favicon.ico
10.0.0.5 - john [20/Apr/2026:04:47:07 +0000] "DELETE /login HTTP/2.0" 404 422936 "-" "Mozilla/5.0 (Macintosh; Intel Mac OS X 10_15_7)"
10.0.0.5 - admin [20/Apr/2026:04:47:14 +0000] "DELETE /health HTTP/1.1" 404 703098 "https://app.internal.local/" "ELB-HealthChecker/2.0"
198.51.100.7 - john [20/Apr/2026:04:47:21 +0000] "DELETE /checkout HTTP/2.0" 500 666373 "-" "Mozilla/5.0 (Windows NT 10.0; Win64; x64)"
192.168.1.10 - admin [20/Apr/2026:04:47:28 +0000] "PUT /api/users HTTP/1.1" 302 948789
192.168.1.10 - admin [20/Apr/2026:04:47:35 +0000] "DELETE /login HTTP/2.0" 400 46279 "https://app.internal.local/" "ELB-HealthChecker/2.0"
66.249.66.1 - john [20/Apr/2026:04:47:42 +0000] "POST /admin HTTP/2.0" 500 937298 "https://example.com/" "Mozilla/5.0 (Windows NT 10.0; Win64; x64)"
66.249.66.1 - svc_api [20/Apr/2026:04:47:49 +0000] "PUT /login HTTP/2.0" 404 836741 "https://app.internal.local/" "curl/8.5.0"
172.16.4.22 - - [20/Apr/2026:04:47:56 +0000] "HEAD /checkout HTTP/2.0" 404 394714
203.0.113.9 - admin [20/Apr/2026:04:48:03 +0000] "POST /health HTTP/2.0" 200 278668 "https://app.internal.local/" "ELB-HealthChecker/2.0"
[Mon Apr 20 04:48:10.000000 2026] [pid 6118:tid 259057] [client 192.168.1.10:30118] [core:error] AH01630: client denied by server configuration
192.168.1.10 - svc_api [20/Apr/2026:04:48:17 +0000] "POST /api/orders HTTP/2.0" 404 797089 "https://example.com/" "kube-probe/1.29"
172.16.4.22 - admin [20/Apr/2026:04:48:24 +0000] "HEAD /api/orders HTTP/1.1" 403 1014786
198.51.100.7 - john [20/Apr/2026:04:48:31 +0000] "PUT /search?q=elastic HTTP/2.0" 403 730650 "https://example.com/" "ELB-HealthChecker/2.0"
192.168.1.10 - svc_api [20/Apr/2026:04:48:38 +0000] "POST /health HTTP/2.0" 401 158810 "https://app.internal.local/" "ELB-HealthChecker/2.0"
198.51.100.7 - - [20/Apr/2026:04:48:45 +0000] "DELETE / HTTP/1.1" 201 314587 "-" "curl/8.5.0"
192.168.1.10 - admin [20/Apr/2026:04:48:52 +0000] "POST /static/app.js HTTP/1.1" 301 749573
203.0.113.9 - - [20/Apr/2026:04:48:59 +0000] "POST /api/users HTTP/2.0" 502 427553 "-" "Mozilla/5.0 (Windows NT 10.0; Win64; x64)"
10.0.0.5 - john [20/Apr/2026:04:49:06 +0000] "GET /health HTTP/2.0" 403 535988 "-" "kube-probe/1.29"
172.16.4.22 - - [20/Apr/2026:04:49:13 +0000] "POST /static/app.js HTTP/2.0" 302 519785 "https://example.com/" "Mozilla/5.0 (Windows NT 10.0; Win64; x64)"
[Mon Apr 20 04:49:20.000000 2026] [pid 3040:tid 746216] [client 192.168.1.10:29133] [authz_core:notice] File does not exist: /var/www/html/favicon.ico
10.0.0.5 - mary [20/Apr/2026:04:49:27 +0000] "PUT / HTTP/2.0" 400 886300 "-" "kube-probe/1.29"
66.249.66.1 - svc_api [20/Apr/2026:04:49:34 +0000] "GET /search?q=elastic HTTP/1.1" 502 271378 "-" "ELB-HealthChecker/2.0"
198.51.100.7 - - [20/Apr/2026:04:49:41 +0000] "DELETE /admin HTTP/1.1" 201 284806 "-" "kube-probe/1.29"
172.16.4.22 - svc_api [20/Apr/2026:04:49:48 +0000] "HEAD /login HTTP/1.1" 304 -
198.51.100.7 - john [20/Apr/2026:04:49:55 +0000] "DELETE /checkout HTTP/2.0" 403 442813 "https://example.com/" "ELB-HealthChecker/2.0"
203.0.113.9 - admin [20/Apr/2026:04:50:02 +0000] "HEAD /admin HTTP/2.0" 403 399797 "https://google.com/" "Mozilla/5.0 (Macintosh; Intel Mac OS X 10_15_7)"
172.16.4.22 - mary [20/Apr/2026:04:50:09 +0000] "HEAD /health HTTP/2.0" 500 51815 "-" "Mozilla/5.0 (Macintosh; Intel Mac OS X 10_15_7)"
198.51.100.7 - john [20/Apr/2026:04:50:16 +0000] "HEAD /api/orders HTTP/1.1" 500 819106
203.0.113.9 - mary [20/Apr/2026:04:50:23 +0000] "POST /checkout HTTP/1.1" 304 - "-" "Mozilla/5.0 (Macintosh; Intel Mac OS X 10_15_7)"
[Mon Apr 20 04:50:30.000000 2026] [pid 8773:tid 182424] [client 203.0.113.9:45769] [core:error] AH00126: Invalid URI in request
10.0.0.5 - svc_api [20/Apr/2026:04:50:37 +0000] "PUT /api/users HTTP/2.0" 502 679197 "https://example.com/" "Mozilla/5.0 (Macintosh; Intel Mac OS X 10_15_7)"
198.51.100.7 - admin [20/Apr/2026:04:50:44 +0000] "PUT /static/app.js HTTP/2.0" 404 58642
203.0.113.9 - svc_api [20/Apr/2026:04:50:51 +0000] "GET / HTTP/1.1" 404 688052 "https://google.com/" "curl/8.5.0"
172.16.4.22 - admin [20/Apr/2026:04:50:58 +0000] "HEAD /health HTTP/1.1" 200 307685 "https://app.internal.local/" "kube-probe/1.29"
66.249.66.1 - mary [20/Apr/2026:04:51:05 +0000] "HEAD /checkout HTTP/2.0" 401 430518 "-" "Mozilla/5.0 (Windows NT 10.0; Win64; x64)"
203.0.113.9 - mary [20/Apr/2026:04:51:12 +0000] "POST / HTTP/2.0" 304 -
203.0.113.9 - mary [20/Apr/2026:04:51:19 +0000] "DELETE /admin HTTP/2.0" 403 935935 "-" "ELB-HealthChecker/2.0"
203.0.113.9 - mary [20/Apr/2026:04:51:26 +0000] "PUT /api/users HTTP/1.1" 403 844501 "-" "kube-probe/1.29"
10.0.0.5 - john [20/Apr/2026:04:51:33 +0000] "PUT /health HTTP/2.0" 400 821447 "https://example.com/" "curl/8.5.0"
[Mon Apr 20 04:51:40.000000 2026] [pid 7860:tid 452853] [client 66.249.66.1:19976] [core:error] AH00126: Invalid URI in request
66.249.66.1 - mary [20/Apr/2026:04:51:47 +0000] "HEAD /static/app.js HTTP/1.1" 200 9720 "https://app.internal.local/" "curl/8.5.0"
10.0.0.5 - - [20/Apr/2026:04:51:54 +0000] "POST /api/orders HTTP/2.0" 204 1010191 "https://app.internal.local/" "kube-probe/1.29"
203.0.113.9 - svc_api [20/Apr/2026:04:52:01 +0000] "PUT /checkout HTTP/1.1" 304 - "-" "kube-probe/1.29"
192.168.1.10 - - [20/Apr/2026:04:52:08 +0000] "GET /api/orders HTTP/2.0" 502 1031388
192.168.1.10 - - [20/Apr/2026:04:52:15 +0000] "PUT /search?q=elastic HTTP/2.0" 403 835711 "https://app.internal.local/" "Mozilla/5.0 (Macintosh; Intel Mac OS X 10_15_7)"
192.168.1.10 - admin [20/Apr/2026:04:52:22 +0000] "GET /login HTTP/2.0" 404 541468 "https://app.internal.local/" "kube-probe/1.29"
66.249.66.1 - svc_api [20/Apr/2026:04:52:29 +0000] "HEAD /api/orders HTTP/1.1" 201 181407 "https://google.com/" "kube-probe/1.29"
192.168.1.10 - mary [20/Apr/2026:04:52:36 +0000] "DELETE /api/orders HTTP/2.0" 302 894284
10.0.0.5 - svc_api [20/Apr/2026:04:52:43 +0000] "GET /api/orders HTTP/1.1" 204 56188 "https://example.com/" "ELB-HealthChecker/2.0"
[Mon Apr 20 04:52:50.000000 2026] [pid 5116:tid 339922] [client 66.249.66.1:50813] [rewrite:warn] AH01071: Got error 'Primary script unknown'
203.0.113.9 - mary [20/Apr/2026:04:52:57 +0000] "HEAD /checkout HTTP/1.1" 401 581143 "https://google.com/" "curl/8.5.0"
172.16.4.22 - mary [20/Apr/2026:04:53:04 +0000] "HEAD /api/orders HTTP/2.0" 204 129520
66.249.66.1 - admin [20/Apr/2026:04:53:11 +0000] "POST /search?q=elastic HTTP/2.0" 302 379735 "https://google.com/" "Mozilla/5.0 (Macintosh; Intel Mac OS X 10_15_7)"
192.168.1.10 - svc_api [20/Apr/2026:04:53:18 +0000] "PUT /health HTTP/2.0" 302 684008 "https://app.internal.local/" "Mozilla/5.0 (Windows NT 10.0; Win64; x64)"
66.249.66.1 - john [20/Apr/2026:04:53:25 +0000] "POST /login HTTP/1.1" 204 990462 "https://example.com/" "curl/8.5.0"
66.249.66.1 - svc_api [20/Apr/2026:04:53:32 +0000] "PUT /search?q=elastic HTTP/2.0" 500 985870
198.51.100.7 - - [20/Apr/2026:04:53:39 +0000] "DELETE /admin HTTP/2.0" 301 254815 "https://google.com/" "curl/8.5.0"
203.0.113.9 - john [20/Apr/2026:04:53:46 +0000] "GET /api/users HTTP/2.0" 500 178080 "-" "kube-probe/1.29"
172.16.4.22 - - [20/Apr/2026:04:53:53 +0000] "HEAD / HTTP/1.1" 404 822243 "https://app.internal.local/" "curl/8.5.0"
[Mon Apr 20 04:54:00.000000 2026] [pid 1683:tid 367313] [client 172.16.4.22:47866] [proxy_http:error] AH00126: Invalid URI in request
198.51.100.7 - john [20/Apr/2026:04:54:07 +0000] "PUT /search?q=elastic HTTP/1.1" 302 654566 "https://example.com/" "Mozilla/5.0 (Windows NT 10.0; Win64; x64)"
10.0.0.5 - mary [20/Apr/2026:04:54:14 +0000] "GET / HTTP/1.1" 403 72601 "https://app.internal.local/" "kube-probe/1.29"
203.0.113.9 - admin [20/Apr/2026:04:54:21 +0000] "PUT /search?q=elastic HTTP/1.1" 400 362235 "https://example.com/" "Mozilla/5.0 (Windows NT 10.0; Win64; x64)"
172.16.4.22 - mary [20/Apr/2026:04:54:28 +0000] "PUT /health HTTP/2.0" 400 56205
198.51.100.7 - john [20/Apr/2026:04:54:35 +0000] "HEAD /static/app.js HTTP/1.1" 401 632167 "https://example.com/" "kube-probe/1.29"
66.249.66.1 - admin [20/Apr/2026:04:54:42 +0000] "GET / HTTP/2.0" 301 675035 "-" "curl/8.5.0"
198.51.100.7 - svc_api [20/Apr/2026:04:54:49 +0000] "HEAD /search?q=elastic HTTP/2.0" 403 771181 "https://app.internal.local/" "ELB-HealthChecker/2.0"
198.51.100.7 - admin [20/Apr/2026:04:54:56 +0000] "DELETE /search?q=elastic HTTP/1.1" 502 628060
192.168.1.10 - mary [20/Apr/2026:04:55:03 +0000] "PUT /admin HTTP/1.1" 401 109857 "https://google.com/" "kube-probe/1.29"
[Mon Apr 20 04:55:10.000000 2026] [pid 3253:tid 366121] [client 203.0.113.9:16264] [core:error] AH00126: Invalid URI in request
66.249.66.1 - mary [20/Apr/2026:04:55:17 +0000] "POST /health HTTP/1.1" 301 872159 "https://example.com/" "ELB-HealthChecker/2.0"
203.0.113.9 - john [20/Apr/2026:04:55:24 +0000] "HEAD /api/users HTTP/1.1" 404 830957
192.168.1.10 - john [20/Apr/2026:04:55:31 +0000] "GET /search?q=elastic HTTP/2.0" 200 411053 "https://example.com/" "ELB-HealthChecker/2.0"
10.0.0.5 - john [20/Apr/2026:04:55:38 +0000] "HEAD /search?q=elastic HTTP/1.1" 502 606274 "https://example.com/" "curl/8.5.0"
10.0.0.5 - - [20/Apr/2026:04:55:45 +0000] "GET /login HTTP/1.1" 204 241312 "https://example.com/" "Mozilla/5.0 (Macintosh; Intel Mac OS X 10_15_7)"
192.168.1.10 - - [20/Apr/2026:04:55:52 +0000] "HEAD /checkout HTTP/2.0" 400 397952
192.168.1.10 - - [20/Apr/2026:04:55:59 +0000] "GET /search?q=elastic HTTP/2.0" 502 405115 "-" "Mozilla/5.0 (Macintosh; Intel Mac OS X 10_15_7)"
198.51.100.7 - - [20/Apr/2026:04:56:06 +0000] "PUT /api/users HTTP/2.0" 400 835687 "-" "Mozilla/5.0 (Windows NT 10.0; Win64; x64)"
192.168.1.10 - john [20/Apr/2026:04:56:13 +0000] "HEAD /health HTTP/2.0" 500 255939 "-" "ELB-HealthChecker/2.0"
[Mon Apr 20 04:56:20.000000 2026] [pid 9361:tid 891797] [client 192.168.1.10:52546] [rewrite:warn] AH00126: Invalid URI in request
198.51.100.7 - john [20/Apr/2026:04:56:27 +0000] "POST /static/app.js HTTP/2.0" 400 908558 "https://google.com/" "Mozilla/5.0 (Macintosh; Intel Mac OS X 10_15_7)"
192.168.1.10 - - [20/Apr/2026:04:56:34 +0000] "POST / HTTP/2.0" 400 960614 "https://example.com/" "Mozilla/5.0 (Macintosh; Intel Mac OS X 10_15_7)"
172.16.4.22 - mary [20/Apr/2026:04:56:41 +0000] "PUT /checkout HTTP/2.0" 201 347625 "-" "Mozilla/5.0 (Macintosh; Intel Mac OS X 10_15_7)"
203.0.113.9 - svc_api [20/Apr/2026:04:56:48 +0000] "DELETE /checkout HTTP/2.0" 201 77531
192.168.1.10 - svc_api [20/Apr/2026:04:56:55 +0000] "PUT /health HTTP/1.1" 502 94802 "https://example.com/" "Mozilla/5.0 (Windows NT 10.0; Win64; x64)"
192.168.1.10 - svc_api [20/Apr/2026:04:57:02 +0000] "HEAD /static/app.js HTTP/1.1" 400 644069 "https://google.com/" "ELB-HealthChecker/2.0"
203.0.113.9 - - [20/Apr/2026:04:57:09 +0000] "HEAD / HTTP/2.0" 403 797256 "https://example.com/" "kube-probe/1.29"
203.0.113.9 - admin [20/Apr/2026:04:57:16 +0000] "POST /health HTTP/1.1" 400 560369
66.249.66.1 - admin [20/Apr/2026:04:57:23 +0000] "HEAD /checkout HTTP/1.1" 400 636535 "https://app.internal.local/" "Mozilla/5.0 (Macintosh; Intel Mac OS X 10_15_7)"
[Mon Apr 20 04:57:30.000000 2026] [pid 9650:tid 345450] [client 198.51.100.7:29430] [core:warn] AH00126: Invalid URI in request
198.51.100.7 - - [20/Apr/2026:04:57:37 +0000] "PUT / HTTP/2.0" 404 449701 "https://example.com/" "Mozilla/5.0 (Windows NT 10.0; Win64; x64)"
203.0.113.9 - - [20/Apr/2026:04:57:44 +0000] "HEAD /admin HTTP/2.0" 200 727006
198.51.100.7 - john [20/Apr/2026:04:57:51 +0000] "POST / HTTP/1.1" 204 452698 "https://google.com/" "kube-probe/1.29"
66.249.66.1 - admin [20/Apr/2026:04:57:58 +0000] "HEAD /search?q=elastic HTTP/1.1" 400 15526 "https://google.com/" "Mozilla/5.0 (Macintosh; Intel Mac OS X 10_15_7)"
198.51.100.7 - - [20/Apr/2026:04:58:05 +0000] "HEAD /static/app.js HTTP/1.1" 201 822166 "https://app.internal.local/" "Mozilla/5.0 (Windows NT 10.0; Win64; x64)"
172.16.4.22 - admin [20/Apr/2026:04:58:12 +0000] "PUT /login HTTP/2.0" 401 479233
172.16.4.22 - - [20/Apr/2026:04:58:19 +0000] "POST /admin HTTP/2.0" 400 631491 "https://example.com/" "Mozilla/5.0 (Macintosh; Intel Mac OS X 10_15_7)"
192.168.1.10 - admin [20/Apr/2026:04:58:26 +0000] "HEAD /api/orders HTTP/2.0" 201 638232 "https://app.internal.local/" "curl/8.5.0"
203.0.113.9 - mary [20/Apr/2026:04:58:33 +0000] "POST /api/orders HTTP/1.1" 404 988953 "https://app.internal.local/" "Mozilla/5.0 (Windows NT 10.0; Win64; x64)"
[Mon Apr 20 04:58:40.000000 2026] [pid 9392:tid 716179] [client 192.168.1.10:30467] [core:notice] AH01630: client denied by server configuration
66.249.66.1 - mary [20/Apr/2026:04:58:47 +0000] "PUT /api/orders HTTP/1.1" 403 363568 "https://google.com/" "Mozilla/5.0 (Windows NT 10.0; Win64; x64)"
203.0.113.9 - - [20/Apr/2026:04:58:54 +0000] "PUT /checkout HTTP/1.1" 200 886084 "https://example.com/" "curl/8.5.0"
172.16.4.22 - svc_api [20/Apr/2026:04:59:01 +0000] "GET / HTTP/1.1" 201 662944 "https://app.internal.local/" "curl/8.5.0"
66.249.66.1 - mary [20/Apr/2026:04:59:08 +0000] "DELETE /health HTTP/1.1" 401 180136
10.0.0.5 - john [20/Apr/2026:04:59:15 +0000] "PUT /admin HTTP/1.1" 403 170990 "https://google.com/" "Mozilla/5.0 (Windows NT 10.0; Win64; x64)"
192.168.1.10 - - [20/Apr/2026:04:59:22 +0000] "GET /admin HTTP/1.1" 204 722428 "https://google.com/" "kube-probe/1.29"
10.0.0.5 - - [20/Apr/2026:04:59:29 +0000] "POST /checkout HTTP/1.1" 400 987456 "https://google.com/" "Mozilla/5.0 (Macintosh; Intel Mac OS X 10_15_7)"
203.0.113.9 - - [20/Apr/2026:04:59:36 +0000] "GET /static/app.js HTTP/1.1" 201 121931
198.51.100.7 - mary [20/Apr/2026:04:59:43 +0000] "GET /api/orders HTTP/2.0" 201 1028830 "-" "Mozilla/5.0 (Windows NT 10.0; Win64; x64)"
[Mon Apr 20 04:59:50.000000 2026] [pid 4046:tid 548165] [client 192.168.1.10:50014] [core:notice] AH01630: client denied by server configuration
10.0.0.5 - svc_api [20/Apr/2026:04:59:57 +0000] "GET /api/orders HTTP/1.1" 200 34542 "https://app.internal.local/" "Mozilla/5.0 (Macintosh; Intel Mac OS X 10_15_7)"
203.0.113.9 - admin [20/Apr/2026:05:00:04 +0000] "PUT / HTTP/1.1" 401 269001
66.249.66.1 - - [20/Apr/2026:05:00:11 +0000] "HEAD /health HTTP/2.0" 502 307390 "https://example.com/" "curl/8.5.0"
198.51.100.7 - admin [20/Apr/2026:05:00:18 +0000] "DELETE /checkout HTTP/1.1" 400 361473 "https://example.com/" "ELB-HealthChecker/2.0"
172.16.4.22 - mary [20/Apr/2026:05:00:25 +0000] "DELETE /login HTTP/2.0" 502 92489 "https://example.com/" "kube-probe/1.29"
10.0.0.5 - mary [20/Apr/2026:05:00:32 +0000] "HEAD /login HTTP/1.1" 502 811137
192.168.1.10 - - [20/Apr/2026:05:00:39 +0000] "PUT /static/app.js HTTP/1.1" 204 369003 "https://app.internal.local/" "curl/8.5.0"
66.249.66.1 - john [20/Apr/2026:05:00:46 +0000] "GET /admin HTTP/2.0" 301 1018098 "https://google.com/" "kube-probe/1.29"
172.16.4.22 - admin [20/Apr/2026:05:00:53 +0000] "POST /static/app.js HTTP/1.1" 400 555802 "-" "kube-probe/1.29"
[Mon Apr 20 05:01:00.000000 2026] [pid 5472:tid 672176] [client 203.0.113.9:3574] [rewrite:warn] AH01071: Got error 'Primary script unknown'
198.51.100.7 - admin [20/Apr/2026:05:01:07 +0000] "POST /health HTTP/2.0" 403 527952 "https://example.com/" "ELB-HealthChecker/2.0"
172.16.4.22 - john [20/Apr/2026:05:01:14 +0000] "PUT /api/users HTTP/2.0" 500 1016239 "https://google.com/" "kube-probe/1.29"
10.0.0.5 - admin [20/Apr/2026:05:01:21 +0000] "GET /static/app.js HTTP/2.0" 200 467277 "https://app.internal.local/" "Mozilla/5.0 (Windows NT 10.0; Win64; x64)"
66.249.66.1 - - [20/Apr/2026:05:01:28 +0000] "DELETE /static/app.js HTTP/2.0" 404 351983
172.16.4.22 - - [20/Apr/2026:05:01:35 +0000] "PUT /checkout HTTP/1.1" 301 592115 "https://example.com/" "Mozilla/5.0 (Macintosh; Intel Mac OS X 10_15_7)"
198.51.100.7 - - [20/Apr/2026:05:01:42 +0000] "HEAD /static/app.js HTTP/2.0" 201 44689 "https://app.internal.local/" "Mozilla/5.0 (Windows NT 10.0; Win64; x64)"
66.249.66.1 - - [20/Apr/2026:05:01:49 +0000] "HEAD /login HTTP/1.1" 201 997359 "-" "Mozilla/5.0 (Macintosh; Intel Mac OS X 10_15_7)"
203.0.113.9 - admin [20/Apr/2026:05:01:56 +0000] "DELETE /login HTTP/1.1" 204 344612
172.16.4.22 - svc_api [20/Apr/2026:05:02:03 +0000] "DELETE / HTTP/1.1" 204 664755 "-" "kube-probe/1.29"
[Mon Apr 20 05:02:10.000000 2026] [pid 7077:tid 345165] [client 172.16.4.22:54604] [authz_core:notice] File does not exist: /var/www/html/favicon.ico
66.249.66.1 - john [20/Apr/2026:05:02:17 +0000] "GET /login HTTP/1.1" 204 459120 "https://google.com/" "ELB-HealthChecker/2.0"
172.16.4.22 - - [20/Apr/2026:05:02:24 +0000] "GET /api/orders HTTP/2.0" 502 963732
192.168.1.10 - - [20/Apr/2026:05:02:31 +0000] "PUT /login HTTP/2.0" 301 904856 "https://example.com/" "Mozilla/5.0 (Windows NT 10.0; Win64; x64)"
66.249.66.1 - admin [20/Apr/2026:05:02:38 +0000] "PUT /admin HTTP/2.0" 200 459460 "https://google.com/" "Mozilla/5.0 (Macintosh; Intel Mac OS X 10_15_7)"
203.0.113.9 - - [20/Apr/2026:05:02:45 +0000] "DELETE /api/users HTTP/1.1" 401 623981 "-" "Mozilla/5.0 (Windows NT 10.0; Win64; x64)"
66.249.66.1 - admin [20/Apr/2026:05:02:52 +0000] "PUT / HTTP/1.1" 500 787596
192.168.1.10 - - [20/Apr/2026:05:02:59 +0000] "GET /checkout HTTP/2.0" 500 652376 "https://example.com/" "Mozilla/5.0 (Windows NT 10.0; Win64; x64)"
66.249.66.1 - - [20/Apr/2026:05:03:06 +0000] "POST /login HTTP/1.1" 302 365244 "https://example.com/" "Mozilla/5.0 (Macintosh; Intel Mac OS X 10_15_7)"
10.0.0.5 - svc_api [20/Apr/2026:05:03:13 +0000] "GET /search?q=elastic HTTP/2.0" 201 75626 "https://google.com/" "ELB-HealthChecker/2.0"
[Mon Apr 20 05:03:20.000000 2026] [pid 2536:tid 332135] [client 66.249.66.1:23097] [proxy_http:notice] AH01630: client denied by server configuration
172.16.4.22 - john [20/Apr/2026:05:03:27 +0000] "PUT /static/app.js HTTP/1.1" 200 379018 "https://app.internal.local/" "Mozilla/5.0 (Macintosh; Intel Mac OS X 10_15_7)"
192.168.1.10 - - [20/Apr/2026:05:03:34 +0000] "DELETE /admin HTTP/1.1" 500 20275 "https://app.internal.local/" "ELB-HealthChecker/2.0"
203.0.113.9 - admin [20/Apr/2026:05:03:41 +0000] "GET /login HTTP/2.0" 502 460688 "https://app.internal.local/" "Mozilla/5.0 (Windows NT 10.0; Win64; x64)"
192.168.1.10 - john [20/Apr/2026:05:03:48 +0000] "DELETE /search?q=elastic HTTP/2.0" 502 713380
10.0.0.5 - john [20/Apr/2026:05:03:55 +0000] "POST /health HTTP/2.0" 404 732958 "https://google.com/" "curl/8.5.0"
192.168.1.10 - - [20/Apr/2026:05:04:02 +0000] "DELETE /admin HTTP/2.0" 400 795740 "https://example.com/" "Mozilla/5.0 (Windows NT 10.0; Win64; x64)"
172.16.4.22 - - [20/Apr/2026:05:04:09 +0000] "POST /api/orders HTTP/2.0" 200 76538 "https://app.internal.local/" "curl/8.5.0"
203.0.113.9 - mary [20/Apr/2026:05:04:16 +0000] "PUT /api/orders HTTP/2.0" 204 299875
192.168.1.10 - svc_api [20/Apr/2026:05:04:23 +0000] "HEAD /health HTTP/1.1" 404 64238 "https://example.com/" "ELB-HealthChecker/2.0"
[Mon Apr 20 05:04:30.000000 2026] [pid 3448:tid 329465] [client 10.0.0.5:21190] [authz_core:error] File does not exist: /var/www/html/favicon.ico
192.168.1.10 - - [20/Apr/2026:05:04:37 +0000] "HEAD / HTTP/2.0" 500 48768 "https://google.com/" "curl/8.5.0"
192.168.1.10 - admin [20/Apr/2026:05:04:44 +0000] "HEAD /checkout HTTP/2.0" 301 14741
10.0.0.5 - - [20/Apr/2026:05:04:51 +0000] "GET /checkout HTTP/2.0" 401 230748 "https://example.com/" "ELB-HealthChecker/2.0"
192.168.1.10 - mary [20/Apr/2026:05:04:58 +0000] "PUT /admin HTTP/2.0" 404 583635 "https://app.internal.local/" "Mozilla/5.0 (Windows NT 10.0; Win64; x64)"
198.51.100.7 - john [20/Apr/2026:05:05:05 +0000] "GET /api/orders HTTP/2.0" 302 175742 "https://app.internal.local/" "Mozilla/5.0 (Macintosh; Intel Mac OS X 10_15_7)"
10.0.0.5 - john [20/Apr/2026:05:05:12 +0000] "DELETE /api/orders HTTP/1.1" 502 148457
203.0.113.9 - mary [20/Apr/2026:05:05:19 +0000] "PUT /search?q=elastic HTTP/1.1" 201 268381 "https://app.internal.local/" "kube-probe/1.29"
192.168.1.10 - admin [20/Apr/2026:05:05:26 +0000] "POST / HTTP/2.0" 201 95366 "https://google.com/" "curl/8.5.0"
10.0.0.5 - admin [20/Apr/2026:05:05:33 +0000] "GET /api/orders HTTP/1.1" 400 734567 "https://example.com/" "Mozilla/5.0 (Macintosh; Intel Mac OS X 10_15_7)"
[Mon Apr 20 05:05:40.000000 2026] [pid 3800:tid 170805] [client 172.16.4.22:60458] [core:notice] AH00126: Invalid URI in request
66.249.66.1 - - [20/Apr/2026:05:05:47 +0000] "PUT /login HTTP/2.0" 201 810462 "-" "ELB-HealthChecker/2.0"
203.0.113.9 - john [20/Apr/2026:05:05:54 +0000] "HEAD /static/app.js HTTP/2.0" 403 577467 "-" "ELB-HealthChecker/2.0"
172.16.4.22 - admin [20/Apr/2026:05:06:01 +0000] "DELETE /admin HTTP/1.1" 502 724404 "-" "kube-probe/1.29"
198.51.100.7 - admin [20/Apr/2026:05:06:08 +0000] "GET / HTTP/2.0" 301 502125
198.51.100.7 - admin [20/Apr/2026:05:06:15 +0000] "POST /login HTTP/2.0" 404 988512 "https://example.com/" "ELB-HealthChecker/2.0"
198.51.100.7 - svc_api [20/Apr/2026:05:06:22 +0000] "POST /search?q=elastic HTTP/2.0" 304 - "https://google.com/" "Mozilla/5.0 (Macintosh; Intel Mac OS X 10_15_7)"
66.249.66.1 - - [20/Apr/2026:05:06:29 +0000] "HEAD /api/orders HTTP/1.1" 502 790738 "https://app.internal.local/" "curl/8.5.0"
192.168.1.10 - - [20/Apr/2026:05:06:36 +0000] "POST /search?q=elastic HTTP/1.1" 404 308973
198.51.100.7 - john [20/Apr/2026:05:06:43 +0000] "POST /api/orders HTTP/1.1" 200 264321 "-" "Mozilla/5.0 (Windows NT 10.0; Win64; x64)"
[Mon Apr 20 05:06:50.000000 2026] [pid 5566:tid 610944] [client 172.16.4.22:43939] [proxy_http:notice] AH01071: Got error 'Primary script unknown'
66.249.66.1 - admin [20/Apr/2026:05:06:57 +0000] "GET /login HTTP/2.0" 304 - "https://example.com/" "Mozilla/5.0 (Macintosh; Intel Mac OS X 10_15_7)"
66.249.66.1 - john [20/Apr/2026:05:07:04 +0000] "GET /api/orders HTTP/1.1" 500 218074
192.168.1.10 - mary [20/Apr/2026:05:07:11 +0000] "POST /api/users HTTP/1.1" 204 751885 "https://app.internal.local/" "kube-probe/1.29"
172.16.4.22 - john [20/Apr/2026:05:07:18 +0000] "GET /api/users HTTP/2.0" 502 203505 "-" "curl/8.5.0"
198.51.100.7 - - [20/Apr/2026:05:07:25 +0000] "DELETE /static/app.js HTTP/1.1" 400 265898 "https://app.internal.local/" "curl/8.5.0"
192.168.1.10 - - [20/Apr/2026:05:07:32 +0000] "PUT /api/users HTTP/2.0" 401 482044
172.16.4.22 - svc_api [20/Apr/2026:05:07:39 +0000] "HEAD /login HTTP/1.1" 204 805326 "-" "Mozilla/5.0 (Macintosh; Intel Mac OS X 10_15_7)"
66.249.66.1 - john [20/Apr/2026:05:07:46 +0000] "HEAD /login HTTP/2.0" 500 926495 "-" "kube-probe/1.29"
172.16.4.22 - svc_api [20/Apr/2026:05:07:53 +0000] "HEAD / HTTP/1.1" 404 785581 "https://example.com/" "Mozilla/5.0 (Macintosh; Intel Mac OS X 10_15_7)"
[Mon Apr 20 05:08:00.000000 2026] [pid 1477:tid 376478] [client 10.0.0.5:56214] [authz_core:error] AH00126: Invalid URI in request
203.0.113.9 - john [20/Apr/2026:05:08:07 +0000] "POST /login HTTP/1.1" 201 440311 "https://app.internal.local/" "Mozilla/5.0 (Macintosh; Intel Mac OS X 10_15_7)"
198.51.100.7 - - [20/Apr/2026:05:08:14 +0000] "PUT /checkout HTTP/2.0" 400 882428 "https://app.internal.local/" "kube-probe/1.29"
192.168.1.10 - svc_api [20/Apr/2026:05:08:21 +0000] "POST /checkout HTTP/1.1" 201 598152 "https://app.internal.local/" "Mozilla/5.0 (Windows NT 10.0; Win64; x64)"
172.16.4.22 - - [20/Apr/2026:05:08:28 +0000] "PUT /health HTTP/2.0" 302 688014
192.168.1.10 - svc_api [20/Apr/2026:05:08:35 +0000] "DELETE /checkout HTTP/1.1" 500 321162 "https://example.com/" "curl/8.5.0"
198.51.100.7 - svc_api [20/Apr/2026:05:08:42 +0000] "PUT / HTTP/2.0" 500 634003 "https://app.internal.local/" "curl/8.5.0"
203.0.113.9 - john [20/Apr/2026:05:08:49 +0000] "POST /api/orders HTTP/2.0" 204 455034 "-" "Mozilla/5.0 (Macintosh; Intel Mac OS X 10_15_7)"
172.16.4.22 - john [20/Apr/2026:05:08:56 +0000] "PUT /api/users HTTP/2.0" 500 144241
66.249.66.1 - mary [20/Apr/2026:05:09:03 +0000] "HEAD /static/app.js HTTP/2.0" 500 158775 "-" "ELB-HealthChecker/2.0"
[Mon Apr 20 05:09:10.000000 2026] [pid 9408:tid 767137] [client 192.168.1.10:36007] [rewrite:notice] File does not exist: /var/www/html/favicon.ico
66.249.66.1 - admin [20/Apr/2026:05:09:17 +0000] "DELETE /api/orders HTTP/1.1" 502 326368 "-" "ELB-HealthChecker/2.0"
198.51.100.7 - svc_api [20/Apr/2026:05:09:24 +0000] "PUT /api/users HTTP/1.1" 403 355414
10.0.0.5 - john [20/Apr/2026:05:09:31 +0000] "PUT /admin HTTP/1.1" 304 - "-" "Mozilla/5.0 (Windows NT 10.0; Win64; x64)"
198.51.100.7 - john [20/Apr/2026:05:09:38 +0000] "POST /api/users HTTP/2.0" 301 995600 "-" "curl/8.5.0"
192.168.1.10 - - [20/Apr/2026:05:09:45 +0000] "PUT /search?q=elastic HTTP/2.0" 400 29469 "https://google.com/" "Mozilla/5.0 (Windows NT 10.0; Win64; x64)"
172.16.4.22 - svc_api [20/Apr/2026:05:09:52 +0000] "DELETE /health HTTP/2.0" 304 -
203.0.113.9 - svc_api [20/Apr/2026:05:09:59 +0000] "HEAD /health HTTP/2.0" 301 378123 "https://example.com/" "kube-probe/1.29"
172.16.4.22 - admin [20/Apr/2026:05:10:06 +0000] "DELETE /health HTTP/2.0" 400 976546 "https://app.internal.local/" "Mozilla/5.0 (Macintosh; Intel Mac OS X 10_15_7)"
203.0.113.9 - john [20/Apr/2026:05:10:13 +0000] "PUT /api/orders HTTP/1.1" 204 360051 "https://google.com/" "Mozilla/5.0 (Windows NT 10.0; Win64; x64)"
[Mon Apr 20 05:10:20.000000 2026] [pid 1362:tid 661498] [client 66.249.66.1:60547] [core:notice] AH01630: client denied by server configuration
198.51.100.7 - mary [20/Apr/2026:05:10:27 +0000] "HEAD /login HTTP/2.0" 204 797475 "https://app.internal.local/" "ELB-HealthChecker/2.0"
10.0.0.5 - mary [20/Apr/2026:05:10:34 +0000] "PUT /checkout HTTP/2.0" 302 885369 "https://app.internal.local/" "curl/8.5.0"
192.168.1.10 - john [20/Apr/2026:05:10:41 +0000] "GET /admin HTTP/2.0" 204 251356 "https://google.com/" "ELB-HealthChecker/2.0"
192.168.1.10 - mary [20/Apr/2026:05:10:48 +0000] "POST /checkout HTTP/1.1" 302 55316
66.249.66.1 - mary [20/Apr/2026:05:10:55 +0000] "HEAD /api/users HTTP/1.1" 204 986786 "https://app.internal.local/" "Mozilla/5.0 (Macintosh; Intel Mac OS X 10_15_7)"
172.16.4.22 - mary [20/Apr/2026:05:11:02 +0000] "PUT /api/users HTTP/1.1" 401 594213 "https://app.internal.local/" "curl/8.5.0"
66.249.66.1 - svc_api [20/Apr/2026:05:11:09 +0000] "POST /login HTTP/1.1" 200 560225 "-" "kube-probe/1.29"
198.51.100.7 - mary [20/Apr/2026:05:11:16 +0000] "POST /api/orders HTTP/1.1" 201 386373
66.249.66.1 - admin [20/Apr/2026:05:11:23 +0000] "DELETE /login HTTP/2.0" 304 - "https://example.com/" "curl/8.5.0"
[Mon Apr 20 05:11:30.000000 2026] [pid 6943:tid 955266] [client 66.249.66.1:19332] [proxy_http:warn] AH00126: Invalid URI in request
172.16.4.22 - mary [20/Apr/2026:05:11:37 +0000] "DELETE / HTTP/1.1" 401 203539 "https://example.com/" "Mozilla/5.0 (Macintosh; Intel Mac OS X 10_15_7)"
66.249.66.1 - admin [20/Apr/2026:05:11:44 +0000] "DELETE /static/app.js HTTP/1.1" 301 949015
203.0.113.9 - svc_api [20/Apr/2026:05:11:51 +0000] "DELETE /api/orders HTTP/2.0" 400 715215 "https://google.com/" "kube-probe/1.29"
10.0.0.5 - john [20/Apr/2026:05:11:58 +0000] "DELETE / HTTP/1.1" 302 955400 "-" "Mozilla/5.0 (Macintosh; Intel Mac OS X 10_15_7)"
66.249.66.1 - mary [20/Apr/2026:05:12:05 +0000] "POST /admin HTTP/1.1" 200 972749 "https://google.com/" "Mozilla/5.0 (Windows NT 10.0; Win64; x64)"
66.249.66.1 - admin [20/Apr/2026:05:12:12 +0000] "GET / HTTP/1.1" 204 507468
66.249.66.1 - john [20/Apr/2026:05:12:19 +0000] "POST /login HTTP/2.0" 204 335442 "https://app.internal.local/" "curl/8.5.0"
192.168.1.10 - svc_api [20/Apr/2026:05:12:26 +0000] "GET /health HTTP/1.1" 404 726048 "-" "curl/8.5.0"
203.0.113.9 - admin [20/Apr/2026:05:12:33 +0000] "GET /admin HTTP/1.1" 200 208219 "-" "curl/8.5.0"
[Mon Apr 20 05:12:40.000000 2026] [pid 7194:tid 752669] [client 172.16.4.22:24031] [proxy_http:notice] AH00126: Invalid URI in request
10.0.0.5 - - [20/Apr/2026:05:12:47 +0000] "HEAD /api/orders HTTP/2.0" 301 360798 "https://example.com/" "Mozilla/5.0 (Windows NT 10.0; Win64; x64)"
198.51.100.7 - mary [20/Apr/2026:05:12:54 +0000] "POST /api/users HTTP/1.1" 204 158220 "https://app.internal.local/" "curl/8.5.0"
66.249.66.1 - admin [20/Apr/2026:05:13:01 +0000] "POST /search?q=elastic HTTP/1.1" 200 301406 "https://google.com/" "kube-probe/1.29"
66.249.66.1 - john [20/Apr/2026:05:13:08 +0000] "PUT /api/users HTTP/1.1" 301 443905
203.0.113.9 - - [20/Apr/2026:05:13:15 +0000] "HEAD /static/app.js HTTP/1.1" 401 416505 "-" "Mozilla/5.0 (Macintosh; Intel Mac OS X 10_15_7)"
198.51.100.7 - svc_api [20/Apr/2026:05:13:22 +0000] "GET /search?q=elastic HTTP/1.1" 400 636746 "https://app.internal.local/" "Mozilla/5.0 (Macintosh; Intel Mac OS X 10_15_7)"
198.51.100.7 - john [20/Apr/2026:05:13:29 +0000] "POST /checkout HTTP/1.1" 201 14967 "https://app.internal.local/" "Mozilla/5.0 (Macintosh; Intel Mac OS X 10_15_7)"
10.0.0.5 - svc_api [20/Apr/2026:05:13:36 +0000] "GET /static/app.js HTTP/1.1" 403 710814
198.51.100.7 - john [20/Apr/2026:05:13:43 +0000] "GET /admin HTTP/2.0" 502 799181 "https://google.com/" "ELB-HealthChecker/2.0"
[Mon Apr 20 05:13:50.000000 2026] [pid 5231:tid 917208] [client 203.0.113.9:32381] [proxy_http:warn] AH00126: Invalid URI in request
172.16.4.22 - john [20/Apr/2026:05:13:57 +0000] "POST /api/users HTTP/1.1" 502 1030316 "https://example.com/" "curl/8.5.0"
10.0.0.5 - admin [20/Apr/2026:05:14:04 +0000] "GET /login HTTP/2.0" 302 1045695
10.0.0.5 - mary [20/Apr/2026:05:14:11 +0000] "HEAD /api/orders HTTP/1.1" 204 770039 "https://google.com/" "kube-probe/1.29"
192.168.1.10 - svc_api [20/Apr/2026:05:14:18 +0000] "POST /static/app.js HTTP/1.1" 304 - "-" "kube-probe/1.29"
10.0.0.5 - svc_api [20/Apr/2026:05:14:25 +0000] "POST /login HTTP/1.1" 403 58234 "https://google.com/" "kube-probe/1.29"
66.249.66.1 - svc_api [20/Apr/2026:05:14:32 +0000] "PUT /login HTTP/1.1" 200 509273
66.249.66.1 - mary [20/Apr/2026:05:14:39 +0000] "POST /search?q=elastic HTTP/2.0" 201 685051 "https://google.com/" "curl/8.5.0"
192.168.1.10 - - [20/Apr/2026:05:14:46 +0000] "POST /checkout HTTP/1.1" 400 693331 "-" "ELB-HealthChecker/2.0"
172.16.4.22 - svc_api [20/Apr/2026:05:14:53 +0000] "POST /admin HTTP/2.0" 400 66450 "https://google.com/" "Mozilla/5.0 (Windows NT 10.0; Win64; x64)"
[Mon Apr 20 05:15:00.000000 2026] [pid 8801:tid 147220] [client 172.16.4.22:21892] [authz_core:notice] File does not exist: /var/www/html/favicon.ico
10.0.0.5 - - [20/Apr/2026:05:15:07 +0000] "PUT /login HTTP/2.0" 502 280790 "-" "Mozilla/5.0 (Macintosh; Intel Mac OS X 10_15_7)"
198.51.100.7 - mary [20/Apr/2026:05:15:14 +0000] "PUT /checkout HTTP/2.0" 200 597363 "-" "ELB-HealthChecker/2.0"
66.249.66.1 - svc_api [20/Apr/2026:05:15:21 +0000] "HEAD /api/users HTTP/2.0" 401 573818 "https://app.internal.local/" "Mozilla/5.0 (Windows NT 10.0; Win64; x64)"
10.0.0.5 - - [20/Apr/2026:05:15:28 +0000] "DELETE / HTTP/1.1" 200 266060
10.0.0.5 - svc_api [20/Apr/2026:05:15:35 +0000] "POST / HTTP/1.1" 404 909106 "https://app.internal.local/" "Mozilla/5.0 (Macintosh; Intel Mac OS X 10_15_7)"
10.0.0.5 - - [20/Apr/2026:05:15:42 +0000] "POST /health HTTP/1.1" 301 599458 "https://example.com/" "kube-probe/1.29"
198.51.100.7 - svc_api [20/Apr/2026:05:15:49 +0000] "DELETE /search?q=elastic HTTP/2.0" 400 38220 "https://app.internal.local/" "curl/8.5.0"
192.168.1.10 - john [20/Apr/2026:05:15:56 +0000] "DELETE /admin HTTP/2.0" 301 83904
198.51.100.7 - john [20/Apr/2026:05:16:03 +0000] "POST /admin HTTP/2.0" 500 801903 "-" "kube-probe/1.29"
[Mon Apr 20 05:16:10.000000 2026] [pid 6556:tid 829235] [client 198.51.100.7:64189] [rewrite:notice] AH00126: Invalid URI in request
172.16.4.22 - john [20/Apr/2026:05:16:17 +0000] "POST /health HTTP/1.1" 201 632010 "-" "kube-probe/1.29"
172.16.4.22 - mary [20/Apr/2026:05:16:24 +0000] "POST / HTTP/2.0" 204 244621
192.168.1.10 - john [20/Apr/2026:05:16:31 +0000] "GET /api/orders HTTP/1.1" 404 72737 "https://google.com/" "Mozilla/5.0 (Macintosh; Intel Mac OS X 10_15_7)"
172.16.4.22 - svc_api [20/Apr/2026:05:16:38 +0000] "DELETE /health HTTP/2.0" 404 671296 "https://app.internal.local/" "Mozilla/5.0 (Windows NT 10.0; Win64; x64)"
203.0.113.9 - - [20/Apr/2026:05:16:45 +0000] "GET / HTTP/1.1" 400 1015319 "https://app.internal.local/" "kube-probe/1.29"
172.16.4.22 - mary [20/Apr/2026:05:16:52 +0000] "HEAD /checkout HTTP/2.0" 400 312327
198.51.100.7 - svc_api [20/Apr/2026:05:16:59 +0000] "HEAD /admin HTTP/2.0" 201 440301 "https://example.com/" "kube-probe/1.29"
172.16.4.22 - svc_api [20/Apr/2026:05:17:06 +0000] "GET /health HTTP/2.0" 200 24293 "https://app.internal.local/" "curl/8.5.0"
172.16.4.22 - mary [20/Apr/2026:05:17:13 +0000] "POST /admin HTTP/1.1" 200 617587 "https://app.internal.local/" "Mozilla/5.0 (Windows NT 10.0; Win64; x64)"
[Mon Apr 20 05:17:20.000000 2026] [pid 7989:tid 746403] [client 10.0.0.5:64127] [rewrite:warn] File does not exist: /var/www/html/favicon.ico
192.168.1.10 - admin [20/Apr/2026:05:17:27 +0000] "PUT /api/orders HTTP/2.0" 301 336813 "https://example.com/" "Mozilla/5.0 (Macintosh; Intel Mac OS X 10_15_7)"
66.249.66.1 - mary [20/Apr/2026:05:17:34 +0000] "HEAD /admin HTTP/1.1" 204 386003 "https://google.com/" "Mozilla/5.0 (Macintosh; Intel Mac OS X 10_15_7)"
10.0.0.5 - admin [20/Apr/2026:05:17:41 +0000] "POST /admin HTTP/2.0" 500 216514 "https://app.internal.local/" "Mozilla/5.0 (Windows NT 10.0; Win64; x64)"
10.0.0.5 - - [20/Apr/2026:05:17:48 +0000] "PUT /health HTTP/2.0" 404 412704
172.16.4.22 - mary [20/Apr/2026:05:17:55 +0000] "DELETE /checkout HTTP/1.1" 302 1019728 "https://google.com/" "Mozilla/5.0 (Windows NT 10.0; Win64; x64)"
172.16.4.22 - john [20/Apr/2026:05:18:02 +0000] "PUT /health HTTP/1.1" 302 641834 "-" "kube-probe/1.29"
198.51.100.7 - admin [20/Apr/2026:05:18:09 +0000] "HEAD /api/users HTTP/1.1" 502 990762 "https://google.com/" "Mozilla/5.0 (Windows NT 10.0; Win64; x64)"
198.51.100.7 - svc_api [20/Apr/2026:05:18:16 +0000] "PUT /api/users HTTP/2.0" 400 276728
192.168.1.10 - admin [20/Apr/2026:05:18:23 +0000] "HEAD /api/orders HTTP/1.1" 301 50183 "https://google.com/" "ELB-HealthChecker/2.0"
[Mon Apr 20 05:18:30.000000 2026] [pid 7883:tid 234536] [client 198.51.100.7:48403] [rewrite:notice] AH01071: Got error 'Primary script unknown'
198.51.100.7 - admin [20/Apr/2026:05:18:37 +0000] "HEAD /health HTTP/1.1" 301 165473 "-" "Mozilla/5.0 (Macintosh; Intel Mac OS X 10_15_7)"
198.51.100.7 - svc_api [20/Apr/2026:05:18:44 +0000] "POST / HTTP/1.1" 201 902337
203.0.113.9 - - [20/Apr/2026:05:18:51 +0000] "DELETE /static/app.js HTTP/2.0" 403 364759 "https://example.com/" "Mozilla/5.0 (Windows NT 10.0; Win64; x64)"
66.249.66.1 - svc_api [20/Apr/2026:05:18:58 +0000] "PUT /static/app.js HTTP/2.0" 404 138439 "https://example.com/" "Mozilla/5.0 (Macintosh; Intel Mac OS X 10_15_7)"
10.0.0.5 - - [20/Apr/2026:05:19:05 +0000] "GET /health HTTP/2.0" 404 453982 "https://google.com/" "kube-probe/1.29"
192.168.1.10 - john [20/Apr/2026:05:19:12 +0000] "HEAD /api/users HTTP/1.1" 200 148425
66.249.66.1 - mary [20/Apr/2026:05:19:19 +0000] "GET /api/orders HTTP/1.1" 301 769605 "https://app.internal.local/" "Mozilla/5.0 (Windows NT 10.0; Win64; x64)"
203.0.113.9 - mary [20/Apr/2026:05:19:26 +0000] "HEAD /checkout HTTP/1.1" 304 - "https://google.com/" "kube-probe/1.29"
192.168.1.10 - admin [20/Apr/2026:05:19:33 +0000] "DELETE /login HTTP/1.1" 201 273894 "https://google.com/" "ELB-HealthChecker/2.0"
[Mon Apr 20 05:19:40.000000 2026] [pid 5888:tid 298340] [client 172.16.4.22:46621] [authz_core:warn] AH00126: Invalid URI in request
10.0.0.5 - - [20/Apr/2026:05:19:47 +0000] "GET /api/users HTTP/2.0" 200 928128 "https://example.com/" "Mozilla/5.0 (Windows NT 10.0; Win64; x64)"
10.0.0.5 - john [20/Apr/2026:05:19:54 +0000] "DELETE /api/orders HTTP/1.1" 200 899772 "https://example.com/" "curl/8.5.0"
172.16.4.22 - svc_api [20/Apr/2026:05:20:01 +0000] "PUT /api/orders HTTP/2.0" 400 218131 "-" "Mozilla/5.0 (Macintosh; Intel Mac OS X 10_15_7)"
172.16.4.22 - john [20/Apr/2026:05:20:08 +0000] "DELETE /checkout HTTP/2.0" 403 871691
192.168.1.10 - - [20/Apr/2026:05:20:15 +0000] "HEAD /static/app.js HTTP/1.1" 404 902268 "https://google.com/" "kube-probe/1.29"
198.51.100.7 - - [20/Apr/2026:05:20:22 +0000] "POST /login HTTP/2.0" 401 932585 "https://google.com/" "Mozilla/5.0 (Macintosh; Intel Mac OS X 10_15_7)"
203.0.113.9 - mary [20/Apr/2026:05:20:29 +0000] "POST / HTTP/2.0" 301 882467 "https://google.com/" "Mozilla/5.0 (Macintosh; Intel Mac OS X 10_15_7)"
10.0.0.5 - john [20/Apr/2026:05:20:36 +0000] "HEAD /static/app.js HTTP/1.1" 204 169975
198.51.100.7 - admin [20/Apr/2026:05:20:43 +0000] "PUT /checkout HTTP/2.0" 304 - "https://example.com/" "kube-probe/1.29"
[Mon Apr 20 05:20:50.000000 2026] [pid 6517:tid 865285] [client 10.0.0.5:14063] [proxy_http:error] AH01071: Got error 'Primary script unknown'
198.51.100.7 - john [20/Apr/2026:05:20:57 +0000] "GET /api/orders HTTP/1.1" 204 346348 "https://app.internal.local/" "ELB-HealthChecker/2.0"
192.168.1.10 - john [20/Apr/2026:05:21:04 +0000] "POST / HTTP/1.1" 200 230240
10.0.0.5 - mary [20/Apr/2026:05:21:11 +0000] "DELETE /admin HTTP/2.0" 201 769841 "-" "kube-probe/1.29"
203.0.113.9 - mary [20/Apr/2026:05:21:18 +0000] "GET /admin HTTP/2.0" 204 813716 "https://app.internal.local/" "ELB-HealthChecker/2.0"
198.51.100.7 - mary [20/Apr/2026:05:21:25 +0000] "PUT /api/users HTTP/1.1" 204 291617 "https://google.com/" "curl/8.5.0"
192.168.1.10 - - [20/Apr/2026:05:21:32 +0000] "POST /api/users HTTP/2.0" 401 179035
10.0.0.5 - - [20/Apr/2026:05:21:39 +0000] "POST /health HTTP/1.1" 200 133347 "https://google.com/" "kube-probe/1.29"
192.168.1.10 - admin [20/Apr/2026:05:21:46 +0000] "GET /login HTTP/2.0" 502 171084 "https://example.com/" "curl/8.5.0"
172.16.4.22 - - [20/Apr/2026:05:21:53 +0000] "PUT / HTTP/2.0" 502 433797 "https://google.com/" "ELB-HealthChecker/2.0"
[Mon Apr 20 05:22:00.000000 2026] [pid 8578:tid 865090] [client 192.168.1.10:55530] [rewrite:notice] AH00126: Invalid URI in request
172.16.4.22 - mary [20/Apr/2026:05:22:07 +0000] "DELETE /login HTTP/1.1" 302 52597 "https://app.internal.local/" "Mozilla/5.0 (Windows NT 10.0; Win64; x64)"
66.249.66.1 - admin [20/Apr/2026:05:22:14 +0000] "POST /search?q=elastic HTTP/2.0" 204 827047 "https://app.internal.local/" "curl/8.5.0"
172.16.4.22 - admin [20/Apr/2026:05:22:21 +0000] "GET /api/orders HTTP/1.1" 304 - "-" "ELB-HealthChecker/2.0"
66.249.66.1 - mary [20/Apr/2026:05:22:28 +0000] "DELETE /checkout HTTP/2.0" 502 267215
198.51.100.7 - john [20/Apr/2026:05:22:35 +0000] "POST /admin HTTP/1.1" 500 196860 "https://app.internal.local/" "ELB-HealthChecker/2.0"
192.168.1.10 - john [20/Apr/2026:05:22:42 +0000] "GET /api/orders HTTP/1.1" 201 1027018 "-" "Mozilla/5.0 (Macintosh; Intel Mac OS X 10_15_7)"
198.51.100.7 - svc_api [20/Apr/2026:05:22:49 +0000] "HEAD / HTTP/1.1" 502 363614 "https://app.internal.local/" "ELB-HealthChecker/2.0"
192.168.1.10 - - [20/Apr/2026:05:22:56 +0000] "DELETE / HTTP/2.0" 302 727397
192.168.1.10 - john [20/Apr/2026:05:23:03 +0000] "HEAD /api/orders HTTP/2.0" 201 616427 "https://google.com/" "Mozilla/5.0 (Windows NT 10.0; Win64; x64)"
[Mon Apr 20 05:23:10.000000 2026] [pid 3919:tid 727234] [client 172.16.4.22:49207] [core:warn] File does not exist: /var/www/html/favicon.ico
10.0.0.5 - john [20/Apr/2026:05:23:17 +0000] "POST /admin HTTP/2.0" 502 267011 "https://example.com/" "curl/8.5.0"
198.51.100.7 - svc_api [20/Apr/2026:05:23:24 +0000] "POST /api/orders HTTP/1.1" 304 -
172.16.4.22 - john [20/Apr/2026:05:23:31 +0000] "POST /login HTTP/2.0" 204 395311 "https://google.com/" "Mozilla/5.0 (Windows NT 10.0; Win64; x64)"
198.51.100.7 - svc_api [20/Apr/2026:05:23:38 +0000] "POST /api/users HTTP/1.1" 502 565909 "https://example.com/" "curl/8.5.0"
172.16.4.22 - mary [20/Apr/2026:05:23:45 +0000] "PUT /admin HTTP/1.1" 302 526718 "https://app.internal.local/" "ELB-HealthChecker/2.0"
198.51.100.7 - admin [20/Apr/2026:05:23:52 +0000] "PUT / HTTP/2.0" 401 21940
10.0.0.5 - - [20/Apr/2026:05:23:59 +0000] "PUT /checkout HTTP/2.0" 201 641929 "https://google.com/" "curl/8.5.0"
66.249.66.1 - svc_api [20/Apr/2026:05:24:06 +0000] "DELETE /health HTTP/1.1" 400 448007 "https://example.com/" "curl/8.5.0"
198.51.100.7 - mary [20/Apr/2026:05:24:13 +0000] "DELETE /api/users HTTP/2.0" 204 474443 "https://app.internal.local/" "kube-probe/1.29"
[Mon Apr 20 05:24:20.000000 2026] [pid 6224:tid 933398] [client 10.0.0.5:11510] [authz_core:notice] AH01071: Got error 'Primary script unknown'
192.168.1.10 - svc_api [20/Apr/2026:05:24:27 +0000] "GET /checkout HTTP/2.0" 403 87901 "https://example.com/" "ELB-HealthChecker/2.0"
10.0.0.5 - - [20/Apr/2026:05:24:34 +0000] "PUT /api/orders HTTP/1.1" 404 299842 "-" "Mozilla/5.0 (Macintosh; Intel Mac OS X 10_15_7)"
172.16.4.22 - svc_api [20/Apr/2026:05:24:41 +0000] "POST / HTTP/1.1" 404 333300 "https://google.com/" "ELB-HealthChecker/2.0"
203.0.113.9 - john [20/Apr/2026:05:24:48 +0000] "DELETE /api/users HTTP/2.0" 500 755306
10.0.0.5 - svc_api [20/Apr/2026:05:24:55 +0000] "POST /health HTTP/1.1" 200 452543 "https://app.internal.local/" "Mozilla/5.0 (Macintosh; Intel Mac OS X 10_15_7)"
172.16.4.22 - mary [20/Apr/2026:05:25:02 +0000] "HEAD /search?q=elastic HTTP/1.1" 500 701431 "https://google.com/" "Mozilla/5.0 (Macintosh; Intel Mac OS X 10_15_7)"
10.0.0.5 - john [20/Apr/2026:05:25:09 +0000] "GET /api/users HTTP/1.1" 200 285973 "https://example.com/" "curl/8.5.0"
192.168.1.10 - - [20/Apr/2026:05:25:16 +0000] "POST /api/orders HTTP/1.1" 204 820222
192.168.1.10 - mary [20/Apr/2026:05:25:23 +0000] "PUT /search?q=elastic HTTP/1.1" 502 390703 "https://example.com/" "kube-probe/1.29"
