[Mon Apr 20 00:00:00.000000 2026] [pid 2824:tid 126225] [client 66.249.66.1:19048] [proxy_http:error] AH01071: Got error 'Primary script unknown'
66.249.66.1 - - [20/Apr/2026:00:00:07 +0000] "HEAD /login HTTP/2.0" 200 31364 "-" "curl/8.5.0"
10.0.0.5 - admin [20/Apr/2026:00:00:14 +0000] "HEAD / HTTP/1.1" 502 681573 "https://app.internal.local/" "curl/8.5.0"
203.0.113.9 - admin [20/Apr/2026:00:00:21 +0000] "PUT / HTTP/1.1" 502 443263 "https://google.com/" "Mozilla/5.0 (Windows NT 10.0; Win64; x64)"
10.0.0.5 - john [20/Apr/2026:00:00:28 +0000] "PUT /login HTTP/1.1" 400 101534
172.16.4.22 - mary [20/Apr/2026:00:00:35 +0000] "HEAD /health HTTP/1.1" 502 481861 "-" "kube-probe/1.29"
192.168.1.10 - admin [20/Apr/2026:00:00:42 +0000] "PUT /static/app.js HTTP/1.1" 502 73053 "-" "curl/8.5.0"
172.16.4.22 - - [20/Apr/2026:00:00:49 +0000] "POST /login HTTP/2.0" 302 475555 "https://google.com/" "curl/8.5.0"
172.16.4.22 - mary [20/Apr/2026:00:00:56 +0000] "POST /health HTTP/1.1" 404 665942
10.0.0.5 - admin [20/Apr/2026:00:01:03 +0000] "POST /api/orders HTTP/2.0" 400 283180 "https://example.com/" "Mozilla/5.0 (Windows NT 10.0; Win64; x64)"
[Mon Apr 20 00:01:10.000000 2026] [pid 1916:tid 340174] [client 192.168.1.10:53783] [authz_core:warn] AH01630: client denied by server configuration
192.168.1.10 - john [20/Apr/2026:00:01:17 +0000] "HEAD /static/app.js HTTP/1.1" 500 523601 "https://app.internal.local/" "kube-probe/1.29"
10.0.0.5 - mary [20/Apr/2026:00:01:24 +0000] "POST /api/users HTTP/2.0" 502 613102
203.0.113.9 - admin [20/Apr/2026:00:01:31 +0000] "DELETE /static/app.js HTTP/1.1" 204 534397 "https://app.internal.local/" "Mozilla/5.0 (Macintosh; Intel Mac OS X 10_15_7)"
192.168.1.10 - - [20/Apr/2026:00:01:38 +0000] "POST /api/orders HTTP/2.0" 404 66733 "https://app.internal.local/" "kube-probe/1.29"
198.51.100.7 - svc_api [20/Apr/2026:00:01:45 +0000] "HEAD /health HTTP/1.1" 500 755851 "-" "ELB-HealthChecker/2.0"
172.16.4.22 - mary [20/Apr/2026:00:01:52 +0000] "GET /health HTTP/2.0" 204 475883
192.168.1.10 - mary [20/Apr/2026:00:01:59 +0000] "HEAD /api/orders HTTP/1.1" 500 313062 "https://example.com/" "curl/8.5.0"
172.16.4.22 - john [20/Apr/2026:00:02:06 +0000] "HEAD /search?q=elastic HTTP/1.1" 404 340022 "https://app.internal.local/" "Mozilla/5.0 (Macintosh; Intel Mac OS X 10_15_7)"
192.168.1.10 - mary [20/Apr/2026:00:02:13 +0000] "PUT /api/users HTTP/1.1" 301 920779 "-" "Mozilla/5.0 (Macintosh; Intel Mac OS X 10_15_7)"
[Mon Apr 20 00:02:20.000000 2026] [pid 8962:tid 955662] [client 192.168.1.10:65117] [proxy_http:error] AH00126: Invalid URI in request
198.51.100.7 - john [20/Apr/2026:00:02:27 +0000] "PUT /search?q=elastic HTTP/2.0" 301 974156 "https://example.com/" "Mozilla/5.0 (Windows NT 10.0; Win64; x64)"
203.0.113.9 - mary [20/Apr/2026:00:02:34 +0000] "DELETE /search?q=elastic HTTP/2.0" 201 260067 "https://example.com/" "Mozilla/5.0 (Macintosh; Intel Mac OS X 10_15_7)"
172.16.4.22 - - [20/Apr/2026:00:02:41 +0000] "HEAD /search?q=elastic HTTP/1.1" 404 231034 "-" "Mozilla/5.0 (Macintosh; Intel Mac OS X 10_15_7)"
66.249.66.1 - - [20/Apr/2026:00:02:48 +0000] "POST /login HTTP/1.1" 304 -
192.168.1.10 - admin [20/Apr/2026:00:02:55 +0000] "POST /health HTTP/2.0" 301 565547 "https://example.com/" "ELB-HealthChecker/2.0"
198.51.100.7 - svc_api [20/Apr/2026:00:03:02 +0000] "POST /admin HTTP/2.0" 301 99027 "-" "kube-probe/1.29"
172.16.4.22 - svc_api [20/Apr/2026:00:03:09 +0000] "DELETE /admin HTTP/1.1" 500 685317 "-" "Mozilla/5.0 (Macintosh; Intel Mac OS X 10_15_7)"
203.0.113.9 - mary [20/Apr/2026:00:03:16 +0000] "GET /api/users HTTP/1.1" 301 562456
203.0.113.9 - john [20/Apr/2026:00:03:23 +0000] "DELETE /api/orders HTTP/2.0" 401 262061 "-" "kube-probe/1.29"
[Mon Apr 20 00:03:30.000000 2026] [pid 2604:tid 153045] [client 66.249.66.1:36451] [core:error] AH01071: Got error 'Primary script unknown'
10.0.0.5 - svc_api [20/Apr/2026:00:03:37 +0000] "DELETE /admin HTTP/1.1" 400 946399 "-" "curl/8.5.0"
203.0.113.9 - - [20/Apr/2026:00:03:44 +0000] "DELETE /health HTTP/2.0" 302 443675
66.249.66.1 - admin [20/Apr/2026:00:03:51 +0000] "DELETE /api/orders HTTP/1.1" 302 228395 "-" "ELB-HealthChecker/2.0"
66.249.66.1 - admin [20/Apr/2026:00:03:58 +0000] "GET /static/app.js HTTP/1.1" 200 612674 "https://app.internal.local/" "ELB-HealthChecker/2.0"
198.51.100.7 - john [20/Apr/2026:00:04:05 +0000] "GET /search?q=elastic HTTP/1.1" 204 71969 "-" "curl/8.5.0"
203.0.113.9 - - [20/Apr/2026:00:04:12 +0000] "HEAD /api/users HTTP/1.1" 404 86085
203.0.113.9 - admin [20/Apr/2026:00:04:19 +0000] "HEAD /search?q=elastic HTTP/2.0" 302 214301 "https://google.com/" "curl/8.5.0"
172.16.4.22 - svc_api [20/Apr/2026:00:04:26 +0000] "POST /health HTTP/2.0" 304 - "-" "Mozilla/5.0 (Macintosh; Intel Mac OS X 10_15_7)"
203.0.113.9 - admin [20/Apr/2026:00:04:33 +0000] "HEAD /login HTTP/1.1" 403 223628 "https://google.com/" "curl/8.5.0"
[Mon Apr 20 00:04:40.000000 2026] [pid 6718:tid 172132] [client 10.0.0.5:25241] [authz_core:error] AH00126: Invalid URI in request
198.51.100.7 - mary [20/Apr/2026:00:04:47 +0000] "HEAD /search?q=elastic HTTP/1.1" 500 856915 "https://google.com/" "Mozilla/5.0 (Macintosh; Intel Mac OS X 10_15_7)"
10.0.0.5 - mary [20/Apr/2026:00:04:54 +0000] "GET /login HTTP/1.1" 302 295562 "https://example.com/" "Mozilla/5.0 (Windows NT 10.0; Win64; x64)"
10.0.0.5 - mary [20/Apr/2026:00:05:01 +0000] "HEAD /admin HTTP/2.0" 200 96901 "https://app.internal.local/" "Mozilla/5.0 (Windows NT 10.0; Win64; x64)"
192.168.1.10 - - [20/Apr/2026:00:05:08 +0000] "PUT /api/orders HTTP/2.0" 204 777356
203.0.113.9 - admin [20/Apr/2026:00:05:15 +0000] "DELETE /search?q=elastic HTTP/1.1" 201 79018 "https://example.com/" "ELB-HealthChecker/2.0"
192.168.1.10 - mary [20/Apr/2026:00:05:22 +0000] "HEAD /search?q=elastic HTTP/1.1" 400 133756 "-" "Mozilla/5.0 (Windows NT 10.0; Win64; x64)"
172.16.4.22 - - [20/Apr/2026:00:05:29 +0000] "PUT /api/users HTTP/1.1" 500 107906 "https://google.com/" "ELB-HealthChecker/2.0"
203.0.113.9 - admin [20/Apr/2026:00:05:36 +0000] "POST /api/users HTTP/1.1" 204 924351
203.0.113.9 - - [20/Apr/2026:00:05:43 +0000] "POST /static/app.js HTTP/2.0" 500 906156 "https://example.com/" "Mozilla/5.0 (Windows NT 10.0; Win64; x64)"
[Mon Apr 20 00:05:50.000000 2026] [pid 3608:tid 925622] [client 66.249.66.1:8108] [rewrite:error] AH00126: Invalid URI in request
10.0.0.5 - john [20/Apr/2026:00:05:57 +0000] "DELETE /static/app.js HTTP/2.0" 301 233872 "-" "curl/8.5.0"
203.0.113.9 - mary [20/Apr/2026:00:06:04 +0000] "PUT /login HTTP/2.0" 304 -
66.249.66.1 - admin [20/Apr/2026:00:06:11 +0000] "DELETE /search?q=elastic HTTP/2.0" 200 121064 "https://google.com/" "curl/8.5.0"
198.51.100.7 - mary [20/Apr/2026:00:06:18 +0000] "GET /login HTTP/2.0" 304 - "https://google.com/" "kube-probe/1.29"
198.51.100.7 - admin [20/Apr/2026:00:06:25 +0000] "GET /checkout HTTP/1.1" 302 46662 "https://app.internal.local/" "Mozilla/5.0 (Macintosh; Intel Mac OS X 10_15_7)"
198.51.100.7 - admin [20/Apr/2026:00:06:32 +0000] "POST /static/app.js HTTP/2.0" 201 995087
66.249.66.1 - mary [20/Apr/2026:00:06:39 +0000] "HEAD /static/app.js HTTP/1.1" 502 943887 "https://google.com/" "ELB-HealthChecker/2.0"
172.16.4.22 - svc_api [20/Apr/2026:00:06:46 +0000] "PUT /checkout HTTP/2.0" 403 133590 "https://example.com/" "kube-probe/1.29"
66.249.66.1 - svc_api [20/Apr/2026:00:06:53 +0000] "POST /health HTTP/2.0" 403 874344 "-" "Mozilla/5.0 (Windows NT 10.0; Win64; x64)"
[Mon Apr 20 00:07:00.000000 2026] [pid 5700:tid 320392] [client 203.0.113.9:52519] [authz_core:warn] AH00126: Invalid URI in request
203.0.113.9 - john [20/Apr/2026:00:07:07 +0000] "HEAD /admin HTTP/1.1" 500 89034 "https://google.com/" "ELB-HealthChecker/2.0"
66.249.66.1 - admin [20/Apr/2026:00:07:14 +0000] "PUT /login HTTP/1.1" 500 325618 "https://example.com/" "curl/8.5.0"
10.0.0.5 - - [20/Apr/2026:00:07:21 +0000] "GET /api/users HTTP/2.0" 404 891134 "-" "kube-probe/1.29"
203.0.113.9 - admin [20/Apr/2026:00:07:28 +0000] "POST /checkout HTTP/2.0" 400 255956
10.0.0.5 - - [20/Apr/2026:00:07:35 +0000] "GET /checkout HTTP/1.1" 204 843290 "https://app.internal.local/" "Mozilla/5.0 (Macintosh; Intel Mac OS X 10_15_7)"
198.51.100.7 - john [20/Apr/2026:00:07:42 +0000] "GET /admin HTTP/1.1" 401 700125 "https://google.com/" "kube-probe/1.29"
198.51.100.7 - admin [20/Apr/2026:00:07:49 +0000] "DELETE /search?q=elastic HTTP/2.0" 204 779899 "https://app.internal.local/" "kube-probe/1.29"
172.16.4.22 - john [20/Apr/2026:00:07:56 +0000] "PUT /search?q=elastic HTTP/2.0" 500 250987
172.16.4.22 - svc_api [20/Apr/2026:00:08:03 +0000] "GET /health HTTP/1.1" 302 352281 "https://google.com/" "ELB-HealthChecker/2.0"
[Mon Apr 20 00:08:10.000000 2026] [pid 2320:tid 245095] [client 10.0.0.5:16179] [rewrite:notice] AH01071: Got error 'Primary script unknown'
66.249.66.1 - john [20/Apr/2026:00:08:17 +0000] "GET /checkout HTTP/2.0" 304 - "https://app.internal.local/" "kube-probe/1.29"
192.168.1.10 - john [20/Apr/2026:00:08:24 +0000] "DELETE /checkout HTTP/1.1" 404 398978
203.0.113.9 - - [20/Apr/2026:00:08:31 +0000] "PUT /health HTTP/2.0" 400 564485 "https://example.com/" "kube-probe/1.29"
10.0.0.5 - mary [20/Apr/2026:00:08:38 +0000] "DELETE /admin HTTP/1.1" 400 352577 "https://app.internal.local/" "curl/8.5.0"
203.0.113.9 - john [20/Apr/2026:00:08:45 +0000] "HEAD /search?q=elastic HTTP/1.1" 400 620764 "-" "Mozilla/5.0 (Macintosh; Intel Mac OS X 10_15_7)"
66.249.66.1 - svc_api [20/Apr/2026:00:08:52 +0000] "POST /admin HTTP/1.1" 200 272913
203.0.113.9 - mary [20/Apr/2026:00:08:59 +0000] "POST /admin HTTP/2.0" 304 - "https://app.internal.local/" "Mozilla/5.0 (Windows NT 10.0; Win64; x64)"
203.0.113.9 - mary [20/Apr/2026:00:09:06 +0000] "GET /admin HTTP/1.1" 502 565741 "-" "Mozilla/5.0 (Windows NT 10.0; Win64; x64)"
10.0.0.5 - - [20/Apr/2026:00:09:13 +0000] "GET / HTTP/1.1" 301 880115 "-" "ELB-HealthChecker/2.0"
[Mon Apr 20 00:09:20.000000 2026] [pid 3496:tid 350132] [client 10.0.0.5:32059] [core:notice] AH01071: Got error 'Primary script unknown'
203.0.113.9 - mary [20/Apr/2026:00:09:27 +0000] "PUT /api/orders HTTP/1.1" 204 1011703 "https://google.com/" "Mozilla/5.0 (Macintosh; Intel Mac OS X 10_15_7)"
198.51.100.7 - - [20/Apr/2026:00:09:34 +0000] "PUT /checkout HTTP/2.0" 502 208083 "-" "ELB-HealthChecker/2.0"
66.249.66.1 - john [20/Apr/2026:00:09:41 +0000] "GET /health HTTP/1.1" 404 820772 "-" "Mozilla/5.0 (Windows NT 10.0; Win64; x64)"
198.51.100.7 - svc_api [20/Apr/2026:00:09:48 +0000] "PUT /login HTTP/2.0" 200 890964
203.0.113.9 - svc_api [20/Apr/2026:00:09:55 +0000] "GET /checkout HTTP/2.0" 500 935004 "https://app.internal.local/" "curl/8.5.0"
203.0.113.9 - john [20/Apr/2026:00:10:02 +0000] "HEAD /health HTTP/2.0" 401 456852 "https://google.com/" "Mozilla/5.0 (Windows NT 10.0; Win64; x64)"
10.0.0.5 - - [20/Apr/2026:00:10:09 +0000] "PUT /admin HTTP/1.1" 401 597650 "https://app.internal.local/" "Mozilla/5.0 (Windows NT 10.0; Win64; x64)"
192.168.1.10 - svc_api [20/Apr/2026:00:10:16 +0000] "PUT /api/orders HTTP/2.0" 301 372180
172.16.4.22 - mary [20/Apr/2026:00:10:23 +0000] "PUT /health HTTP/1.1" 403 994235 "https://example.com/" "Mozilla/5.0 (Macintosh; Intel Mac OS X 10_15_7)"
[Mon Apr 20 00:10:30.000000 2026] [pid 4954:tid 855053] [client 203.0.113.9:33043] [proxy_http:notice] AH00126: Invalid URI in request
66.249.66.1 - svc_api [20/Apr/2026:00:10:37 +0000] "DELETE / HTTP/1.1" 302 232480 "https://app.internal.local/" "curl/8.5.0"
172.16.4.22 - admin [20/Apr/2026:00:10:44 +0000] "PUT /admin HTTP/2.0" 400 1045163
66.249.66.1 - admin [20/Apr/2026:00:10:51 +0000] "PUT /static/app.js HTTP/2.0" 302 321637 "https://google.com/" "curl/8.5.0"
192.168.1.10 - john [20/Apr/2026:00:10:58 +0000] "PUT /login HTTP/1.1" 301 227015 "https://app.internal.local/" "Mozilla/5.0 (Windows NT 10.0; Win64; x64)"
66.249.66.1 - admin [20/Apr/2026:00:11:05 +0000] "HEAD /health HTTP/1.1" 301 310756 "https://example.com/" "Mozilla/5.0 (Windows NT 10.0; Win64; x64)"
10.0.0.5 - mary [20/Apr/2026:00:11:12 +0000] "GET /search?q=elastic HTTP/1.1" 302 47846
192.168.1.10 - admin [20/Apr/2026:00:11:19 +0000] "PUT /api/orders HTTP/2.0" 201 915232 "-" "ELB-HealthChecker/2.0"
172.16.4.22 - svc_api [20/Apr/2026:00:11:26 +0000] "DELETE /admin HTTP/2.0" 204 1012517 "-" "Mozilla/5.0 (Windows NT 10.0; Win64; x64)"
203.0.113.9 - - [20/Apr/2026:00:11:33 +0000] "GET /checkout HTTP/2.0" 201 605170 "-" "curl/8.5.0"
[Mon Apr 20 00:11:40.000000 2026] [pid 3444:tid 950544] [client 198.51.100.7:63225] [authz_core:error] AH01071: Got error 'Primary script unknown'
192.168.1.10 - admin [20/Apr/2026:00:11:47 +0000] "DELETE /api/users HTTP/2.0" 401 952755 "https://app.internal.local/" "Mozilla/5.0 (Windows NT 10.0; Win64; x64)"
198.51.100.7 - svc_api [20/Apr/2026:00:11:54 +0000] "PUT / HTTP/1.1" 301 656020 "https://example.com/" "Mozilla/5.0 (Windows NT 10.0; Win64; x64)"
66.249.66.1 - - [20/Apr/2026:00:12:01 +0000] "POST /api/users HTTP/1.1" 403 78831 "https://example.com/" "Mozilla/5.0 (Macintosh; Intel Mac OS X 10_15_7)"
203.0.113.9 - svc_api [20/Apr/2026:00:12:08 +0000] "HEAD /admin HTTP/2.0" 200 242840
172.16.4.22 - mary [20/Apr/2026:00:12:15 +0000] "DELETE /login HTTP/1.1" 302 826217 "https://example.com/" "kube-probe/1.29"
192.168.1.10 - admin [20/Apr/2026:00:12:22 +0000] "POST /api/orders HTTP/2.0" 204 74998 "-" "curl/8.5.0"
172.16.4.22 - admin [20/Apr/2026:00:12:29 +0000] "HEAD /health HTTP/2.0" 201 491585 "https://google.com/" "kube-probe/1.29"
172.16.4.22 - admin [20/Apr/2026:00:12:36 +0000] "HEAD /admin HTTP/2.0" 201 627206
192.168.1.10 - svc_api [20/Apr/2026:00:12:43 +0000] "PUT /health HTTP/1.1" 201 240164 "-" "Mozilla/5.0 (Windows NT 10.0; Win64; x64)"
[Mon Apr 20 00:12:50.000000 2026] [pid 1659:tid 900177] [client 10.0.0.5:31858] [rewrite:warn] AH01071: Got error 'Primary script unknown'
198.51.100.7 - svc_api [20/Apr/2026:00:12:57 +0000] "DELETE /login HTTP/2.0" 304 - "https://app.internal.local/" "Mozilla/5.0 (Windows NT 10.0; Win64; x64)"
172.16.4.22 - - [20/Apr/2026:00:13:04 +0000] "POST /static/app.js HTTP/2.0" 502 519656
172.16.4.22 - svc_api [20/Apr/2026:00:13:11 +0000] "HEAD / HTTP/2.0" 201 329915 "https://google.com/" "Mozilla/5.0 (Windows NT 10.0; Win64; x64)"
192.168.1.10 - svc_api [20/Apr/2026:00:13:18 +0000] "HEAD / HTTP/2.0" 400 56957 "https://example.com/" "ELB-HealthChecker/2.0"
172.16.4.22 - admin [20/Apr/2026:00:13:25 +0000] "DELETE /admin HTTP/1.1" 301 280148 "https://example.com/" "Mozilla/5.0 (Windows NT 10.0; Win64; x64)"
203.0.113.9 - svc_api [20/Apr/2026:00:13:32 +0000] "GET / HTTP/1.1" 502 166191
172.16.4.22 - admin [20/Apr/2026:00:13:39 +0000] "GET /search?q=elastic HTTP/2.0" 201 235735 "-" "kube-probe/1.29"
192.168.1.10 - john [20/Apr/2026:00:13:46 +0000] "DELETE /health HTTP/2.0" 400 875391 "https://app.internal.local/" "kube-probe/1.29"
10.0.0.5 - svc_api [20/Apr/2026:00:13:53 +0000] "HEAD /api/orders HTTP/2.0" 301 966768 "https://example.com/" "Mozilla/5.0 (Macintosh; Intel Mac OS X 10_15_7)"
[Mon Apr 20 00:14:00.000000 2026] [pid 5526:tid 910208] [client 203.0.113.9:23298] [authz_core:error] AH01630: client denied by server configuration
66.249.66.1 - mary [20/Apr/2026:00:14:07 +0000] "HEAD /admin HTTP/1.1" 401 564862 "https://app.internal.local/" "Mozilla/5.0 (Windows NT 10.0; Win64; x64)"
172.16.4.22 - admin [20/Apr/2026:00:14:14 +0000] "HEAD /checkout HTTP/2.0" 304 - "https://example.com/" "curl/8.5.0"
198.51.100.7 - svc_api [20/Apr/2026:00:14:21 +0000] "POST /checkout HTTP/1.1" 304 - "https://app.internal.local/" "kube-probe/1.29"
203.0.113.9 - john [20/Apr/2026:00:14:28 +0000] "DELETE / HTTP/1.1" 403 1012366
198.51.100.7 - mary [20/Apr/2026:00:14:35 +0000] "GET /admin HTTP/1.1" 403 954787 "https://app.internal.local/" "Mozilla/5.0 (Macintosh; Intel Mac OS X 10_15_7)"
66.249.66.1 - john [20/Apr/2026:00:14:42 +0000] "DELETE /api/orders HTTP/1.1" 401 819608 "https://google.com/" "Mozilla/5.0 (Windows NT 10.0; Win64; x64)"
198.51.100.7 - svc_api [20/Apr/2026:00:14:49 +0000] "GET /static/app.js HTTP/2.0" 304 - "https://app.internal.local/" "ELB-HealthChecker/2.0"
192.168.1.10 - admin [20/Apr/2026:00:14:56 +0000] "GET /api/users HTTP/2.0" 301 783161
192.168.1.10 - svc_api [20/Apr/2026:00:15:03 +0000] "GET /login HTTP/2.0" 204 727832 "https://google.com/" "Mozilla/5.0 (Macintosh; Intel Mac OS X 10_15_7)"
[Mon Apr 20 00:15:10.000000 2026] [pid 1753:tid 440131] [client 192.168.1.10:20250] [authz_core:warn] AH00126: Invalid URI in request
10.0.0.5 - john [20/Apr/2026:00:15:17 +0000] "HEAD /checkout HTTP/1.1" 204 183693 "-" "ELB-HealthChecker/2.0"
203.0.113.9 - admin [20/Apr/2026:00:15:24 +0000] "POST /admin HTTP/1.1" 301 483670
66.249.66.1 - mary [20/Apr/2026:00:15:31 +0000] "DELETE /health HTTP/1.1" 401 945106 "https://google.com/" "ELB-HealthChecker/2.0"
10.0.0.5 - - [20/Apr/2026:00:15:38 +0000] "DELETE /static/app.js HTTP/2.0" 500 1008880 "https://app.internal.local/" "Mozilla/5.0 (Windows NT 10.0; Win64; x64)"
203.0.113.9 - mary [20/Apr/2026:00:15:45 +0000] "POST /checkout HTTP/2.0" 201 248848 "https://app.internal.local/" "ELB-HealthChecker/2.0"
172.16.4.22 - admin [20/Apr/2026:00:15:52 +0000] "PUT /health HTTP/1.1" 500 415152
172.16.4.22 - - [20/Apr/2026:00:15:59 +0000] "HEAD / HTTP/2.0" 302 813543 "https://example.com/" "ELB-HealthChecker/2.0"
172.16.4.22 - john [20/Apr/2026:00:16:06 +0000] "POST /health HTTP/1.1" 500 102003 "-" "Mozilla/5.0 (Windows NT 10.0; Win64; x64)"
203.0.113.9 - - [20/Apr/2026:00:16:13 +0000] "HEAD /static/app.js HTTP/1.1" 201 953933 "https://google.com/" "Mozilla/5.0 (Windows NT 10.0; Win64; x64)"
[Mon Apr 20 00:16:20.000000 2026] [pid 7807:tid 284171] [client 10.0.0.5:9685] [authz_core:notice] AH01630: client denied by server configuration
10.0.0.5 - mary [20/Apr/2026:00:16:27 +0000] "DELETE /health HTTP/2.0" 201 491201 "-" "curl/8.5.0"
10.0.0.5 - svc_api [20/Apr/2026:00:16:34 +0000] "HEAD /static/app.js HTTP/1.1" 400 14714 "https://google.com/" "ELB-HealthChecker/2.0"
192.168.1.10 - svc_api [20/Apr/2026:00:16:41 +0000] "PUT /health HTTP/2.0" 500 986087 "https://google.com/" "Mozilla/5.0 (Macintosh; Intel Mac OS X 10_15_7)"
66.249.66.1 - john [20/Apr/2026:00:16:48 +0000] "DELETE / HTTP/2.0" 404 232240
66.249.66.1 - - [20/Apr/2026:00:16:55 +0000] "DELETE /health HTTP/2.0" 201 146686 "-" "Mozilla/5.0 (Macintosh; Intel Mac OS X 10_15_7)"
172.16.4.22 - svc_api [20/Apr/2026:00:17:02 +0000] "GET /login HTTP/1.1" 403 142374 "https://app.internal.local/" "kube-probe/1.29"
172.16.4.22 - admin [20/Apr/2026:00:17:09 +0000] "DELETE /api/orders HTTP/2.0" 500 103951 "https://app.internal.local/" "ELB-HealthChecker/2.0"
203.0.113.9 - mary [20/Apr/2026:00:17:16 +0000] "GET /static/app.js HTTP/1.1" 401 466417
10.0.0.5 - mary [20/Apr/2026:00:17:23 +0000] "GET /static/app.js HTTP/2.0" 200 417599 "https://google.com/" "curl/8.5.0"
[Mon Apr 20 00:17:30.000000 2026] [pid 3001:tid 989227] [client 203.0.113.9:7031] [proxy_http:notice] File does not exist: /var/www/html/favicon.ico
192.168.1.10 - mary [20/Apr/2026:00:17:37 +0000] "POST /api/orders HTTP/1.1" 201 870247 "https://example.com/" "ELB-HealthChecker/2.0"
10.0.0.5 - john [20/Apr/2026:00:17:44 +0000] "PUT /api/orders HTTP/1.1" 302 900224
10.0.0.5 - john [20/Apr/2026:00:17:51 +0000] "HEAD /health HTTP/1.1" 201 693289 "-" "curl/8.5.0"
192.168.1.10 - mary [20/Apr/2026:00:17:58 +0000] "POST /static/app.js HTTP/1.1" 204 278378 "-" "curl/8.5.0"
66.249.66.1 - svc_api [20/Apr/2026:00:18:05 +0000] "HEAD /login HTTP/1.1" 401 470170 "https://google.com/" "ELB-HealthChecker/2.0"
198.51.100.7 - - [20/Apr/2026:00:18:12 +0000] "DELETE /search?q=elastic HTTP/1.1" 404 45591
66.249.66.1 - admin [20/Apr/2026:00:18:19 +0000] "PUT /admin HTTP/1.1" 200 1047214 "https://app.internal.local/" "kube-probe/1.29"
203.0.113.9 - - [20/Apr/2026:00:18:26 +0000] "DELETE /admin HTTP/1.1" 201 337878 "https://example.com/" "Mozilla/5.0 (Macintosh; Intel Mac OS X 10_15_7)"
10.0.0.5 - mary [20/Apr/2026:00:18:33 +0000] "HEAD /search?q=elastic HTTP/2.0" 400 1043062 "https://google.com/" "kube-probe/1.29"
[Mon Apr 20 00:18:40.000000 2026] [pid 9282:tid 734836] [client 203.0.113.9:7523] [core:notice] AH01071: Got error 'Primary script unknown'
203.0.113.9 - svc_api [20/Apr/2026:00:18:47 +0000] "POST /checkout HTTP/2.0" 401 418218 "https://app.internal.local/" "Mozilla/5.0 (Macintosh; Intel Mac OS X 10_15_7)"
172.16.4.22 - svc_api [20/Apr/2026:00:18:54 +0000] "PUT /health HTTP/2.0" 204 720304 "https://app.internal.local/" "Mozilla/5.0 (Macintosh; Intel Mac OS X 10_15_7)"
192.168.1.10 - - [20/Apr/2026:00:19:01 +0000] "GET /checkout HTTP/1.1" 502 774803 "https://google.com/" "curl/8.5.0"
198.51.100.7 - - [20/Apr/2026:00:19:08 +0000] "HEAD /search?q=elastic HTTP/2.0" 500 128288
203.0.113.9 - mary [20/Apr/2026:00:19:15 +0000] "DELETE / HTTP/2.0" 404 327746 "https://google.com/" "Mozilla/5.0 (Macintosh; Intel Mac OS X 10_15_7)"
198.51.100.7 - admin [20/Apr/2026:00:19:22 +0000] "POST /api/orders HTTP/2.0" 301 888552 "-" "Mozilla/5.0 (Windows NT 10.0; Win64; x64)"
198.51.100.7 - mary [20/Apr/2026:00:19:29 +0000] "GET /health HTTP/1.1" 400 886329 "-" "ELB-HealthChecker/2.0"
66.249.66.1 - mary [20/Apr/2026:00:19:36 +0000] "GET /api/orders HTTP/2.0" 502 799564
172.16.4.22 - mary [20/Apr/2026:00:19:43 +0000] "PUT / HTTP/1.1" 204 593950 "https://app.internal.local/" "Mozilla/5.0 (Macintosh; Intel Mac OS X 10_15_7)"
[Mon Apr 20 00:19:50.000000 2026] [pid 3324:tid 876962] [client 66.249.66.1:64712] [core:error] AH01071: Got error 'Primary script unknown'
203.0.113.9 - svc_api [20/Apr/2026:00:19:57 +0000] "DELETE /static/app.js HTTP/1.1" 304 - "https://google.com/" "Mozilla/5.0 (Windows NT 10.0; Win64; x64)"
198.51.100.7 - admin [20/Apr/2026:00:20:04 +0000] "GET / HTTP/1.1" 204 791203
198.51.100.7 - - [20/Apr/2026:00:20:11 +0000] "GET /health HTTP/2.0" 500 444731 "https://app.internal.local/" "ELB-HealthChecker/2.0"
203.0.113.9 - svc_api [20/Apr/2026:00:20:18 +0000] "PUT /api/users HTTP/1.1" 304 - "https://app.internal.local/" "Mozilla/5.0 (Macintosh; Intel Mac OS X 10_15_7)"
172.16.4.22 - admin [20/Apr/2026:00:20:25 +0000] "DELETE /search?q=elastic HTTP/2.0" 200 231350 "https://app.internal.local/" "ELB-HealthChecker/2.0"
192.168.1.10 - - [20/Apr/2026:00:20:32 +0000] "POST /health HTTP/1.1" 204 801400
172.16.4.22 - mary [20/Apr/2026:00:20:39 +0000] "PUT /login HTTP/1.1" 401 783421 "https://app.internal.local/" "curl/8.5.0"
10.0.0.5 - svc_api [20/Apr/2026:00:20:46 +0000] "HEAD /api/users HTTP/2.0" 201 416479 "-" "kube-probe/1.29"
192.168.1.10 - svc_api [20/Apr/2026:00:20:53 +0000] "GET /static/app.js HTTP/2.0" 404 424188 "https://app.internal.local/" "Mozilla/5.0 (Windows NT 10.0; Win64; x64)"
[Mon Apr 20 00:21:00.000000 2026] [pid 2887:tid 524707] [client 192.168.1.10:64344] [authz_core:error] AH00126: Invalid URI in request
66.249.66.1 - mary [20/Apr/2026:00:21:07 +0000] "GET /checkout HTTP/1.1" 301 456959 "https://app.internal.local/" "ELB-HealthChecker/2.0"
192.168.1.10 - svc_api [20/Apr/2026:00:21:14 +0000] "PUT /static/app.js HTTP/1.1" 304 - "https://example.com/" "Mozilla/5.0 (Macintosh; Intel Mac OS X 10_15_7)"
198.51.100.7 - - [20/Apr/2026:00:21:21 +0000] "HEAD /search?q=elastic HTTP/1.1" 304 - "https://google.com/" "curl/8.5.0"
10.0.0.5 - - [20/Apr/2026:00:21:28 +0000] "POST /health HTTP/1.1" 204 631781
10.0.0.5 - - [20/Apr/2026:00:21:35 +0000] "POST /admin HTTP/2.0" 404 796908 "https://app.internal.local/" "ELB-HealthChecker/2.0"
66.249.66.1 - admin [20/Apr/2026:00:21:42 +0000] "PUT /static/app.js HTTP/1.1" 401 71723 "https://app.internal.local/" "kube-probe/1.29"
66.249.66.1 - mary [20/Apr/2026:00:21:49 +0000] "PUT / HTTP/2.0" 403 77914 "https://google.com/" "kube-probe/1.29"
203.0.113.9 - - [20/Apr/2026:00:21:56 +0000] "GET /static/app.js HTTP/2.0" 201 676101
192.168.1.10 - admin [20/Apr/2026:00:22:03 +0000] "HEAD /search?q=elastic HTTP/2.0" 401 608639 "-" "kube-probe/1.29"
[Mon Apr 20 00:22:10.000000 2026] [pid 4084:tid 437145] [client 198.51.100.7:32194] [proxy_http:error] AH00126: Invalid URI in request
192.168.1.10 - mary [20/Apr/2026:00:22:17 +0000] "GET /search?q=elastic HTTP/1.1" 200 259898 "https://app.internal.local/" "kube-probe/1.29"
198.51.100.7 - admin [20/Apr/2026:00:22:24 +0000] "HEAD /api/orders HTTP/2.0" 304 -
172.16.4.22 - svc_api [20/Apr/2026:00:22:31 +0000] "DELETE /static/app.js HTTP/1.1" 500 678868 "https://google.com/" "Mozilla/5.0 (Macintosh; Intel Mac OS X 10_15_7)"
172.16.4.22 - - [20/Apr/2026:00:22:38 +0000] "HEAD /checkout HTTP/2.0" 302 759009 "https://example.com/" "Mozilla/5.0 (Windows NT 10.0; Win64; x64)"
192.168.1.10 - admin [20/Apr/2026:00:22:45 +0000] "POST /static/app.js HTTP/2.0" 500 732529 "https://app.internal.local/" "curl/8.5.0"
198.51.100.7 - - [20/Apr/2026:00:22:52 +0000] "PUT /search?q=elastic HTTP/2.0" 500 830237
172.16.4.22 - john [20/Apr/2026:00:22:59 +0000] "HEAD /login HTTP/2.0" 403 379524 "-" "Mozilla/5.0 (Windows NT 10.0; Win64; x64)"
172.16.4.22 - john [20/Apr/2026:00:23:06 +0000] "POST /static/app.js HTTP/2.0" 301 237667 "https://example.com/" "curl/8.5.0"
192.168.1.10 - mary [20/Apr/2026:00:23:13 +0000] "GET /search?q=elastic HTTP/1.1" 500 353243 "https://example.com/" "ELB-HealthChecker/2.0"
[Mon Apr 20 00:23:20.000000 2026] [pid 7172:tid 261745] [client 10.0.0.5:12875] [proxy_http:notice] AH00126: Invalid URI in request
192.168.1.10 - svc_api [20/Apr/2026:00:23:27 +0000] "PUT /api/users HTTP/2.0" 404 298888 "https://app.internal.local/" "curl/8.5.0"
198.51.100.7 - john [20/Apr/2026:00:23:34 +0000] "PUT /admin HTTP/1.1" 304 - "https://app.internal.local/" "kube-probe/1.29"
172.16.4.22 - svc_api [20/Apr/2026:00:23:41 +0000] "HEAD /search?q=elastic HTTP/2.0" 204 856692 "https://example.com/" "ELB-HealthChecker/2.0"
10.0.0.5 - mary [20/Apr/2026:00:23:48 +0000] "GET /admin HTTP/2.0" 403 979797
192.168.1.10 - admin [20/Apr/2026:00:23:55 +0000] "GET /health HTTP/1.1" 204 286162 "https://app.internal.local/" "ELB-HealthChecker/2.0"
10.0.0.5 - svc_api [20/Apr/2026:00:24:02 +0000] "GET /api/users HTTP/2.0" 304 - "-" "kube-probe/1.29"
192.168.1.10 - svc_api [20/Apr/2026:00:24:09 +0000] "HEAD /static/app.js HTTP/1.1" 400 1042955 "-" "Mozilla/5.0 (Windows NT 10.0; Win64; x64)"
10.0.0.5 - - [20/Apr/2026:00:24:16 +0000] "PUT /login HTTP/2.0" 204 144403
192.168.1.10 - mary [20/Apr/2026:00:24:23 +0000] "DELETE /api/orders HTTP/2.0" 401 645359 "-" "Mozilla/5.0 (Macintosh; Intel Mac OS X 10_15_7)"
[Mon Apr 20 00:24:30.000000 2026] [pid 1311:tid 368355] [client 10.0.0.5:55744] [proxy_http:notice] AH00126: Invalid URI in request
192.168.1.10 - mary [20/Apr/2026:00:24:37 +0000] "POST /health HTTP/1.1" 200 250141 "https://app.internal.local/" "ELB-HealthChecker/2.0"
203.0.113.9 - - [20/Apr/2026:00:24:44 +0000] "GET /admin HTTP/1.1" 500 540530
198.51.100.7 - john [20/Apr/2026:00:24:51 +0000] "POST /health HTTP/2.0" 200 644794 "https://google.com/" "curl/8.5.0"
198.51.100.7 - svc_api [20/Apr/2026:00:24:58 +0000] "POST /login HTTP/2.0" 201 999836 "-" "kube-probe/1.29"
203.0.113.9 - - [20/Apr/2026:00:25:05 +0000] "DELETE /static/app.js HTTP/2.0" 502 17151 "https://google.com/" "Mozilla/5.0 (Macintosh; Intel Mac OS X 10_15_7)"
172.16.4.22 - john [20/Apr/2026:00:25:12 +0000] "GET /static/app.js HTTP/1.1" 200 369532
198.51.100.7 - mary [20/Apr/2026:00:25:19 +0000] "POST /admin HTTP/2.0" 500 191252 "https://example.com/" "Mozilla/5.0 (Macintosh; Intel Mac OS X 10_15_7)"
66.249.66.1 - svc_api [20/Apr/2026:00:25:26 +0000] "GET /health HTTP/1.1" 200 829658 "https://example.com/" "Mozilla/5.0 (Macintosh; Intel Mac OS X 10_15_7)"
172.16.4.22 - mary [20/Apr/2026:00:25:33 +0000] "HEAD /checkout HTTP/2.0" 302 38519 "https://example.com/" "Mozilla/5.0 (Windows NT 10.0; Win64; x64)"
[Mon Apr 20 00:25:40.000000 2026] [pid 6848:tid 918771] [client 192.168.1.10:57764] [authz_core:warn] File does not exist: /var/www/html/favicon.ico
172.16.4.22 - svc_api [20/Apr/2026:00:25:47 +0000] "DELETE /admin HTTP/2.0" 304 - "https://example.com/" "kube-probe/1.29"
66.249.66.1 - svc_api [20/Apr/2026:00:25:54 +0000] "PUT /search?q=elastic HTTP/2.0" 201 762520 "https://app.internal.local/" "Mozilla/5.0 (Macintosh; Intel Mac OS X 10_15_7)"
203.0.113.9 - admin [20/Apr/2026:00:26:01 +0000] "POST /search?q=elastic HTTP/2.0" 304 - "-" "Mozilla/5.0 (Macintosh; Intel Mac OS X 10_15_7)"
172.16.4.22 - mary [20/Apr/2026:00:26:08 +0000] "PUT /admin HTTP/2.0" 204 723390
203.0.113.9 - mary [20/Apr/2026:00:26:15 +0000] "DELETE / HTTP/2.0" 404 1046756 "https://app.internal.local/" "Mozilla/5.0 (Windows NT 10.0; Win64; x64)"
66.249.66.1 - - [20/Apr/2026:00:26:22 +0000] "GET /checkout HTTP/2.0" 403 840130 "https://example.com/" "Mozilla/5.0 (Macintosh; Intel Mac OS X 10_15_7)"
10.0.0.5 - admin [20/Apr/2026:00:26:29 +0000] "DELETE / HTTP/1.1" 201 247579 "https://google.com/" "Mozilla/5.0 (Windows NT 10.0; Win64; x64)"
203.0.113.9 - admin [20/Apr/2026:00:26:36 +0000] "GET /api/orders HTTP/2.0" 304 -
172.16.4.22 - svc_api [20/Apr/2026:00:26:43 +0000] "GET /api/orders HTTP/2.0" 400 329777 "https://google.com/" "curl/8.5.0"
[Mon Apr 20 00:26:50.000000 2026] [pid 2858:tid 127172] [client 66.249.66.1:13216] [rewrite:notice] AH00126: Invalid URI in request
198.51.100.7 - - [20/Apr/2026:00:26:57 +0000] "PUT /health HTTP/2.0" 301 1044884 "https://google.com/" "kube-probe/1.29"
10.0.0.5 - - [20/Apr/2026:00:27:04 +0000] "POST /login HTTP/2.0" 204 942453
66.249.66.1 - svc_api [20/Apr/2026:00:27:11 +0000] "GET /static/app.js HTTP/2.0" 502 68213 "https://google.com/" "Mozilla/5.0 (Windows NT 10.0; Win64; x64)"
10.0.0.5 - john [20/Apr/2026:00:27:18 +0000] "PUT /search?q=elastic HTTP/1.1" 201 1033106 "https://example.com/" "curl/8.5.0"
10.0.0.5 - svc_api [20/Apr/2026:00:27:25 +0000] "GET /static/app.js HTTP/2.0" 401 842820 "https://example.com/" "ELB-HealthChecker/2.0"
192.168.1.10 - - [20/Apr/2026:00:27:32 +0000] "PUT /checkout HTTP/2.0" 403 430869
203.0.113.9 - admin [20/Apr/2026:00:27:39 +0000] "GET /api/orders HTTP/2.0" 500 77887 "https://app.internal.local/" "kube-probe/1.29"
66.249.66.1 - admin [20/Apr/2026:00:27:46 +0000] "PUT /api/orders HTTP/1.1" 204 453753 "-" "Mozilla/5.0 (Macintosh; Intel Mac OS X 10_15_7)"
198.51.100.7 - john [20/Apr/2026:00:27:53 +0000] "PUT /api/orders HTTP/1.1" 304 - "https://example.com/" "Mozilla/5.0 (Windows NT 10.0; Win64; x64)"
[Mon Apr 20 00:28:00.000000 2026] [pid 9501:tid 397846] [client 192.168.1.10:17447] [proxy_http:notice] AH01630: client denied by server configuration
10.0.0.5 - mary [20/Apr/2026:00:28:07 +0000] "HEAD /search?q=elastic HTTP/1.1" 403 672244 "https://example.com/" "ELB-HealthChecker/2.0"
198.51.100.7 - john [20/Apr/2026:00:28:14 +0000] "POST /static/app.js HTTP/1.1" 200 85288 "-" "ELB-HealthChecker/2.0"
172.16.4.22 - john [20/Apr/2026:00:28:21 +0000] "HEAD /checkout HTTP/1.1" 401 932300 "https://google.com/" "Mozilla/5.0 (Windows NT 10.0; Win64; x64)"
203.0.113.9 - john [20/Apr/2026:00:28:28 +0000] "DELETE /health HTTP/2.0" 201 722183
192.168.1.10 - john [20/Apr/2026:00:28:35 +0000] "DELETE /checkout HTTP/2.0" 401 214053 "https://google.com/" "ELB-HealthChecker/2.0"
10.0.0.5 - mary [20/Apr/2026:00:28:42 +0000] "PUT /static/app.js HTTP/2.0" 204 797735 "https://google.com/" "ELB-HealthChecker/2.0"
198.51.100.7 - - [20/Apr/2026:00:28:49 +0000] "PUT /api/users HTTP/2.0" 201 280584 "https://app.internal.local/" "curl/8.5.0"
10.0.0.5 - - [20/Apr/2026:00:28:56 +0000] "GET /health HTTP/2.0" 404 438566
10.0.0.5 - john [20/Apr/2026:00:29:03 +0000] "PUT /static/app.js HTTP/1.1" 204 522589 "https://app.internal.local/" "kube-probe/1.29"
[Mon Apr 20 00:29:10.000000 2026] [pid 6055:tid 621530] [client 192.168.1.10:6925] [rewrite:notice] AH00126: Invalid URI in request
10.0.0.5 - john [20/Apr/2026:00:29:17 +0000] "HEAD /static/app.js HTTP/1.1" 200 295143 "https://app.internal.local/" "ELB-HealthChecker/2.0"
66.249.66.1 - svc_api [20/Apr/2026:00:29:24 +0000] "PUT /search?q=elastic HTTP/1.1" 201 451980
10.0.0.5 - mary [20/Apr/2026:00:29:31 +0000] "PUT /checkout HTTP/2.0" 200 420160 "-" "ELB-HealthChecker/2.0"
198.51.100.7 - john [20/Apr/2026:00:29:38 +0000] "PUT /search?q=elastic HTTP/2.0" 201 405236 "https://app.internal.local/" "ELB-HealthChecker/2.0"
172.16.4.22 - admin [20/Apr/2026:00:29:45 +0000] "HEAD /login HTTP/1.1" 201 413157 "https://google.com/" "Mozilla/5.0 (Windows NT 10.0; Win64; x64)"
198.51.100.7 - mary [20/Apr/2026:00:29:52 +0000] "POST /api/users HTTP/2.0" 403 42330
192.168.1.10 - - [20/Apr/2026:00:29:59 +0000] "POST /static/app.js HTTP/2.0" 403 479307 "https://example.com/" "ELB-HealthChecker/2.0"
198.51.100.7 - john [20/Apr/2026:00:30:06 +0000] "PUT /static/app.js HTTP/1.1" 400 1038855 "https://google.com/" "ELB-HealthChecker/2.0"
172.16.4.22 - admin [20/Apr/2026:00:30:13 +0000] "HEAD /search?q=elastic HTTP/2.0" 502 590388 "https://google.com/" "kube-probe/1.29"
[Mon Apr 20 00:30:20.000000 2026] [pid 1272:tid 486251] [client 172.16.4.22:45182] [core:warn] AH01630: client denied by server configuration
66.249.66.1 - - [20/Apr/2026:00:30:27 +0000] "HEAD /admin HTTP/2.0" 500 821054 "https://example.com/" "Mozilla/5.0 (Macintosh; Intel Mac OS X 10_15_7)"
198.51.100.7 - svc_api [20/Apr/2026:00:30:34 +0000] "POST /search?q=elastic HTTP/2.0" 204 861694 "https://example.com/" "Mozilla/5.0 (Macintosh; Intel Mac OS X 10_15_7)"
198.51.100.7 - - [20/Apr/2026:00:30:41 +0000] "POST / HTTP/2.0" 304 - "https://app.internal.local/" "curl/8.5.0"
203.0.113.9 - john [20/Apr/2026:00:30:48 +0000] "DELETE /search?q=elastic HTTP/2.0" 502 762856
192.168.1.10 - john [20/Apr/2026:00:30:55 +0000] "HEAD /api/users HTTP/2.0" 500 501728 "https://app.internal.local/" "Mozilla/5.0 (Windows NT 10.0; Win64; x64)"
10.0.0.5 - svc_api [20/Apr/2026:00:31:02 +0000] "HEAD /static/app.js HTTP/2.0" 500 809609 "https://google.com/" "ELB-HealthChecker/2.0"
203.0.113.9 - john [20/Apr/2026:00:31:09 +0000] "POST /health HTTP/2.0" 301 987339 "https://google.com/" "Mozilla/5.0 (Windows NT 10.0; Win64; x64)"
66.249.66.1 - john [20/Apr/2026:00:31:16 +0000] "DELETE /static/app.js HTTP/2.0" 304 -
198.51.100.7 - mary [20/Apr/2026:00:31:23 +0000] "PUT /login HTTP/2.0" 400 858250 "https://google.com/" "curl/8.5.0"
[Mon Apr 20 00:31:30.000000 2026] [pid 5758:tid 144109] [client 172.16.4.22:63631] [core:warn] AH00126: Invalid URI in request
66.249.66.1 - mary [20/Apr/2026:00:31:37 +0000] "DELETE /api/users HTTP/1.1" 403 284423 "https://google.com/" "curl/8.5.0"
192.168.1.10 - admin [20/Apr/2026:00:31:44 +0000] "HEAD /api/users HTTP/1.1" 200 702491
198.51.100.7 - john [20/Apr/2026:00:31:51 +0000] "POST / HTTP/1.1" 400 346457 "https://app.internal.local/" "Mozilla/5.0 (Macintosh; Intel Mac OS X 10_15_7)"
66.249.66.1 - john [20/Apr/2026:00:31:58 +0000] "GET /search?q=elastic HTTP/1.1" 400 684727 "https://app.internal.local/" "kube-probe/1.29"
66.249.66.1 - john [20/Apr/2026:00:32:05 +0000] "PUT /static/app.js HTTP/2.0" 500 62156 "-" "ELB-HealthChecker/2.0"
10.0.0.5 - admin [20/Apr/2026:00:32:12 +0000] "GET /api/orders HTTP/2.0" 204 979408
192.168.1.10 - svc_api [20/Apr/2026:00:32:19 +0000] "DELETE /api/orders HTTP/2.0" 200 9837 "https://google.com/" "ELB-HealthChecker/2.0"
198.51.100.7 - - [20/Apr/2026:00:32:26 +0000] "PUT /health HTTP/2.0" 500 569811 "https://app.internal.local/" "curl/8.5.0"
198.51.100.7 - svc_api [20/Apr/2026:00:32:33 +0000] "PUT /api/users HTTP/1.1" 304 - "https://example.com/" "kube-probe/1.29"
[Mon Apr 20 00:32:40.000000 2026] [pid 5215:tid 853504] [client 10.0.0.5:1947] [authz_core:warn] AH01071: Got error 'Primary script unknown'
10.0.0.5 - admin [20/Apr/2026:00:32:47 +0000] "DELETE /checkout HTTP/2.0" 201 420424 "-" "curl/8.5.0"
10.0.0.5 - svc_api [20/Apr/2026:00:32:54 +0000] "PUT /api/users HTTP/1.1" 302 402326 "https://example.com/" "kube-probe/1.29"
172.16.4.22 - mary [20/Apr/2026:00:33:01 +0000] "PUT / HTTP/2.0" 500 377137 "https://example.com/" "Mozilla/5.0 (Macintosh; Intel Mac OS X 10_15_7)"
66.249.66.1 - - [20/Apr/2026:00:33:08 +0000] "DELETE /health HTTP/1.1" 400 719520
198.51.100.7 - mary [20/Apr/2026:00:33:15 +0000] "GET /health HTTP/2.0" 404 231697 "https://example.com/" "curl/8.5.0"
203.0.113.9 - john [20/Apr/2026:00:33:22 +0000] "DELETE /static/app.js HTTP/2.0" 502 576034 "https://app.internal.local/" "ELB-HealthChecker/2.0"
66.249.66.1 - john [20/Apr/2026:00:33:29 +0000] "POST /login HTTP/2.0" 403 738072 "https://google.com/" "Mozilla/5.0 (Macintosh; Intel Mac OS X 10_15_7)"
198.51.100.7 - - [20/Apr/2026:00:33:36 +0000] "GET /search?q=elastic HTTP/1.1" 404 562848
10.0.0.5 - john [20/Apr/2026:00:33:43 +0000] "PUT /search?q=elastic HTTP/2.0" 201 713461 "https://example.com/" "ELB-HealthChecker/2.0"
[Mon Apr 20 00:33:50.000000 2026] [pid 9008:tid 195359] [client 198.51.100.7:30219] [core:warn] AH01071: Got error 'Primary script unknown'
198.51.100.7 - svc_api [20/Apr/2026:00:33:57 +0000] "DELETE / HTTP/2.0" 500 846232 "https://google.com/" "Mozilla/5.0 (Macintosh; Intel Mac OS X 10_15_7)"
203.0.113.9 - mary [20/Apr/2026:00:34:04 +0000] "GET /api/users HTTP/1.1" 200 444398
172.16.4.22 - - [20/Apr/2026:00:34:11 +0000] "HEAD / HTTP/1.1" 401 33396 "https://google.com/" "kube-probe/1.29"
10.0.0.5 - john [20/Apr/2026:00:34:18 +0000] "DELETE /static/app.js HTTP/2.0" 401 911982 "https://app.internal.local/" "kube-probe/1.29"
192.168.1.10 - admin [20/Apr/2026:00:34:25 +0000] "POST /static/app.js HTTP/1.1" 204 1041195 "https://app.internal.local/" "ELB-HealthChecker/2.0"
10.0.0.5 - john [20/Apr/2026:00:34:32 +0000] "GET / HTTP/2.0" 401 706335
66.249.66.1 - admin [20/Apr/2026:00:34:39 +0000] "DELETE /search?q=elastic HTTP/2.0" 301 259655 "https://app.internal.local/" "Mozilla/5.0 (Windows NT 10.0; Win64; x64)"
10.0.0.5 - mary [20/Apr/2026:00:34:46 +0000] "POST /login HTTP/1.1" 500 439725 "-" "curl/8.5.0"
10.0.0.5 - - [20/Apr/2026:00:34:53 +0000] "GET / HTTP/2.0" 404 704787 "-" "curl/8.5.0"
[Mon Apr 20 00:35:00.000000 2026] [pid 1724:tid 521805] [client 203.0.113.9:16381] [proxy_http:error] AH01071: Got error 'Primary script unknown'
198.51.100.7 - mary [20/Apr/2026:00:35:07 +0000] "POST /static/app.js HTTP/2.0" 301 316542 "https://example.com/" "ELB-HealthChecker/2.0"
10.0.0.5 - svc_api [20/Apr/2026:00:35:14 +0000] "PUT /health HTTP/1.1" 403 994715 "https://example.com/" "kube-probe/1.29"
198.51.100.7 - svc_api [20/Apr/2026:00:35:21 +0000] "GET /static/app.js HTTP/2.0" 403 334337 "https://app.internal.local/" "kube-probe/1.29"
10.0.0.5 - mary [20/Apr/2026:00:35:28 +0000] "DELETE /api/orders HTTP/2.0" 301 890718
10.0.0.5 - mary [20/Apr/2026:00:35:35 +0000] "POST /admin HTTP/1.1" 403 432843 "https://app.internal.local/" "ELB-HealthChecker/2.0"
198.51.100.7 - john [20/Apr/2026:00:35:42 +0000] "DELETE /api/users HTTP/2.0" 301 346425 "-" "kube-probe/1.29"
172.16.4.22 - - [20/Apr/2026:00:35:49 +0000] "HEAD /api/users HTTP/1.1" 302 395609 "-" "Mozilla/5.0 (Macintosh; Intel Mac OS X 10_15_7)"
10.0.0.5 - admin [20/Apr/2026:00:35:56 +0000] "HEAD /api/users HTTP/2.0" 301 911829
172.16.4.22 - mary [20/Apr/2026:00:36:03 +0000] "GET /api/users HTTP/1.1" 502 123134 "https://app.internal.local/" "curl/8.5.0"
[Mon Apr 20 00:36:10.000000 2026] [pid 4350:tid 515898] [client 10.0.0.5:37205] [authz_core:warn] AH00126: Invalid URI in request
203.0.113.9 - admin [20/Apr/2026:00:36:17 +0000] "PUT /health HTTP/2.0" 304 - "https://app.internal.local/" "kube-probe/1.29"
192.168.1.10 - svc_api [20/Apr/2026:00:36:24 +0000] "PUT /api/users HTTP/2.0" 304 -
203.0.113.9 - - [20/Apr/2026:00:36:31 +0000] "HEAD /api/users HTTP/1.1" 200 273561 "https://app.internal.local/" "Mozilla/5.0 (Windows NT 10.0; Win64; x64)"
10.0.0.5 - john [20/Apr/2026:00:36:38 +0000] "PUT /api/users HTTP/2.0" 404 873964 "https://example.com/" "kube-probe/1.29"
198.51.100.7 - mary [20/Apr/2026:00:36:45 +0000] "PUT /admin HTTP/2.0" 401 176525 "https://google.com/" "curl/8.5.0"
10.0.0.5 - admin [20/Apr/2026:00:36:52 +0000] "DELETE /api/orders HTTP/1.1" 403 35586
192.168.1.10 - - [20/Apr/2026:00:36:59 +0000] "GET /checkout HTTP/1.1" 500 242795 "-" "curl/8.5.0"
192.168.1.10 - john [20/Apr/2026:00:37:06 +0000] "HEAD /admin HTTP/2.0" 200 647967 "https://app.internal.local/" "kube-probe/1.29"
192.168.1.10 - - [20/Apr/2026:00:37:13 +0000] "HEAD /search?q=elastic HTTP/2.0" 200 17658 "https://google.com/" "ELB-HealthChecker/2.0"
[Mon Apr 20 00:37:20.000000 2026] [pid 5697:tid 117975] [client 198.51.100.7:54315] [rewrite:error] File does not exist: /var/www/html/favicon.ico
192.168.1.10 - admin [20/Apr/2026:00:37:27 +0000] "POST /api/users HTTP/1.1" 404 552149 "https://google.com/" "Mozilla/5.0 (Windows NT 10.0; Win64; x64)"
172.16.4.22 - svc_api [20/Apr/2026:00:37:34 +0000] "GET /static/app.js HTTP/2.0" 401 592567 "https://example.com/" "curl/8.5.0"
172.16.4.22 - - [20/Apr/2026:00:37:41 +0000] "GET /login HTTP/2.0" 400 395610 "https://app.internal.local/" "Mozilla/5.0 (Macintosh; Intel Mac OS X 10_15_7)"
66.249.66.1 - - [20/Apr/2026:00:37:48 +0000] "POST /login HTTP/2.0" 400 676354
172.16.4.22 - admin [20/Apr/2026:00:37:55 +0000] "GET /search?q=elastic HTTP/1.1" 301 221806 "https://app.internal.local/" "Mozilla/5.0 (Windows NT 10.0; Win64; x64)"
192.168.1.10 - - [20/Apr/2026:00:38:02 +0000] "PUT /search?q=elastic HTTP/1.1" 204 974002 "https://google.com/" "Mozilla/5.0 (Macintosh; Intel Mac OS X 10_15_7)"
10.0.0.5 - admin [20/Apr/2026:00:38:09 +0000] "POST /checkout HTTP/1.1" 302 170461 "https://example.com/" "ELB-HealthChecker/2.0"
203.0.113.9 - admin [20/Apr/2026:00:38:16 +0000] "PUT /checkout HTTP/1.1" 502 759460
192.168.1.10 - admin [20/Apr/2026:00:38:23 +0000] "PUT / HTTP/1.1" 400 243540 "-" "Mozilla/5.0 (Windows NT 10.0; Win64; x64)"
[Mon Apr 20 00:38:30.000000 2026] [pid 7499:tid 911131] [client 172.16.4.22:2965] [authz_core:warn] AH00126: Invalid URI in request
10.0.0.5 - mary [20/Apr/2026:00:38:37 +0000] "HEAD /checkout HTTP/2.0" 204 712831 "https://app.internal.local/" "Mozilla/5.0 (Macintosh; Intel Mac OS X 10_15_7)"
198.51.100.7 - mary [20/Apr/2026:00:38:44 +0000] "POST /login HTTP/1.1" 302 161832
203.0.113.9 - john [20/Apr/2026:00:38:51 +0000] "DELETE /static/app.js HTTP/2.0" 201 96086 "-" "Mozilla/5.0 (Windows NT 10.0; Win64; x64)"
203.0.113.9 - mary [20/Apr/2026:00:38:58 +0000] "PUT /login HTTP/1.1" 201 196614 "https://app.internal.local/" "kube-probe/1.29"
198.51.100.7 - admin [20/Apr/2026:00:39:05 +0000] "HEAD /checkout HTTP/1.1" 200 94092 "https://google.com/" "ELB-HealthChecker/2.0"
192.168.1.10 - admin [20/Apr/2026:00:39:12 +0000] "HEAD /static/app.js HTTP/2.0" 200 306144
203.0.113.9 - svc_api [20/Apr/2026:00:39:19 +0000] "GET /search?q=elastic HTTP/1.1" 404 546537 "https://example.com/" "kube-probe/1.29"
10.0.0.5 - john [20/Apr/2026:00:39:26 +0000] "PUT /health HTTP/2.0" 401 153143 "-" "curl/8.5.0"
203.0.113.9 - mary [20/Apr/2026:00:39:33 +0000] "DELETE /health HTTP/2.0" 201 378786 "https://google.com/" "curl/8.5.0"
[Mon Apr 20 00:39:40.000000 2026] [pid 9123:tid 722651] [client 198.51.100.7:13839] [rewrite:error] AH01071: Got error 'Primary script unknown'
172.16.4.22 - - [20/Apr/2026:00:39:47 +0000] "DELETE /static/app.js HTTP/2.0" 304 - "https://app.internal.local/" "Mozilla/5.0 (Windows NT 10.0; Win64; x64)"
203.0.113.9 - admin [20/Apr/2026:00:39:54 +0000] "POST /health HTTP/2.0" 404 993413 "https://example.com/" "kube-probe/1.29"
172.16.4.22 - john [20/Apr/2026:00:40:01 +0000] "DELETE /static/app.js HTTP/2.0" 502 728836 "https://app.internal.local/" "ELB-HealthChecker/2.0"
10.0.0.5 - mary [20/Apr/2026:00:40:08 +0000] "DELETE /health HTTP/2.0" 304 -
192.168.1.10 - admin [20/Apr/2026:00:40:15 +0000] "POST /search?q=elastic HTTP/1.1" 500 805025 "-" "kube-probe/1.29"
66.249.66.1 - john [20/Apr/2026:00:40:22 +0000] "DELETE /health HTTP/1.1" 400 705788 "https://app.internal.local/" "curl/8.5.0"
66.249.66.1 - mary [20/Apr/2026:00:40:29 +0000] "POST /health HTTP/1.1" 502 443801 "https://app.internal.local/" "Mozilla/5.0 (Macintosh; Intel Mac OS X 10_15_7)"
203.0.113.9 - admin [20/Apr/2026:00:40:36 +0000] "DELETE /checkout HTTP/2.0" 403 38671
172.16.4.22 - admin [20/Apr/2026:00:40:43 +0000] "HEAD /login HTTP/1.1" 301 689665 "https://google.com/" "curl/8.5.0"
[Mon Apr 20 00:40:50.000000 2026] [pid 1725:tid 690579] [client 66.249.66.1:45422] [rewrite:warn] AH00126: Invalid URI in request
192.168.1.10 - - [20/Apr/2026:00:40:57 +0000] "GET /health HTTP/1.1" 403 783252 "https://example.com/" "kube-probe/1.29"
172.16.4.22 - svc_api [20/Apr/2026:00:41:04 +0000] "DELETE /search?q=elastic HTTP/1.1" 304 -
192.168.1.10 - svc_api [20/Apr/2026:00:41:11 +0000] "GET /health HTTP/2.0" 201 121827 "https://example.com/" "Mozilla/5.0 (Windows NT 10.0; Win64; x64)"
172.16.4.22 - mary [20/Apr/2026:00:41:18 +0000] "DELETE /api/users HTTP/2.0" 304 - "https://app.internal.local/" "Mozilla/5.0 (Macintosh; Intel Mac OS X 10_15_7)"
203.0.113.9 - svc_api [20/Apr/2026:00:41:25 +0000] "PUT /login HTTP/2.0" 200 849661 "-" "Mozilla/5.0 (Macintosh; Intel Mac OS X 10_15_7)"
172.16.4.22 - - [20/Apr/2026:00:41:32 +0000] "POST /api/users HTTP/1.1" 403 168034
172.16.4.22 - admin [20/Apr/2026:00:41:39 +0000] "DELETE /admin HTTP/1.1" 400 660471 "https://example.com/" "curl/8.5.0"
66.249.66.1 - svc_api [20/Apr/2026:00:41:46 +0000] "DELETE / HTTP/1.1" 401 621090 "https://app.internal.local/" "kube-probe/1.29"
192.168.1.10 - john [20/Apr/2026:00:41:53 +0000] "POST /health HTTP/1.1" 404 106814 "https://example.com/" "Mozilla/5.0 (Windows NT 10.0; Win64; x64)"
[Mon Apr 20 00:42:00.000000 2026] [pid 6340:tid 306647] [client 203.0.113.9:8492] [authz_core:notice] AH00126: Invalid URI in request
198.51.100.7 - mary [20/Apr/2026:00:42:07 +0000] "HEAD /checkout HTTP/2.0" 404 119901 "https://google.com/" "Mozilla/5.0 (Windows NT 10.0; Win64; x64)"
203.0.113.9 - admin [20/Apr/2026:00:42:14 +0000] "POST /health HTTP/1.1" 500 140574 "https://google.com/" "Mozilla/5.0 (Macintosh; Intel Mac OS X 10_15_7)"
10.0.0.5 - mary [20/Apr/2026:00:42:21 +0000] "GET /api/orders HTTP/2.0" 502 148345 "https://app.internal.local/" "kube-probe/1.29"
198.51.100.7 - john [20/Apr/2026:00:42:28 +0000] "HEAD /checkout HTTP/2.0" 204 510430
66.249.66.1 - admin [20/Apr/2026:00:42:35 +0000] "POST /search?q=elastic HTTP/1.1" 401 302985 "https://example.com/" "curl/8.5.0"
172.16.4.22 - svc_api [20/Apr/2026:00:42:42 +0000] "HEAD / HTTP/2.0" 200 508269 "https://example.com/" "curl/8.5.0"
203.0.113.9 - admin [20/Apr/2026:00:42:49 +0000] "HEAD /admin HTTP/2.0" 500 515731 "https://app.internal.local/" "kube-probe/1.29"
203.0.113.9 - john [20/Apr/2026:00:42:56 +0000] "GET / HTTP/1.1" 302 34403
172.16.4.22 - john [20/Apr/2026:00:43:03 +0000] "HEAD /health HTTP/1.1" 401 593247 "https://app.internal.local/" "ELB-HealthChecker/2.0"
[Mon Apr 20 00:43:10.000000 2026] [pid 9369:tid 218710] [client 198.51.100.7:8508] [authz_core:notice] AH01630: client denied by server configuration
198.51.100.7 - - [20/Apr/2026:00:43:17 +0000] "DELETE /search?q=elastic HTTP/1.1" 400 107511 "https://example.com/" "Mozilla/5.0 (Windows NT 10.0; Win64; x64)"
192.168.1.10 - svc_api [20/Apr/2026:00:43:24 +0000] "PUT /static/app.js HTTP/1.1" 401 907442
192.168.1.10 - john [20/Apr/2026:00:43:31 +0000] "POST /static/app.js HTTP/2.0" 204 646201 "https://example.com/" "curl/8.5.0"
10.0.0.5 - - [20/Apr/2026:00:43:38 +0000] "HEAD /static/app.js HTTP/2.0" 404 565059 "https://example.com/" "Mozilla/5.0 (Windows NT 10.0; Win64; x64)"
66.249.66.1 - mary [20/Apr/2026:00:43:45 +0000] "PUT /health HTTP/1.1" 204 1009659 "https://app.internal.local/" "Mozilla/5.0 (Macintosh; Intel Mac OS X 10_15_7)"
172.16.4.22 - john [20/Apr/2026:00:43:52 +0000] "POST /api/users HTTP/1.1" 502 337862
10.0.0.5 - svc_api [20/Apr/2026:00:43:59 +0000] "DELETE /api/orders HTTP/2.0" 500 434466 "https://app.internal.local/" "kube-probe/1.29"
192.168.1.10 - - [20/Apr/2026:00:44:06 +0000] "DELETE /search?q=elastic HTTP/2.0" 502 981939 "https://google.com/" "kube-probe/1.29"
203.0.113.9 - mary [20/Apr/2026:00:44:13 +0000] "HEAD / HTTP/1.1" 502 1019493 "https://app.internal.local/" "Mozilla/5.0 (Windows NT 10.0; Win64; x64)"
[Mon Apr 20 00:44:20.000000 2026] [pid 2037:tid 934328] [client 198.51.100.7:27088] [proxy_http:warn] AH01071: Got error 'Primary script unknown'
203.0.113.9 - mary [20/Apr/2026:00:44:27 +0000] "PUT /health HTTP/2.0" 403 606127 "https://example.com/" "ELB-HealthChecker/2.0"
203.0.113.9 - mary [20/Apr/2026:00:44:34 +0000] "GET / HTTP/1.1" 500 822087 "https://app.internal.local/" "Mozilla/5.0 (Macintosh; Intel Mac OS X 10_15_7)"
192.168.1.10 - john [20/Apr/2026:00:44:41 +0000] "DELETE /admin HTTP/1.1" 400 212266 "https://example.com/" "Mozilla/5.0 (Windows NT 10.0; Win64; x64)"
10.0.0.5 - mary [20/Apr/2026:00:44:48 +0000] "GET /static/app.js HTTP/2.0" 201 390026
66.249.66.1 - john [20/Apr/2026:00:44:55 +0000] "GET /checkout HTTP/2.0" 502 733537 "https://example.com/" "kube-probe/1.29"
66.249.66.1 - - [20/Apr/2026:00:45:02 +0000] "GET / HTTP/1.1" 401 81844 "https://example.com/" "ELB-HealthChecker/2.0"
10.0.0.5 - admin [20/Apr/2026:00:45:09 +0000] "DELETE / HTTP/1.1" 502 360383 "-" "kube-probe/1.29"
66.249.66.1 - john [20/Apr/2026:00:45:16 +0000] "DELETE /login HTTP/1.1" 400 93790
66.249.66.1 - - [20/Apr/2026:00:45:23 +0000] "GET /static/app.js HTTP/2.0" 302 143910 "https://app.internal.local/" "curl/8.5.0"
[Mon Apr 20 00:45:30.000000 2026] [pid 3340:tid 171734] [client 198.51.100.7:37939] [core:notice] AH01071: Got error 'Primary script unknown'
203.0.113.9 - mary [20/Apr/2026:00:45:37 +0000] "POST /api/orders HTTP/2.0" 404 720036 "https://app.internal.local/" "curl/8.5.0"
192.168.1.10 - - [20/Apr/2026:00:45:44 +0000] "POST /login HTTP/2.0" 304 -
203.0.113.9 - mary [20/Apr/2026:00:45:51 +0000] "POST /api/users HTTP/2.0" 500 88461 "https://example.com/" "ELB-HealthChecker/2.0"
198.51.100.7 - admin [20/Apr/2026:00:45:58 +0000] "HEAD /health HTTP/1.1" 500 918491 "https://google.com/" "curl/8.5.0"
198.51.100.7 - admin [20/Apr/2026:00:46:05 +0000] "HEAD /api/users HTTP/2.0" 302 677678 "-" "curl/8.5.0"
203.0.113.9 - svc_api [20/Apr/2026:00:46:12 +0000] "GET /api/users HTTP/2.0" 500 622900
192.168.1.10 - admin [20/Apr/2026:00:46:19 +0000] "GET /static/app.js HTTP/2.0" 204 405749 "https://app.internal.local/" "Mozilla/5.0 (Windows NT 10.0; Win64; x64)"
